D/Environment( 6194):     mAllowMassStorage=true mMaxFileSize=0 mOwner=null mUuid=null 
D/Environment( 6194):     mUserLabel=null mState=removed 
D/Environment( 6194): getStorageVolume,  volume:StorageVolume:
D/Environment( 6194):     mStorageId=65537 mPath=/storage/emulated/0 mDescriptionId=17040810 
D/Environment( 6194):     mPrimary=true mRemovable=false mEmulated=true mMtpReserveSpace=10 
D/Environment( 6194):     mAllowMassStorage=false mMaxFileSize=0 mOwner=UserHandle{0} mUuid=null 
D/Environment( 6194):     mUserLabel=null mState=mounted 
D/Environment( 6194): getStorageVolume,  volume:StorageVolume:
D/Environment( 6194):     mStorageId=131073 mPath=/storage/sdcard1 mDescriptionId=17040808 
D/Environment( 6194):     mPrimary=false mRemovable=true mEmulated=false mMtpReserveSpace=0 
D/Environment( 6194):     mAllowMassStorage=true mMaxFileSize=0 mOwner=null mUuid=null 
D/Environment( 6194):     mUserLabel=null mState=removed 
D/Environment( 6194): getStorageVolume,  volume:StorageVolume:
D/Environment( 6194):     mStorageId=65537 mPath=/storage/emulated/0 mDescriptionId=17040810 
D/Environment( 6194):     mPrimary=true mRemovable=false mEmulated=true mMtpReserveSpace=10 
D/Environment( 6194):     mAllowMassStorage=false mMaxFileSize=0 mOwner=UserHandle{0} mUuid=null 
D/Environment( 6194):     mUserLabel=null mState=mounted 
D/Environment( 6194): getStorageVolume,  volume:StorageVolume:
D/Environment( 6194):     mStorageId=131073 mPath=/storage/sdcard1 mDescriptionId=17040808 
D/Environment( 6194):     mPrimary=false mRemovable=true mEmulated=false mMtpReserveSpace=0 
D/Environment( 6194):     mAllowMassStorage=true mMaxFileSize=0 mOwner=null mUuid=null 
D/Environment( 6194):     mUserLabel=null mState=removed 
V/SettingsInterface( 1425):  from settings cache , name = multi_sim_voice_call , value = null
I/DownloadManager( 1001): Initiating request for download 56
D/Proxy   ( 1001): prefProxy:DIRECT@
I/System.out( 1001): httpget:https://www.gstatic.com/gsa_dynamic_updates/JpYFUnbdMCBoiPFkzTOWLZw.br.jar
W/ContextImpl( 6194): Failed to ensure directory: /storage/sdcard1/Android/data/es.esy.CosyDVR/files
D/Environment( 6194): getStorageVolume,  volume:StorageVolume:
D/Environment( 6194):     mStorageId=65537 mPath=/storage/emulated/0 mDescriptionId=17040810 
D/Environment( 6194):     mPrimary=true mRemovable=false mEmulated=true mMtpReserveSpace=10 
D/Environment( 6194):     mAllowMassStorage=false mMaxFileSize=0 mOwner=UserHandle{0} mUuid=null 
D/Environment( 6194):     mUserLabel=null mState=mounted 
D/Environment( 6194): getStorageVolume,  volume:StorageVolume:
D/Environment( 6194):     mStorageId=131073 mPath=/storage/sdcard1 mDescriptionId=17040808 
D/Environment( 6194):     mPrimary=false mRemovable=true mEmulated=false mMtpReserveSpace=0 
D/Environment( 6194):     mAllowMassStorage=true mMaxFileSize=0 mOwner=null mUuid=null 
D/Environment( 6194):     mUserLabel=null mState=removed 
D/Surface (  236): Surface::setBuffersDimensions(this=0x7f9bdf5e00,w=720,h=1280)
D/Environment( 6194): getStorageVolume,  volume:StorageVolume:
D/Environment( 6194):     mStorageId=65537 mPath=/storage/emulated/0 mDescriptionId=17040810 
D/Environment( 6194):     mPrimary=true mRemovable=false mEmulated=true mMtpReserveSpace=10 
D/Environment( 6194):     mAllowMassStorage=false mMaxFileSize=0 mOwner=UserHandle{0} mUuid=null 
D/Environment( 6194):     mUserLabel=null mState=mounted 
D/Environment( 6194): getStorageVolume,  volume:StorageVolume:
D/Environment( 6194):     mStorageId=131073 mPath=/storage/sdcard1 mDescriptionId=17040808 
D/Environment( 6194):     mPrimary=false mRemovable=true mEmulated=false mMtpReserveSpace=0 
D/Environment( 6194):     mAllowMassStorage=true mMaxFileSize=0 mOwner=null mUuid=null 
D/Environment( 6194):     mUserLabel=null mState=removed 
D/FeatureProxyBase(  768): FeatureProxyBase class constructor
D/MultiWindow(  768): MultiWindowProxy constructor.
D/FeatureProxyBase(  768): getService(), serviceName = multiwindow_service_v1
D/Environment( 6194): getStorageVolume,  volume:StorageVolume:
D/Environment( 6194):     mStorageId=65537 mPath=/storage/emulated/0 mDescriptionId=17040810 
D/Environment( 6194):     mPrimary=true mRemovable=false mEmulated=true mMtpReserveSpace=10 
D/Environment( 6194):     mAllowMassStorage=false mMaxFileSize=0 mOwner=UserHandle{0} mUuid=null 
D/Environment( 6194):     mUserLabel=null mState=mounted 
D/Environment( 6194): getStorageVolume,  volume:StorageVolume:
D/Environment( 6194):     mStorageId=131073 mPath=/storage/sdcard1 mDescriptionId=17040808 
D/Environment( 6194):     mPrimary=false mRemovable=true mEmulated=false mMtpReserveSpace=0 
D/Environment( 6194):     mAllowMassStorage=true mMaxFileSize=0 mOwner=null mUuid=null 
D/Environment( 6194):     mUserLabel=null mState=removed 
D/Environment( 6194): getStorageVolume,  volume:StorageVolume:
D/Environment( 6194):     mStorageId=65537 mPath=/storage/emulated/0 mDescriptionId=17040810 
D/Environment( 6194):     mPrimary=true mRemovable=false mEmulated=true mMtpReserveSpace=10 
D/Environment( 6194):     mAllowMassStorage=false mMaxFileSize=0 mOwner=UserHandle{0} mUuid=null 
D/Environment( 6194):     mUserLabel=null mState=mounted 
D/Environment( 6194): getStorageVolume,  volume:StorageVolume:
D/Environment( 6194):     mStorageId=131073 mPath=/storage/sdcard1 mDescriptionId=17040808 
D/Environment( 6194):     mPrimary=false mRemovable=true mEmulated=false mMtpReserveSpace=0 
D/Environment( 6194):     mAllowMassStorage=true mMaxFileSize=0 mOwner=null mUuid=null 
D/Environment( 6194):     mUserLabel=null mState=removed 
D/Environment( 6194): getStorageVolume,  volume:StorageVolume:
D/Environment( 6194):     mStorageId=65537 mPath=/storage/emulated/0 mDescriptionId=17040810 
D/Environment( 6194):     mPrimary=true mRemovable=false mEmulated=true mMtpReserveSpace=10 
D/Environment( 6194):     mAllowMassStorage=false mMaxFileSize=0 mOwner=UserHandle{0} mUuid=null 
D/Environment( 6194):     mUserLabel=null mState=mounted 
D/Environment( 6194): getStorageVolume,  volume:StorageVolume:
D/Environment( 6194):     mStorageId=131073 mPath=/storage/sdcard1 mDescriptionId=17040808 
D/Environment( 6194):     mPrimary=false mRemovable=true mEmulated=false mMtpReserveSpace=0 
D/Environment( 6194):     mAllowMassStorage=true mMaxFileSize=0 mOwner=null mUuid=null 
D/Environment( 6194):     mUserLabel=null mState=removed 
V/SettingsInterface( 1425):  from settings cache , name = multi_sim_voice_call , value = null
W/ContextImpl( 6194): Failed to ensure directory: /storage/sdcard1/Android/data/es.esy.CosyDVR/files
D/Environment( 6194): getStorageVolume,  volume:StorageVolume:
D/Environment( 6194):     mStorageId=65537 mPath=/storage/emulated/0 mDescriptionId=17040810 
D/Environment( 6194):     mPrimary=true mRemovable=false mEmulated=true mMtpReserveSpace=10 
D/Environment( 6194):     mAllowMassStorage=false mMaxFileSize=0 mOwner=UserHandle{0} mUuid=null 
D/Environment( 6194):     mUserLabel=null mState=mounted 
D/Environment( 6194): getStorageVolume,  volume:StorageVolume:
D/Environment( 6194):     mStorageId=131073 mPath=/storage/sdcard1 mDescriptionId=17040808 
D/Environment( 6194):     mPrimary=false mRemovable=true mEmulated=false mMtpReserveSpace=0 
D/Environment( 6194):     mAllowMassStorage=true mMaxFileSize=0 mOwner=null mUuid=null 
D/Environment( 6194):     mUserLabel=null mState=removed 
D/Environment( 6194): getStorageVolume,  volume:StorageVolume:
D/Environment( 6194):     mStorageId=65537 mPath=/storage/emulated/0 mDescriptionId=17040810 
D/Environment( 6194):     mPrimary=true mRemovable=false mEmulated=true mMtpReserveSpace=10 
D/Environment( 6194):     mAllowMassStorage=false mMaxFileSize=0 mOwner=UserHandle{0} mUuid=null 
D/Environment( 6194):     mUserLabel=null mState=mounted 
D/Environment( 6194): getStorageVolume,  volume:StorageVolume:
D/Environment( 6194):     mStorageId=131073 mPath=/storage/sdcard1 mDescriptionId=17040808 
D/Environment( 6194):     mPrimary=false mRemovable=true mEmulated=false mMtpReserveSpace=0 
D/Environment( 6194):     mAllowMassStorage=true mMaxFileSize=0 mOwner=null mUuid=null 
D/Environment( 6194):     mUserLabel=null mState=removed 
V/SettingsInterface( 1425):  from settings cache , name = multi_sim_voice_call , value = null
V/SettingsInterface( 1425):  from settings cache , name = multi_sim_voice_call , value = null
D/Environment( 6194): getStorageVolume,  volume:StorageVolume:
D/Environment( 6194):     mStorageId=65537 mPath=/storage/emulated/0 mDescriptionId=17040810 
D/Environment( 6194):     mPrimary=true mRemovable=false mEmulated=true mMtpReserveSpace=10 
D/Environment( 6194):     mAllowMassStorage=false mMaxFileSize=0 mOwner=UserHandle{0} mUuid=null 
D/Environment( 6194):     mUserLabel=null mState=mounted 
D/Environment( 6194): getStorageVolume,  volume:StorageVolume:
D/Environment( 6194):     mStorageId=131073 mPath=/storage/sdcard1 mDescriptionId=17040808 
D/Environment( 6194):     mPrimary=false mRemovable=true mEmulated=false mMtpReserveSpace=0 
D/Environment( 6194):     mAllowMassStorage=true mMaxFileSize=0 mOwner=null mUuid=null 
D/Environment( 6194):     mUserLabel=null mState=removed 
V/SettingsInterface( 1425):  from settings cache , name = multi_sim_data_call , value = 2
D/Environment( 6194): getStorageVolume,  volume:StorageVolume:
D/Environment( 6194):     mStorageId=65537 mPath=/storage/emulated/0 mDescriptionId=17040810 
D/Environment( 6194):     mPrimary=true mRemovable=false mEmulated=true mMtpReserveSpace=10 
D/Environment( 6194):     mAllowMassStorage=false mMaxFileSize=0 mOwner=UserHandle{0} mUuid=null 
D/Environment( 6194):     mUserLabel=null mState=mounted 
D/Environment( 6194): getStorageVolume,  volume:StorageVolume:
D/Environment( 6194):     mStorageId=131073 mPath=/storage/sdcard1 mDescriptionId=17040808 
D/Environment( 6194):     mPrimary=false mRemovable=true mEmulated=false mMtpReserveSpace=0 
D/Environment( 6194):     mAllowMassStorage=true mMaxFileSize=0 mOwner=null mUuid=null 
D/Environment( 6194):     mUserLabel=null mState=removed 
W/DownloadManager( 1001): Aborting request for download 56: download was requested to not use the current network type
D/Environment( 6194): getStorageVolume,  volume:StorageVolume:
D/Environment( 6194):     mStorageId=65537 mPath=/storage/emulated/0 mDescriptionId=17040810 
D/Environment( 6194):     mPrimary=true mRemovable=false mEmulated=true mMtpReserveSpace=10 
D/Environment( 6194):     mAllowMassStorage=false mMaxFileSize=0 mOwner=UserHandle{0} mUuid=null 
D/Environment( 6194):     mUserLabel=null mState=mounted 
D/Environment( 6194): getStorageVolume,  volume:StorageVolume:
D/Environment( 6194):     mStorageId=131073 mPath=/storage/sdcard1 mDescriptionId=17040808 
D/Environment( 6194):     mPrimary=false mRemovable=true mEmulated=false mMtpReserveSpace=0 
D/Environment( 6194):     mAllowMassStorage=true mMaxFileSize=0 mOwner=null mUuid=null 
D/Environment( 6194):     mUserLabel=null mState=removed 
D/Surface (  236): Surface::setBuffersDimensions(this=0x7f9bdf5e00,w=720,h=1280)
D/FeatureProxyBase(  768): FeatureProxyBase class constructor
D/MultiWindow(  768): MultiWindowProxy constructor.
D/FeatureProxyBase(  768): getService(), serviceName = multiwindow_service_v1
W/ContextImpl( 6194): Failed to ensure directory: /storage/sdcard1/Android/data/es.esy.CosyDVR/files
D/Environment( 6194): getStorageVolume,  volume:StorageVolume:
D/Environment( 6194):     mStorageId=65537 mPath=/storage/emulated/0 mDescriptionId=17040810 
D/Environment( 6194):     mPrimary=true mRemovable=false mEmulated=true mMtpReserveSpace=10 
D/Environment( 6194):     mAllowMassStorage=false mMaxFileSize=0 mOwner=UserHandle{0} mUuid=null 
D/Environment( 6194):     mUserLabel=null mState=mounted 
D/Environment( 6194): getStorageVolume,  volume:StorageVolume:
D/Environment( 6194):     mStorageId=131073 mPath=/storage/sdcard1 mDescriptionId=17040808 
D/Environment( 6194):     mPrimary=false mRemovable=true mEmulated=false mMtpReserveSpace=0 
D/Environment( 6194):     mAllowMassStorage=true mMaxFileSize=0 mOwner=null mUuid=null 
D/Environment( 6194):     mUserLabel=null mState=removed 
D/Environment( 6194): getStorageVolume,  volume:StorageVolume:
D/Environment( 6194):     mStorageId=65537 mPath=/storage/emulated/0 mDescriptionId=17040810 
D/Environment( 6194):     mPrimary=true mRemovable=false mEmulated=true mMtpReserveSpace=10 
D/Environment( 6194):     mAllowMassStorage=false mMaxFileSize=0 mOwner=UserHandle{0} mUuid=null 
D/Environment( 6194):     mUserLabel=null mState=mounted 
D/Environment( 6194): getStorageVolume,  volume:StorageVolume:
D/Environment( 6194):     mStorageId=131073 mPath=/storage/sdcard1 mDescriptionId=17040808 
D/Environment( 6194):     mPrimary=false mRemovable=true mEmulated=false mMtpReserveSpace=0 
D/Environment( 6194):     mAllowMassStorage=true mMaxFileSize=0 mOwner=null mUuid=null 
D/Environment( 6194):     mUserLabel=null mState=removed 
D/Environment( 6194): getStorageVolume,  volume:StorageVolume:
D/Environment( 6194):     mStorageId=65537 mPath=/storage/emulated/0 mDescriptionId=17040810 
D/Environment( 6194):     mPrimary=true mRemovable=false mEmulated=true mMtpReserveSpace=10 
D/Environment( 6194):     mAllowMassStorage=false mMaxFileSize=0 mOwner=UserHandle{0} mUuid=null 
D/Environment( 6194):     mUserLabel=null mState=mounted 
D/Environment( 6194): getStorageVolume,  volume:StorageVolume:
D/Environment( 6194):     mStorageId=131073 mPath=/storage/sdcard1 mDescriptionId=17040808 
D/Environment( 6194):     mPrimary=false mRemovable=true mEmulated=false mMtpReserveSpace=0 
D/Environment( 6194):     mAllowMassStorage=true mMaxFileSize=0 mOwner=null mUuid=null 
D/Environment( 6194):     mUserLabel=null mState=removed 
D/Environment( 6194): getStorageVolume,  volume:StorageVolume:
D/Environment( 6194):     mStorageId=65537 mPath=/storage/emulated/0 mDescriptionId=17040810 
D/Environment( 6194):     mPrimary=true mRemovable=false mEmulated=true mMtpReserveSpace=10 
D/Environment( 6194):     mAllowMassStorage=false mMaxFileSize=0 mOwner=UserHandle{0} mUuid=null 
D/Environment( 6194):     mUserLabel=null mState=mounted 
D/Environment( 6194): getStorageVolume,  volume:StorageVolume:
D/Environment( 6194):     mStorageId=131073 mPath=/storage/sdcard1 mDescriptionId=17040808 
D/Environment( 6194):     mPrimary=false mRemovable=true mEmulated=false mMtpReserveSpace=0 
D/Environment( 6194):     mAllowMassStorage=true mMaxFileSize=0 mOwner=null mUuid=null 
D/Environment( 6194):     mUserLabel=null mState=removed 
V/SettingsInterface( 1425):  from settings cache , name = multi_sim_voice_call , value = null
D/Environment( 6194): getStorageVolume,  volume:StorageVolume:
D/Environment( 6194):     mStorageId=65537 mPath=/storage/emulated/0 mDescriptionId=17040810 
D/Environment( 6194):     mPrimary=true mRemovable=false mEmulated=true mMtpReserveSpace=10 
D/Environment( 6194):     mAllowMassStorage=false mMaxFileSize=0 mOwner=UserHandle{0} mUuid=null 
D/Environment( 6194):     mUserLabel=null mState=mounted 
D/Environment( 6194): getStorageVolume,  volume:StorageVolume:
D/Environment( 6194):     mStorageId=131073 mPath=/storage/sdcard1 mDescriptionId=17040808 
D/Environment( 6194):     mPrimary=false mRemovable=true mEmulated=false mMtpReserveSpace=0 
D/Environment( 6194):     mAllowMassStorage=true mMaxFileSize=0 mOwner=null mUuid=null 
D/Environment( 6194):     mUserLabel=null mState=removed 
V/SettingsInterface( 1425):  from settings cache , name = multi_sim_voice_call , value = null
W/ContextImpl( 6194): Failed to ensure directory: /storage/sdcard1/Android/data/es.esy.CosyDVR/files
D/Surface (  236): Surface::setBuffersDimensions(this=0x7f9bdf5e00,w=720,h=1280)
D/Environment( 6194): getStorageVolume,  volume:StorageVolume:
D/Environment( 6194):     mStorageId=65537 mPath=/storage/emulated/0 mDescriptionId=17040810 
D/Environment( 6194):     mPrimary=true mRemovable=false mEmulated=true mMtpReserveSpace=10 
D/Environment( 6194):     mAllowMassStorage=false mMaxFileSize=0 mOwner=UserHandle{0} mUuid=null 
D/Environment( 6194):     mUserLabel=null mState=mounted 
D/Environment( 6194): getStorageVolume,  volume:StorageVolume:
D/Environment( 6194):     mStorageId=131073 mPath=/storage/sdcard1 mDescriptionId=17040808 
D/Environment( 6194):     mPrimary=false mRemovable=true mEmulated=false mMtpReserveSpace=0 
D/Environment( 6194):     mAllowMassStorage=true mMaxFileSize=0 mOwner=null mUuid=null 
D/Environment( 6194):     mUserLabel=null mState=removed 
D/FeatureProxyBase(  768): FeatureProxyBase class constructor
D/MultiWindow(  768): MultiWindowProxy constructor.
D/FeatureProxyBase(  768): getService(), serviceName = multiwindow_service_v1
D/Environment( 6194): getStorageVolume,  volume:StorageVolume:
D/Environment( 6194):     mStorageId=65537 mPath=/storage/emulated/0 mDescriptionId=17040810 
D/Environment( 6194):     mPrimary=true mRemovable=false mEmulated=true mMtpReserveSpace=10 
D/Environment( 6194):     mAllowMassStorage=false mMaxFileSize=0 mOwner=UserHandle{0} mUuid=null 
D/Environment( 6194):     mUserLabel=null mState=mounted 
D/Environment( 6194): getStorageVolume,  volume:StorageVolume:
D/Environment( 6194):     mStorageId=131073 mPath=/storage/sdcard1 mDescriptionId=17040808 
D/Environment( 6194):     mPrimary=false mRemovable=true mEmulated=false mMtpReserveSpace=0 
D/Environment( 6194):     mAllowMassStorage=true mMaxFileSize=0 mOwner=null mUuid=null 
D/Environment( 6194):     mUserLabel=null mState=removed 
D/PreferenceFragment( 6194): onCreateView, this = MyPreferenceFragment{37e40020 #0 id=0x1020002}
D/AbsListView( 6194): checkAbsListViewlLogProperty get invalid command
V/SettingsInterface( 1425):  from settings cache , name = multi_sim_voice_call , value = null
V/SettingsInterface( 1425):  from settings cache , name = multi_sim_voice_call , value = null
D/Surface (  236): Surface::setBuffersDimensions(this=0x7f9bdf5e00,w=720,h=1280)
D/PreferenceFragment( 6194): onActivityCreated, mHavePrefs = true, this = MyPreferenceFragment{37e40020 #0 id=0x1020002}
D/PreferenceFragment( 6194): bindPreferences, this = MyPreferenceFragment{37e40020 #0 id=0x1020002}
D/FeatureProxyBase(  768): FeatureProxyBase class constructor
D/MultiWindow(  768): MultiWindowProxy constructor.
D/FeatureProxyBase(  768): getService(), serviceName = multiwindow_service_v1
D/PreferenceFragment( 6194): onStart, this = MyPreferenceFragment{37e40020 #0 id=0x1020002}
V/SettingsInterface( 6194): get setting for user -3 by user 0 so skipping cache
V/SettingsInterface( 1425):  from settings cache , name = multi_sim_voice_call , value = null
I/SettingsInterface( 6194): call-query of user -3 by 0 so not updating cache
V/PhoneWindow( 6194): DecorView setVisiblity: visibility = 4 ,Parent =null, this =com.android.internal.policy.impl.PhoneWindow$DecorView{1ff44f83 I.E..... R.....ID 0,0-0,0}
D/ViewRootImpl( 6194): hardware acceleration is enabled, this = ViewRoot{239739d6 es.esy.CosyDVR/es.esy.CosyDVR.CosyDVRPreferenceActivity,ident = 6}
D/FeatureProxyBase( 6194): FeatureProxyBase class constructor
D/MultiWindow( 6194): MultiWindowProxy constructor.
D/FeatureProxyBase( 6194): getService(), serviceName = multiwindow_service_v1
V/SettingsInterface( 6194):  from settings cache , name = mz_status_bar_tint , value = 0
V/PhoneWindow( 6194): DecorView setVisiblity: visibility = 0 ,Parent =ViewRoot{239739d6 es.esy.CosyDVR/es.esy.CosyDVR.CosyDVRPreferenceActivity,ident = 6}, this =com.android.internal.policy.impl.PhoneWindow$DecorView{1ff44f83 V.E..... R.....ID 0,0-0,0}
D/Surface (  236): Surface::setBuffersDimensions(this=0x7f9bdf5e00,w=720,h=1280)
D/FeatureProxyBase(  768): FeatureProxyBase class constructor
D/MultiWindow(  768): MultiWindowProxy constructor.
D/FeatureProxyBase(  768): getService(), serviceName = multiwindow_service_v1
D/FeatureProxyBase(  768): FeatureProxyBase class constructor
D/MultiWindow(  768): MultiWindowProxy constructor.
D/FeatureProxyBase(  768): getService(), serviceName = multiwindow_service_v1
D/FeatureProxyBase(  768): FeatureProxyBase class constructor
D/MultiWindow(  768): MultiWindowProxy constructor.
D/FeatureProxyBase(  768): getService(), serviceName = multiwindow_service_v1
V/SettingsInterface( 1425):  from settings cache , name = multi_sim_voice_call , value = null
D/FeatureProxyBase(  768): FeatureProxyBase class constructor
I/DownloadManager( 1001): Initiating request for download 57
D/Proxy   ( 1001): prefProxy:DIRECT@
D/MultiWindow(  768): MultiWindowProxy constructor.
D/FeatureProxyBase(  768): getService(), serviceName = multiwindow_service_v1
I/System.out( 1001): httpget:https://www.gstatic.com/gsa_dynamic_updates/JpTtRmeGLRVaeRBzGJh7uaw.br.jar
D/FeatureProxyBase(  768): FeatureProxyBase class constructor
D/MultiWindow(  768): MultiWindowProxy constructor.
D/FeatureProxyBase(  768): getService(), serviceName = multiwindow_service_v1
I/DownloadManager( 1001): Initiating request for download 47
I/SurfaceView( 6194): updateWindow -- setFrame, this = android.view.SurfaceView{31a062f6 V.E..... ......I. 0,0-1,1}
D/Proxy   ( 1001): prefProxy:DIRECT@
I/SurfaceView( 6194): updateWindow -- OnPreDrawListener, mHaveFrame = true, this = android.view.SurfaceView{31a062f6 V.E..... ......I. 0,0-1,1}
I/System.out( 1001): httpget:https://www.gstatic.com/gsa_dynamic_updates/JRONqTmA0U0CIZKSPSjNlyw.br.jar
D/OpenGLRenderer( 6194): Flushing caches (mode 0)
V/SettingsInterface( 1425):  from settings cache , name = multi_sim_voice_call , value = null
D/Surface ( 6194): Surface::disconnect(this=0x7f80a55a00,api=1)
D/GraphicBuffer( 6194): unregister, handle(0x7f7aae8240) (w:720 h:1280 s:720 f:0x1 u:0x000b00)
D/GraphicBuffer( 6194): unregister, handle(0x7f749078e0) (w:720 h:1280 s:720 f:0x1 u:0x000b00)
I/BufferQueueProducer(  236): [es.esy.CosyDVR/es.esy.CosyDVR.CosyDVR](this:0x7f9bf52000,id:422,api:1,p:-1,c:236) disconnect(P): api 1
D/GraphicBuffer(  236): free, handle(0x7f96d8fd80) (w:1280 h:720 s:1280 f:0x1 u:0x000b00)
D/GraphicBuffer(  236): free, handle(0x7f96d8e2a0) (w:1280 h:720 s:1280 f:0x1 u:0x000b00)
I/BufferQueueConsumer(  236): [es.esy.CosyDVR/es.esy.CosyDVR.CosyDVR](this:0x7f9bf52000,id:422,api:1,p:-1,c:236) getReleasedBuffers: returning mask 0xffffffffffffffff
D/GraphicBuffer(  236): free, handle(0x7f96dc80c0) (w:720 h:1280 s:720 f:0x1 u:0x000b00)
D/OpenGLRenderer( 6194): Flushing caches (mode 0)
D/FeatureProxyBase(  768): FeatureProxyBase class constructor
D/MultiWindow(  768): MultiWindowProxy constructor.
D/FeatureProxyBase(  768): getService(), serviceName = multiwindow_service_v1
D/Surface (  236): Surface::setBuffersDimensions(this=0x7f9bdf5e00,w=720,h=1280)
V/SettingsInterface( 1425):  from settings cache , name = multi_sim_voice_call , value = null
V/SettingsInterface( 1425):  from settings cache , name = multi_sim_voice_call , value = null
D/FeatureProxyBase(  768): FeatureProxyBase class constructor
D/MultiWindow(  768): MultiWindowProxy constructor.
D/FeatureProxyBase(  768): getService(), serviceName = multiwindow_service_v1
V/SettingsInterface( 1425):  from settings cache , name = multi_sim_data_call , value = 2
W/DownloadManager( 1001): Aborting request for download 57: download was requested to not use the current network type
V/SettingsInterface( 1425):  from settings cache , name = multi_sim_voice_call , value = null
V/SettingsInterface( 1425):  from settings cache , name = multi_sim_voice_call , value = null
V/SettingsInterface( 1425):  from settings cache , name = multi_sim_data_call , value = 2
W/DownloadManager( 1001): Aborting request for download 47: download was requested to not use the current network type
D/Surface (  236): Surface::setBuffersDimensions(this=0x7f9bdf5e00,w=720,h=1280)
V/SettingsInterface( 1425):  from settings cache , name = multi_sim_voice_call , value = null
D/FeatureProxyBase(  768): FeatureProxyBase class constructor
D/MultiWindow(  768): MultiWindowProxy constructor.
D/FeatureProxyBase(  768): getService(), serviceName = multiwindow_service_v1
V/SettingsInterface( 1425):  from settings cache , name = multi_sim_voice_call , value = null
V/SettingsInterface( 1425):  from settings cache , name = multi_sim_voice_call , value = null
D/Surface (  236): Surface::setBuffersDimensions(this=0x7f9bdf5e00,w=720,h=1280)
D/MzSplitActionBarContainer( 6194): onMeasure:mBackButton=null; mMenuView=null; mEnableBackButton=false
D/MzSplitActionBarContainer( 6194): onMeasure:backButtonWidth=0; menuWidth=0
D/FeatureProxyBase(  768): FeatureProxyBase class constructor
D/MultiWindow(  768): MultiWindowProxy constructor.
D/FeatureProxyBase(  768): getService(), serviceName = multiwindow_service_v1
V/SettingsInterface( 1425):  from settings cache , name = multi_sim_voice_call , value = null
I/BufferQueue(  236): [unnamed-236-429](this:0x7f96c47000,id:429,api:0,p:-1,c:-1) BufferQueue core=(236:/system/bin/surfaceflinger)
I/BufferQueueConsumer(  236): [unnamed-236-429](this:0x7f96c47000,id:429,api:0,p:-1,c:236) connect(C): consumer=(236:/system/bin/surfaceflinger) controlledByApp=false
I/BufferQueueConsumer(  236): [unnamed-236-429](this:0x7f96c47000,id:429,api:0,p:-1,c:236) setConsumerName: unnamed-236-429
I/BufferQueueConsumer(  236): [es.esy.CosyDVR/es.esy.CosyDVR.CosyDVRPreferenceActivity](this:0x7f96c47000,id:429,api:0,p:-1,c:236) setConsumerName: es.esy.CosyDVR/es.esy.CosyDVR.CosyDVRPreferenceActivity
I/BufferQueueConsumer(  236): [es.esy.CosyDVR/es.esy.CosyDVR.CosyDVRPreferenceActivity](this:0x7f96c47000,id:429,api:0,p:-1,c:236) setDefaultBufferSize: width=1280 height=720
D/FeatureProxyBase(  768): FeatureProxyBase class constructor
D/MultiWindow(  768): MultiWindowProxy constructor.
D/FeatureProxyBase(  768): getService(), serviceName = multiwindow_service_v1
D/FeatureProxyBase(  768): FeatureProxyBase class constructor
D/MultiWindow(  768): MultiWindowProxy constructor.
D/FeatureProxyBase(  768): getService(), serviceName = multiwindow_service_v1
V/SettingsInterface( 1425):  from settings cache , name = multi_sim_voice_call , value = null
D/OpenGLRenderer( 6194): CanvasContext() 0x7f7a826b80 initialize 0x7f80a55a10
D/Surface ( 6194): Surface::connect(this=0x7f80a55a00,api=1)
I/BufferQueueProducer(  236): [es.esy.CosyDVR/es.esy.CosyDVR.CosyDVRPreferenceActivity](this:0x7f96c47000,id:429,api:1,p:6194,c:236) connect(P): api=1 producer=(6194:es.esy.CosyDVR) producerControlledByApp=true
D/mali_winsys( 6194): new_window_surface returns 0x3000
D/Surface ( 6194): Surface::allocateBuffers(this=0x7f80a55a00)
D/BufferQueueProducer(  236): [es.esy.CosyDVR/es.esy.CosyDVR.CosyDVRPreferenceActivity](this:0x7f96c47000,id:429,api:1,p:6194,c:236) allocateBuffers: allocating from 0 buffers up to 4 buffers
I/[MALI][Gralloc](  236): Usage: 0xb00, format: 0x1 stride: 1280 vertical_stride: 720 size: 3686400
D/GraphicBuffer(  236): alloc, handle(0x7f96dc8f20) (w:1280 h:720 s:1280 f:0x1 u:0x000b00) err(0)
D/AbsListView( 6194): onSizeChanged w=1152, h=446, oldw=0, oldh=0, getChildCount=0, mSyncPosition=0, mNeedSync=false, mSyncMode=0, mAdapternull, this=android.widget.ListView{3cd8b04a V.ED.VC. ......I. 64,64-1216,510 #102000a android:id/list}, callstack=android.widget.ListView.onSizeChanged:1203 android.view.View.sizeChange:16238 android.view.View.setFrame:16203 android.widget.AbsListView.setFrame:2384 android.view.View.layout:16094 android.view.ViewGroup.layout:5185 android.widget.LinearLayout.setChildFrame:1959 android.widget.LinearLayout.layoutVertical:1813 android.widget.LinearLayout.onLayout:1722 android.view.View.layout:16104 
I/[MALI][Gralloc](  236): Usage: 0xb00, format: 0x1 stride: 1280 vertical_stride: 720 size: 3686400
D/GraphicBuffer(  236): alloc, handle(0x7f96dc8e80) (w:1280 h:720 s:1280 f:0x1 u:0x000b00) err(0)
I/[MALI][Gralloc](  236): Usage: 0xb00, format: 0x1 stride: 1280 vertical_stride: 720 size: 3686400
D/GraphicBuffer(  236): alloc, handle(0x7f96dc8de0) (w:1280 h:720 s:1280 f:0x1 u:0x000b00) err(0)
I/[MALI][Gralloc](  236): Usage: 0xb00, format: 0x1 stride: 1280 vertical_stride: 720 size: 3686400
D/AbsListView( 6194): onSizeChanged w=1280, h=574, oldw=0, oldh=0, getChildCount=0, mSyncPosition=0, mNeedSync=false, mSyncMode=0, mAdapterandroid.preference.PreferenceGroupAdapter@8251d62, this=android.widget.ListView{21ad0f49 VFED.VC. ......I. 0,0-1280,574 #102000a android:id/list}, callstack=android.widget.ListView.onSizeChanged:1203 android.view.View.sizeChange:16238 android.view.View.setFrame:16203 android.widget.AbsListView.setFrame:2384 android.view.View.layout:16094 android.view.ViewGroup.layout:5185 android.widget.LinearLayout.setChildFrame:1959 android.widget.LinearLayout.layoutVertical:1813 android.widget.LinearLayout.onLayout:1722 android.view.View.layout:16104 
D/GraphicBuffer(  236): alloc, handle(0x7f96dc91a0) (w:1280 h:720 s:1280 f:0x1 u:0x000b00) err(0)
D/BufferQueueProducer(  236): [es.esy.CosyDVR/es.esy.CosyDVR.CosyDVRPreferenceActivity](this:0x7f96c47000,id:429,api:1,p:6194,c:236) allocateBuffers: allocating from 4 buffers up to 4 buffers
V/SettingsInterface( 1425):  from settings cache , name = multi_sim_voice_call , value = null
D/Surface (  236): Surface::setBuffersDimensions(this=0x7f9bdf5e00,w=720,h=1280)
D/FeatureProxyBase(  768): FeatureProxyBase class constructor
D/MultiWindow(  768): MultiWindowProxy constructor.
D/FeatureProxyBase(  768): getService(), serviceName = multiwindow_service_v1
V/SettingsInterface( 1425):  from settings cache , name = multi_sim_voice_call , value = null
V/SettingsInterface( 1425):  from settings cache , name = multi_sim_voice_call , value = null
V/SettingsInterface( 1425):  from settings cache , name = multi_sim_voice_call , value = null
V/SettingsInterface( 1425):  from settings cache , name = multi_sim_voice_call , value = null
D/Surface (  236): Surface::setBuffersDimensions(this=0x7f9bdf5e00,w=720,h=1280)
D/FeatureProxyBase(  768): FeatureProxyBase class constructor
D/MultiWindow(  768): MultiWindowProxy constructor.
D/FeatureProxyBase(  768): getService(), serviceName = multiwindow_service_v1
V/SettingsInterface( 1425):  from settings cache , name = multi_sim_voice_call , value = null
V/SettingsInterface( 1425):  from settings cache , name = multi_sim_voice_call , value = null
D/Surface (  236): Surface::setBuffersDimensions(this=0x7f9bdf5e00,w=720,h=1280)
D/FeatureProxyBase(  768): FeatureProxyBase class constructor
D/MultiWindow(  768): MultiWindowProxy constructor.
D/FeatureProxyBase(  768): getService(), serviceName = multiwindow_service_v1
D/FeatureProxyBase(  768): FeatureProxyBase class constructor
D/MultiWindow(  768): MultiWindowProxy constructor.
D/FeatureProxyBase(  768): getService(), serviceName = multiwindow_service_v1
D/FeatureProxyBase(  768): FeatureProxyBase class constructor
D/MultiWindow(  768): MultiWindowProxy constructor.
D/FeatureProxyBase(  768): getService(), serviceName = multiwindow_service_v1
V/SettingsInterface( 1425):  from settings cache , name = multi_sim_voice_call , value = null
D/FeatureProxyBase(  768): FeatureProxyBase class constructor
D/MultiWindow(  768): MultiWindowProxy constructor.
D/FeatureProxyBase(  768): getService(), serviceName = multiwindow_service_v1
I/DownloadManager( 1001): Initiating request for download 52
D/Proxy   ( 1001): prefProxy:DIRECT@
I/System.out( 1001): httpget:https://www.gstatic.com/gsa_dynamic_updates/JO3pcpXD4wzhrJH4zXwtkZw.br.jar
I/BufferQueueConsumer(  236): [es.esy.CosyDVR/es.esy.CosyDVR.CosyDVR](this:0x7f9bf52000,id:422,api:1,p:-1,c:-1) disconnect(C)
I/BufferQueue(  236): [es.esy.CosyDVR/es.esy.CosyDVR.CosyDVR](this:0x7f9bf52000,id:422,api:1,p:-1,c:-1) ~BufferQueueCore
D/GraphicBuffer(  236): free, handle(0x7f96d8f880) (w:720 h:1280 s:720 f:0x1 u:0x000b00)
D/Surface (  236): Surface::setBuffersDimensions(this=0x7f9bdf5e00,w=720,h=1280)
D/FeatureProxyBase(  768): FeatureProxyBase class constructor
D/MultiWindow(  768): MultiWindowProxy constructor.
D/FeatureProxyBase(  768): getService(), serviceName = multiwindow_service_v1
D/ListView( 6194): mSelectorRect.setEmpty in layoutChildren this=android.widget.ListView{21ad0f49 VFED.VC. ......ID 0,0-1280,574 #102000a android:id/list}
D/FeatureProxyBase(  768): FeatureProxyBase class constructor
D/MultiWindow(  768): MultiWindowProxy constructor.
D/FeatureProxyBase(  768): getService(), serviceName = multiwindow_service_v1
D/MzSplitActionBarContainer( 6194): setBackButtonEnable: mBackButton = null; enable = false; addBackButton = false; mEnableBackButton=false
V/SettingsInterface( 1425):  from settings cache , name = multi_sim_voice_call , value = null
D/MzSplitActionBarContainer( 6194): onMeasure:mBackButton=null; mMenuView=null; mEnableBackButton=false
D/MzSplitActionBarContainer( 6194): onMeasure:backButtonWidth=0; menuWidth=0
D/Surface (  236): Surface::setBuffersDimensions(this=0x7f9bdf5e00,w=720,h=1280)
V/SettingsInterface( 1425):  from settings cache , name = multi_sim_data_call , value = 2
D/FeatureProxyBase(  768): FeatureProxyBase class constructor
D/MultiWindow(  768): MultiWindowProxy constructor.
D/FeatureProxyBase(  768): getService(), serviceName = multiwindow_service_v1
W/DownloadManager( 1001): Aborting request for download 52: download was requested to not use the current network type
D/FeatureProxyBase(  768): FeatureProxyBase class constructor
D/MultiWindow(  768): MultiWindowProxy constructor.
D/FeatureProxyBase(  768): getService(), serviceName = multiwindow_service_v1
D/FeatureProxyBase(  768): FeatureProxyBase class constructor
D/MultiWindow(  768): MultiWindowProxy constructor.
D/FeatureProxyBase(  768): getService(), serviceName = multiwindow_service_v1
D/FeatureProxyBase(  768): FeatureProxyBase class constructor
D/MultiWindow(  768): MultiWindowProxy constructor.
D/FeatureProxyBase(  768): getService(), serviceName = multiwindow_service_v1
D/ListView( 6194): mSelectorRect.setEmpty in layoutChildren this=android.widget.ListView{21ad0f49 VFED.VC. .F....ID 0,0-1280,574 #102000a android:id/list}
V/SettingsInterface( 1425):  from settings cache , name = multi_sim_voice_call , value = null
V/SettingsInterface( 1425):  from settings cache , name = multi_sim_voice_call , value = null
D/Surface (  236): Surface::setBuffersDimensions(this=0x7f9bdf5e00,w=720,h=1280)
D/FeatureProxyBase(  768): FeatureProxyBase class constructor
D/MultiWindow(  768): MultiWindowProxy constructor.
D/FeatureProxyBase(  768): getService(), serviceName = multiwindow_service_v1
D/PerfServiceManager(  768): [PerfService] notifyFrameUpdate - bDuringTouchBoost:true 
D/FeatureProxyBase(  768): FeatureProxyBase class constructor
D/MultiWindow(  768): MultiWindowProxy constructor.
D/FeatureProxyBase(  768): getService(), serviceName = multiwindow_service_v1
D/FeatureProxyBase(  768): FeatureProxyBase class constructor
D/MultiWindow(  768): MultiWindowProxy constructor.
D/FeatureProxyBase(  768): getService(), serviceName = multiwindow_service_v1
D/FeatureProxyBase(  768): FeatureProxyBase class constructor
D/MultiWindow(  768): MultiWindowProxy constructor.
D/FeatureProxyBase(  768): getService(), serviceName = multiwindow_service_v1
D/FeatureProxyBase(  768): FeatureProxyBase class constructor
D/MultiWindow(  768): MultiWindowProxy constructor.
D/FeatureProxyBase(  768): getService(), serviceName = multiwindow_service_v1
D/Surface ( 6194): Surface::setBuffersDimensions(this=0x7f80a55a00,w=720,h=1280)
I/BufferQueueProducer(  236): [es.esy.CosyDVR/es.esy.CosyDVR.CosyDVRPreferenceActivity](this:0x7f96c47000,id:429,api:1,p:6194,c:236) new GraphicBuffer needed
D/GraphicBuffer(  236): free, handle(0x7f96dc8f20) (w:1280 h:720 s:1280 f:0x1 u:0x000b00)
I/[MALI][Gralloc](  236): Usage: 0xb00, format: 0x1 stride: 720 vertical_stride: 1280 size: 3686400
D/GraphicBuffer(  236): alloc, handle(0x7f96dc8f20) (w:720 h:1280 s:720 f:0x1 u:0x000b00) err(0)
D/FeatureProxyBase(  768): FeatureProxyBase class constructor
D/GraphicBuffer( 6194): register, handle(0x7f749077a0) (w:720 h:1280 s:720 f:0x1 u:0x000b00)
D/MultiWindow(  768): MultiWindowProxy constructor.
D/FeatureProxyBase(  768): getService(), serviceName = multiwindow_service_v1
D/FeatureProxyBase(  768): FeatureProxyBase class constructor
D/MultiWindow(  768): MultiWindowProxy constructor.
D/FeatureProxyBase(  768): getService(), serviceName = multiwindow_service_v1
D/Surface (  236): Surface::setBuffersDimensions(this=0x7f9bdf5e00,w=720,h=1280)
V/SettingsInterface( 1425):  from settings cache , name = multi_sim_voice_call , value = null
D/AbsListView( 6194): onWindowFocusChanged: hasWindowFocus=true, this=android.widget.ListView{3cd8b04a V.ED.VC. ......I. 64,64-1216,510 #102000a android:id/list}
D/AbsListView( 6194): onWindowFocusChanged: hasWindowFocus=true, this=android.widget.ListView{21ad0f49 VFED.VC. .F....I. 0,0-1280,574 #102000a android:id/list}
V/InputMethodManager( 6194): onWindowFocus: android.widget.ListView{21ad0f49 VFED.VC. .F....ID 0,0-1280,574 #102000a android:id/list} softInputMode=272 first=true flags=#81810100
V/InputMethodManager( 6194): START INPUT: android.widget.ListView{21ad0f49 VFED.VC. .F....ID 0,0-1280,574 #102000a android:id/list} ic=null tba=android.view.inputmethod.EditorInfo@ea57dca controlFlags=#105
D/FeatureProxyBase(  768): FeatureProxyBase class constructor
D/MultiWindow(  768): MultiWindowProxy constructor.
D/FeatureProxyBase(  768): getService(), serviceName = multiwindow_service_v1
D/FeatureProxyBase(  768): FeatureProxyBase class constructor
D/MultiWindow(  768): MultiWindowProxy constructor.
D/FeatureProxyBase(  768): getService(), serviceName = multiwindow_service_v1
D/FeatureProxyBase(  768): FeatureProxyBase class constructor
D/MultiWindow(  768): MultiWindowProxy constructor.
D/FeatureProxyBase(  768): getService(), serviceName = multiwindow_service_v1
D/FeatureProxyBase(  768): FeatureProxyBase class constructor
D/MultiWindow(  768): MultiWindowProxy constructor.
D/FeatureProxyBase(  768): getService(), serviceName = multiwindow_service_v1
D/Surface (  236): Surface::setBuffersDimensions(this=0x7f9bdf5e00,w=720,h=1280)
I/ActivityManager(  768): [AppLaunch] Displayed Displayed es.esy.CosyDVR/.CosyDVRPreferenceActivity: +477ms
D/ActivityManager(  768): AP_PROF:AppLaunch_LaunchTime:es.esy.CosyDVR/.CosyDVRPreferenceActivity:477:2255709
D/OpenGLRenderer( 6194): Flushing caches (mode 0)
D/FeatureProxyBase(  768): FeatureProxyBase class constructor
D/MultiWindow(  768): MultiWindowProxy constructor.
D/FeatureProxyBase(  768): getService(), serviceName = multiwindow_service_v1
D/MzSplitActionBarContainer( 6194): onMeasure:mBackButton=null; mMenuView=null; mEnableBackButton=false
D/MzSplitActionBarContainer( 6194): onMeasure:backButtonWidth=0; menuWidth=0
D/FeatureProxyBase(  768): FeatureProxyBase class constructor
D/MultiWindow(  768): MultiWindowProxy constructor.
D/FeatureProxyBase(  768): getService(), serviceName = multiwindow_service_v1
D/FeatureProxyBase(  768): FeatureProxyBase class constructor
D/MultiWindow(  768): MultiWindowProxy constructor.
D/FeatureProxyBase(  768): getService(), serviceName = multiwindow_service_v1
D/ListView( 6194): mSelectorRect.setEmpty in layoutChildren this=android.widget.ListView{21ad0f49 VFED.VC. .F....ID 0,0-1280,574 #102000a android:id/list}
V/SettingsInterface( 1425):  from settings cache , name = multi_sim_voice_call , value = null
V/SettingsInterface( 1425):  from settings cache , name = multi_sim_voice_call , value = null
D/Surface ( 6194): Surface::setBuffersDimensions(this=0x7f80a55a00,w=720,h=1280)
I/BufferQueueProducer(  236): [es.esy.CosyDVR/es.esy.CosyDVR.CosyDVRPreferenceActivity](this:0x7f96c47000,id:429,api:1,p:6194,c:236) new GraphicBuffer needed
D/GraphicBuffer(  236): free, handle(0x7f96dc8e80) (w:1280 h:720 s:1280 f:0x1 u:0x000b00)
I/[MALI][Gralloc](  236): Usage: 0xb00, format: 0x1 stride: 720 vertical_stride: 1280 size: 3686400
D/GraphicBuffer(  236): alloc, handle(0x7f96dc8e80) (w:720 h:1280 s:720 f:0x1 u:0x000b00) err(0)
D/Surface (  236): Surface::setBuffersDimensions(this=0x7f9bdf5e00,w=720,h=1280)
D/GraphicBuffer( 6194): register, handle(0x7f74ab1700) (w:720 h:1280 s:720 f:0x1 u:0x000b00)
V/SettingsInterface( 1425):  from settings cache , name = multi_sim_voice_call , value = null
I/libPerfService(  768): perfSetFavorPid - pid:6194, 1832
V/PhoneWindow( 6194): DecorView setVisiblity: visibility = 4 ,Parent =ViewRoot{1980cd5d es.esy.CosyDVR/es.esy.CosyDVR.CosyDVR,ident = 1}, this =com.android.internal.policy.impl.PhoneWindow$DecorView{32b06196 I.E..... R......D 0,0-1280,720}
V/SettingsInterface( 1425):  from settings cache , name = multi_sim_voice_call , value = null
V/SettingsInterface( 1425):  from settings cache , name = multi_sim_voice_call , value = null
V/SettingsInterface( 1425):  from settings cache , name = multi_sim_voice_call , value = null
D/Surface (  236): Surface::setBuffersDimensions(this=0x7f9bdf5e00,w=720,h=1280)
I/libPerfService(  768): perfSetFavorPid - pid:6194, 1832
D/PerfServiceManager(  768): [PerfService] notifyFrameUpdate - bDuringTouchBoost:true 
D/Surface (  957): Surface::setBuffersDimensions(this=0x7f80a55a00,w=50,h=1280)
V/SettingsInterface( 1425):  from settings cache , name = multi_sim_voice_call , value = null
V/SettingsInterface( 1425):  from settings cache , name = multi_sim_voice_call , value = null
V/SettingsInterface( 1425):  from settings cache , name = multi_sim_voice_call , value = null
V/SettingsInterface( 1425):  from settings cache , name = multi_sim_voice_call , value = null
D/Surface (  236): Surface::setBuffersDimensions(this=0x7f9bdf5e00,w=720,h=1280)
V/SettingsInterface( 1425):  from settings cache , name = multi_sim_voice_call , value = null
V/SettingsInterface( 1425):  from settings cache , name = multi_sim_voice_call , value = null
V/SettingsInterface( 1425):  from settings cache , name = multi_sim_voice_call , value = null
V/SettingsInterface( 1425):  from settings cache , name = multi_sim_voice_call , value = null
V/SettingsInterface( 1425):  from settings cache , name = multi_sim_voice_call , value = null
D/Surface (  236): Surface::setBuffersDimensions(this=0x7f9bdf5e00,w=720,h=1280)
V/SettingsInterface( 1425):  from settings cache , name = multi_sim_voice_call , value = null
V/SettingsInterface( 1425):  from settings cache , name = multi_sim_voice_call , value = null
V/SettingsInterface( 1425):  from settings cache , name = multi_sim_voice_call , value = null
D/Surface (  236): Surface::setBuffersDimensions(this=0x7f9bdf5e00,w=720,h=1280)
V/SettingsInterface( 1425):  from settings cache , name = multi_sim_voice_call , value = null
V/SettingsInterface( 1425):  from settings cache , name = multi_sim_voice_call , value = null
D/Surface (  236): Surface::setBuffersDimensions(this=0x7f9bdf5e00,w=720,h=1280)
V/SettingsInterface( 1425):  from settings cache , name = multi_sim_voice_call , value = null
I/DownloadManager( 1001): Initiating request for download 53
D/Proxy   ( 1001): prefProxy:DIRECT@
I/System.out( 1001): httpget:https://www.gstatic.com/gsa_dynamic_updates/J8AnXzrjeLfsUVUo7eW1KGw.br.jar
I/DownloadManager( 1001): Initiating request for download 54
D/Proxy   ( 1001): prefProxy:DIRECT@
I/System.out( 1001): httpget:https://www.gstatic.com/gsa_dynamic_updates/J9QDaGQFTyrEOSppQx6MtlA.br.jar
I/DownloadManager( 1001): Initiating request for download 56
D/Proxy   ( 1001): prefProxy:DIRECT@
I/System.out( 1001): httpget:https://www.gstatic.com/gsa_dynamic_updates/JpYFUnbdMCBoiPFkzTOWLZw.br.jar
V/SettingsInterface( 1425):  from settings cache , name = multi_sim_voice_call , value = null
V/SettingsInterface( 1425):  from settings cache , name = multi_sim_voice_call , value = null
V/SettingsInterface( 1425):  from settings cache , name = multi_sim_voice_call , value = null
V/SettingsInterface( 1425):  from settings cache , name = multi_sim_data_call , value = 2
W/DownloadManager( 1001): Aborting request for download 53: download was requested to not use the current network type
D/FeatureProxyBase(  768): FeatureProxyBase class constructor
D/MultiWindow(  768): MultiWindowProxy constructor.
D/FeatureProxyBase(  768): getService(), serviceName = multiwindow_service_v1
V/SettingsInterface( 1425):  from settings cache , name = multi_sim_voice_call , value = null
V/SettingsInterface( 1425):  from settings cache , name = multi_sim_voice_call , value = null
D/Surface (  768): Surface::disconnect(this=0x7f7a948000,api=2)
I/BufferQueueProducer(  236): [Starting es.esy.CosyDVR](this:0x7f96c72000,id:428,api:2,p:-1,c:236) disconnect(P): api 2
I/BufferQueueConsumer(  236): [Starting es.esy.CosyDVR](this:0x7f96c72000,id:428,api:2,p:-1,c:236) getReleasedBuffers: returning mask 0xffffffffffffffff
D/GraphicBuffer(  768): unregister, handle(0x7f5f073ba0) (w:1280 h:720 s:1280 f:0x1 u:0x000933)
V/SettingsInterface( 1425):  from settings cache , name = multi_sim_data_call , value = 2
D/FeatureProxyBase(  768): FeatureProxyBase class constructor
D/MultiWindow(  768): MultiWindowProxy constructor.
D/FeatureProxyBase(  768): getService(), serviceName = multiwindow_service_v1
W/DownloadManager( 1001): Aborting request for download 54: download was requested to not use the current network type
D/FeatureProxyBase(  768): FeatureProxyBase class constructor
V/SettingsInterface( 1425):  from settings cache , name = multi_sim_voice_call , value = null
D/MultiWindow(  768): MultiWindowProxy constructor.
D/FeatureProxyBase(  768): getService(), serviceName = multiwindow_service_v1
V/SettingsInterface( 1425):  from settings cache , name = multi_sim_voice_call , value = null
D/FeatureProxyBase(  768): FeatureProxyBase class constructor
D/MultiWindow(  768): MultiWindowProxy constructor.
D/FeatureProxyBase(  768): getService(), serviceName = multiwindow_service_v1
V/SettingsInterface( 1425):  from settings cache , name = multi_sim_data_call , value = 2
W/DownloadManager( 1001): Aborting request for download 56: download was requested to not use the current network type
V/SettingsInterface( 1425):  from settings cache , name = multi_sim_voice_call , value = null
V/SettingsInterface( 1425):  from settings cache , name = multi_sim_voice_call , value = null
I/BufferQueueConsumer(  236): [Starting es.esy.CosyDVR](this:0x7f96c72000,id:428,api:2,p:-1,c:-1) disconnect(C)
I/BufferQueue(  236): [Starting es.esy.CosyDVR](this:0x7f96c72000,id:428,api:2,p:-1,c:-1) ~BufferQueueCore
D/GraphicBuffer(  236): free, handle(0x7f96dc9100) (w:1280 h:720 s:1280 f:0x1 u:0x000933)
V/SettingsInterface( 1425):  from settings cache , name = multi_sim_voice_call , value = null
V/SettingsInterface( 1425):  from settings cache , name = multi_sim_voice_call , value = null
V/SettingsInterface( 1425):  from settings cache , name = multi_sim_voice_call , value = null
V/SettingsInterface( 1425):  from settings cache , name = multi_sim_voice_call , value = null
V/SettingsInterface( 1425):  from settings cache , name = multi_sim_voice_call , value = null
V/SettingsInterface( 1425):  from settings cache , name = multi_sim_voice_call , value = null
V/SettingsInterface( 1425):  from settings cache , name = multi_sim_voice_call , value = null
V/SettingsInterface( 1425):  from settings cache , name = multi_sim_voice_call , value = null
V/SettingsInterface( 1425):  from settings cache , name = multi_sim_voice_call , value = null
V/SettingsInterface( 1425):  from settings cache , name = multi_sim_voice_call , value = null
V/SettingsInterface( 1425):  from settings cache , name = multi_sim_voice_call , value = null
V/SettingsInterface( 1425):  from settings cache , name = multi_sim_voice_call , value = null
V/SettingsInterface( 1425):  from settings cache , name = multi_sim_voice_call , value = null
V/SettingsInterface( 1425):  from settings cache , name = multi_sim_voice_call , value = null
I/DownloadManager( 1001): Initiating request for download 55
D/Proxy   ( 1001): prefProxy:DIRECT@
I/System.out( 1001): httpget:https://www.gstatic.com/gsa_dynamic_updates/JylNdzRwSSRbfU7Md3SMK4g.br.jar
I/DownloadManager( 1001): Initiating request for download 72
D/Proxy   ( 1001): prefProxy:DIRECT@
I/System.out( 1001): httpget:https://mail.google.com/mail/g/?version=25&clientVersion=25&view=att&messageId=1556859486484600974&partId=0.4&maxWidth=640&maxHeight=256&showOriginal=1
V/SettingsInterface( 1425):  from settings cache , name = multi_sim_voice_call , value = null
V/SettingsInterface( 1425):  from settings cache , name = multi_sim_voice_call , value = null
V/SettingsInterface( 1425):  from settings cache , name = multi_sim_voice_call , value = null
V/SettingsInterface( 1425):  from settings cache , name = multi_sim_data_call , value = 2
W/DownloadManager( 1001): Aborting request for download 55: download was requested to not use the current network type
W/DownloadManager( 1001): Aborting request for download 72: download was requested to not use the current network type
V/SettingsInterface( 1425):  from settings cache , name = multi_sim_voice_call , value = null
V/SettingsInterface( 1425):  from settings cache , name = multi_sim_voice_call , value = null
V/SettingsInterface( 1425):  from settings cache , name = multi_sim_voice_call , value = null
V/SettingsInterface( 1425):  from settings cache , name = multi_sim_voice_call , value = null
V/SettingsInterface( 1425):  from settings cache , name = multi_sim_voice_call , value = null
V/SettingsInterface( 1425):  from settings cache , name = multi_sim_voice_call , value = null
V/SettingsInterface( 1425):  from settings cache , name = multi_sim_voice_call , value = null
V/SettingsInterface( 1425):  from settings cache , name = multi_sim_voice_call , value = null
V/SettingsInterface( 1425):  from settings cache , name = multi_sim_voice_call , value = null
V/SettingsInterface( 1425):  from settings cache , name = multi_sim_voice_call , value = null
V/SettingsInterface( 1425):  from settings cache , name = multi_sim_voice_call , value = null
V/SettingsInterface( 1425):  from settings cache , name = multi_sim_voice_call , value = null
I/DownloadManager( 1001): Initiating request for download 47
