D/PowerManagerService(  768): updateDisplayPowerStateLocked: mDisplayReady=true, policy=3, mWakefulness=1, mWakeLockSummary=0x1, mUserActivitySummary=0x1, mBootCompleted=true, mScreenBrightnessBoostInProgress=false
D/PowerManagerNotifier(  768): onWakeLockAcquired: flags=1, tag="DownloadManager", packageName=com.android.providers.downloads, ownerUid=10007, ownerPid=1001, workSource=null
D/CSLegacyTypeTracker(  768): getNetworkForType type 1
D/WifiService(  768): acquireWifiLock, pid:1001, uid:10007
D/WifiService(  768): acquireWifiLockLocked: WifiLock{DownloadManager type=3 binder=android.os.BinderProxy@1df243d0}
D/WifiController(  768): ApStaDisabledState{ when=0 what=155654 target=com.android.internal.util.StateMachine$SmHandler }
D/WifiController(  768): DefaultState{ when=-1ms what=155654 target=com.android.internal.util.StateMachine$SmHandler }
D/CSLegacyTypeTracker(  768): getNetworkForType type 0
D/CSLegacyTypeTracker(  768): getNetworkForType type 1
D/CSLegacyTypeTracker(  768): getNetworkForType type 2
D/CSLegacyTypeTracker(  768): getNetworkForType type 3
D/CSLegacyTypeTracker(  768): getNetworkForType type 4
D/CSLegacyTypeTracker(  768): getNetworkForType type 5
D/CSLegacyTypeTracker(  768): getNetworkForType type 7
D/CSLegacyTypeTracker(  768): getNetworkForType type 10
D/CSLegacyTypeTracker(  768): getNetworkForType type 11
D/CSLegacyTypeTracker(  768): getNetworkForType type 12
D/CSLegacyTypeTracker(  768): getNetworkForType type 14
D/CSLegacyTypeTracker(  768): getNetworkForType type 15
D/CSLegacyTypeTracker(  768): getNetworkForType type 17
D/CSLegacyTypeTracker(  768): getNetworkForType type 34
D/CSLegacyTypeTracker(  768): getNetworkForType type 35
D/CSLegacyTypeTracker(  768): getNetworkForType type 36
D/CSLegacyTypeTracker(  768): getNetworkForType type 37
D/CSLegacyTypeTracker(  768): getNetworkForType type 38
D/CSLegacyTypeTracker(  768): getNetworkForType type 40
D/CSLegacyTypeTracker(  768): getNetworkForType type 41
D/CSLegacyTypeTracker(  768): getNetworkForType type 49
I/DownloadManager( 1001): Initiating request for download 53
D/Proxy   ( 1001): prefProxy:DIRECT@
I/System.out( 1001): httpget:https://www.gstatic.com/gsa_dynamic_updates/J8AnXzrjeLfsUVUo7eW1KGw.br.jar
V/SettingsInterface( 1425):  from settings cache , name = multi_sim_voice_call , value = null
D/CSLegacyTypeTracker(  768): getNetworkForType type 1
D/CSLegacyTypeTracker(  768): getNetworkForType type 0
D/CSLegacyTypeTracker(  768): getNetworkForType type 1
D/CSLegacyTypeTracker(  768): getNetworkForType type 2
D/CSLegacyTypeTracker(  768): getNetworkForType type 3
D/CSLegacyTypeTracker(  768): getNetworkForType type 4
D/CSLegacyTypeTracker(  768): getNetworkForType type 5
D/CSLegacyTypeTracker(  768): getNetworkForType type 7
D/CSLegacyTypeTracker(  768): getNetworkForType type 10
D/CSLegacyTypeTracker(  768): getNetworkForType type 11
D/CSLegacyTypeTracker(  768): getNetworkForType type 12
D/CSLegacyTypeTracker(  768): getNetworkForType type 14
D/CSLegacyTypeTracker(  768): getNetworkForType type 15
D/CSLegacyTypeTracker(  768): getNetworkForType type 17
D/CSLegacyTypeTracker(  768): getNetworkForType type 34
D/CSLegacyTypeTracker(  768): getNetworkForType type 35
D/CSLegacyTypeTracker(  768): getNetworkForType type 36
D/CSLegacyTypeTracker(  768): getNetworkForType type 37
D/CSLegacyTypeTracker(  768): getNetworkForType type 38
D/CSLegacyTypeTracker(  768): getNetworkForType type 40
D/CSLegacyTypeTracker(  768): getNetworkForType type 41
D/CSLegacyTypeTracker(  768): getNetworkForType type 49
V/SettingsInterface( 1425):  from settings cache , name = multi_sim_voice_call , value = null
D/CSLegacyTypeTracker(  768): getNetworkForType type 1
D/CSLegacyTypeTracker(  768): getNetworkForType type 0
D/CSLegacyTypeTracker(  768): getNetworkForType type 1
D/CSLegacyTypeTracker(  768): getNetworkForType type 2
D/CSLegacyTypeTracker(  768): getNetworkForType type 3
D/CSLegacyTypeTracker(  768): getNetworkForType type 4
D/CSLegacyTypeTracker(  768): getNetworkForType type 5
D/CSLegacyTypeTracker(  768): getNetworkForType type 7
D/CSLegacyTypeTracker(  768): getNetworkForType type 10
D/CSLegacyTypeTracker(  768): getNetworkForType type 11
D/CSLegacyTypeTracker(  768): getNetworkForType type 12
D/CSLegacyTypeTracker(  768): getNetworkForType type 14
D/CSLegacyTypeTracker(  768): getNetworkForType type 15
D/CSLegacyTypeTracker(  768): getNetworkForType type 17
D/CSLegacyTypeTracker(  768): getNetworkForType type 34
D/CSLegacyTypeTracker(  768): getNetworkForType type 35
D/CSLegacyTypeTracker(  768): getNetworkForType type 36
D/CSLegacyTypeTracker(  768): getNetworkForType type 37
D/CSLegacyTypeTracker(  768): getNetworkForType type 38
D/CSLegacyTypeTracker(  768): getNetworkForType type 40
D/CSLegacyTypeTracker(  768): getNetworkForType type 41
D/CSLegacyTypeTracker(  768): getNetworkForType type 49
V/SettingsInterface( 1425):  from settings cache , name = multi_sim_voice_call , value = null
D/CSLegacyTypeTracker(  768): getNetworkForType type 1
D/CSLegacyTypeTracker(  768): getNetworkForType type 0
D/CSLegacyTypeTracker(  768): getNetworkForType type 1
D/CSLegacyTypeTracker(  768): getNetworkForType type 2
D/CSLegacyTypeTracker(  768): getNetworkForType type 3
D/CSLegacyTypeTracker(  768): getNetworkForType type 4
D/CSLegacyTypeTracker(  768): getNetworkForType type 5
D/CSLegacyTypeTracker(  768): getNetworkForType type 7
D/CSLegacyTypeTracker(  768): getNetworkForType type 10
D/CSLegacyTypeTracker(  768): getNetworkForType type 11
D/CSLegacyTypeTracker(  768): getNetworkForType type 12
D/CSLegacyTypeTracker(  768): getNetworkForType type 14
D/CSLegacyTypeTracker(  768): getNetworkForType type 15
D/CSLegacyTypeTracker(  768): getNetworkForType type 17
D/CSLegacyTypeTracker(  768): getNetworkForType type 34
D/CSLegacyTypeTracker(  768): getNetworkForType type 35
D/CSLegacyTypeTracker(  768): getNetworkForType type 36
D/CSLegacyTypeTracker(  768): getNetworkForType type 37
D/CSLegacyTypeTracker(  768): getNetworkForType type 38
D/CSLegacyTypeTracker(  768): getNetworkForType type 40
D/CSLegacyTypeTracker(  768): getNetworkForType type 41
D/CSLegacyTypeTracker(  768): getNetworkForType type 49
V/SettingsInterface( 1425):  from settings cache , name = multi_sim_voice_call , value = null
D/CSLegacyTypeTracker(  768): getNetworkForType type 1
D/CSLegacyTypeTracker(  768): getNetworkForType type 0
D/CSLegacyTypeTracker(  768): getNetworkForType type 1
D/CSLegacyTypeTracker(  768): getNetworkForType type 2
D/CSLegacyTypeTracker(  768): getNetworkForType type 3
D/CSLegacyTypeTracker(  768): getNetworkForType type 4
D/CSLegacyTypeTracker(  768): getNetworkForType type 5
D/CSLegacyTypeTracker(  768): getNetworkForType type 7
D/CSLegacyTypeTracker(  768): getNetworkForType type 10
D/CSLegacyTypeTracker(  768): getNetworkForType type 11
D/CSLegacyTypeTracker(  768): getNetworkForType type 12
D/CSLegacyTypeTracker(  768): getNetworkForType type 14
D/CSLegacyTypeTracker(  768): getNetworkForType type 15
D/CSLegacyTypeTracker(  768): getNetworkForType type 17
D/CSLegacyTypeTracker(  768): getNetworkForType type 34
D/CSLegacyTypeTracker(  768): getNetworkForType type 35
D/CSLegacyTypeTracker(  768): getNetworkForType type 36
D/CSLegacyTypeTracker(  768): getNetworkForType type 37
D/CSLegacyTypeTracker(  768): getNetworkForType type 38
D/CSLegacyTypeTracker(  768): getNetworkForType type 40
D/CSLegacyTypeTracker(  768): getNetworkForType type 41
D/CSLegacyTypeTracker(  768): getNetworkForType type 49
V/SettingsInterface( 1425):  from settings cache , name = multi_sim_voice_call , value = null
D/CSLegacyTypeTracker(  768): getNetworkForType type 1
V/SettingsInterface( 1425):  from settings cache , name = multi_sim_voice_call , value = null
D/CSLegacyTypeTracker(  768): getNetworkForType type 0
D/CSLegacyTypeTracker(  768): getNetworkForType type 1
D/CSLegacyTypeTracker(  768): getNetworkForType type 2
D/CSLegacyTypeTracker(  768): getNetworkForType type 3
D/CSLegacyTypeTracker(  768): getNetworkForType type 4
D/CSLegacyTypeTracker(  768): getNetworkForType type 5
D/CSLegacyTypeTracker(  768): getNetworkForType type 7
D/CSLegacyTypeTracker(  768): getNetworkForType type 10
D/CSLegacyTypeTracker(  768): getNetworkForType type 11
D/CSLegacyTypeTracker(  768): getNetworkForType type 12
D/CSLegacyTypeTracker(  768): getNetworkForType type 14
D/CSLegacyTypeTracker(  768): getNetworkForType type 15
D/CSLegacyTypeTracker(  768): getNetworkForType type 17
I/NetworkIdentity(  768): buildNetworkIdentity:
D/CSLegacyTypeTracker(  768): getNetworkForType type 34
D/CSLegacyTypeTracker(  768): getNetworkForType type 35
D/CSLegacyTypeTracker(  768): getNetworkForType type 36
D/CSLegacyTypeTracker(  768): getNetworkForType type 37
D/CSLegacyTypeTracker(  768): getNetworkForType type 38
D/CSLegacyTypeTracker(  768): getNetworkForType type 40
D/CSLegacyTypeTracker(  768): getNetworkForType type 41
D/CSLegacyTypeTracker(  768): getNetworkForType type 49
V/SettingsInterface( 1425):  from settings cache , name = multi_sim_data_call , value = 2
I/NetworkIdentity(  768): roaming:false
I/NetworkIdentity(  768): state.subscriberId = 255016140811520
W/DownloadManager( 1001): Aborting request for download 53: download was requested to not use the current network type
V/SettingsInterface( 1425):  from settings cache , name = multi_sim_voice_call , value = null
D/CSLegacyTypeTracker(  768): getNetworkForType type 1
D/PowerManagerService(  768): releaseWakeLockInternal: lock=725552886 [DownloadManager], flags=0x0, total_time=85ms
D/PowerManagerNotifier(  768): onWakeLockReleased: flags=1, tag="DownloadManager", packageName=com.android.providers.downloads, ownerUid=10007, ownerPid=1001, workSource=null
D/PowerManagerService(  768): updateWakeLockSummaryLocked: mWakefulness=Awake, mWakeLockSummary=0x1
D/PowerManagerService(  768): updateUserActivitySummaryLocked: mWakefulness=Awake, mUserActivitySummary=0x1, nextTimeout=2308104 (in 51389 ms)
D/PowerManagerService(  768): mDisplayPowerRequest.policy = 3
D/PowerManagerService(  768): isWfdEnabled() mWfdStatus=WifiDisplayStatus{featureState=2, scanState=0, activeDisplayState=0, activeDisplay=null, displays=[], sessionInfo=WifiDisplaySessionInfo: C/O:Client,GId:,Pp:,SId:0,IP:}, return false
D/DisplayPowerController(  768): requestPowerState: policy=BRIGHT, useProximitySensor=false, screenBrightness=67, screenAutoBrightnessAdjustment=0.0, useAutoBrightness=true, blockScreenOn=false, lowPowerMode=false, boostScreenBrightness=false, dozeScreenBrightness=-1, useSettingBrightness=false, dozeScreenState=UNKNOWN, waitForNegativeProximity=false
I/PowerManagerService(  768): setBrightness mButtonLight 0.
D/PowerManagerService(  768): updateDisplayPowerStateLocked: mDisplayReady=true, policy=3, mWakefulness=1, mWakeLockSummary=0x1, mUserActivitySummary=0x1, mBootCompleted=true, mScreenBrightnessBoostInProgress=false
D/PROXIMITY(  768): processEvent code=2,value=1
D/PROXIMITY(  768): processEvent code=1,value=3
D/PROXIMITYNON(  768): processEvent code=2,value=1
D/PROXIMITYNON(  768): processEvent code=1,value=3
D/WifiService(  768): releaseWifiLock, pid:1001, uid:10007
D/WifiService(  768): releaseWifiLockLocked: WifiLock{DownloadManager type=3 binder=android.os.BinderProxy@23653564}
D/WifiController(  768): ApStaDisabledState{ when=0 what=155654 target=com.android.internal.util.StateMachine$SmHandler }
D/WifiController(  768): DefaultState{ when=0 what=155654 target=com.android.internal.util.StateMachine$SmHandler }
D/CSLegacyTypeTracker(  768): getNetworkForType type 0
D/CSLegacyTypeTracker(  768): getNetworkForType type 1
D/CSLegacyTypeTracker(  768): getNetworkForType type 2
D/CSLegacyTypeTracker(  768): getNetworkForType type 3
D/CSLegacyTypeTracker(  768): getNetworkForType type 4
D/CSLegacyTypeTracker(  768): getNetworkForType type 5
D/CSLegacyTypeTracker(  768): getNetworkForType type 7
D/CSLegacyTypeTracker(  768): getNetworkForType type 10
D/CSLegacyTypeTracker(  768): getNetworkForType type 11
D/CSLegacyTypeTracker(  768): getNetworkForType type 12
D/CSLegacyTypeTracker(  768): getNetworkForType type 14
D/CSLegacyTypeTracker(  768): getNetworkForType type 15
D/CSLegacyTypeTracker(  768): getNetworkForType type 17
D/CSLegacyTypeTracker(  768): getNetworkForType type 34
D/CSLegacyTypeTracker(  768): getNetworkForType type 35
D/CSLegacyTypeTracker(  768): getNetworkForType type 36
D/CSLegacyTypeTracker(  768): getNetworkForType type 37
D/CSLegacyTypeTracker(  768): getNetworkForType type 38
D/CSLegacyTypeTracker(  768): getNetworkForType type 40
D/CSLegacyTypeTracker(  768): getNetworkForType type 41
D/CSLegacyTypeTracker(  768): getNetworkForType type 49
V/SettingsInterface( 1425):  from settings cache , name = multi_sim_voice_call , value = null
D/CSLegacyTypeTracker(  768): getNetworkForType type 1
D/CSLegacyTypeTracker(  768): getNetworkForType type 0
D/CSLegacyTypeTracker(  768): getNetworkForType type 1
D/CSLegacyTypeTracker(  768): getNetworkForType type 2
D/CSLegacyTypeTracker(  768): getNetworkForType type 3
D/CSLegacyTypeTracker(  768): getNetworkForType type 4
D/CSLegacyTypeTracker(  768): getNetworkForType type 5
D/CSLegacyTypeTracker(  768): getNetworkForType type 7
D/CSLegacyTypeTracker(  768): getNetworkForType type 10
D/CSLegacyTypeTracker(  768): getNetworkForType type 11
D/CSLegacyTypeTracker(  768): getNetworkForType type 12
D/CSLegacyTypeTracker(  768): getNetworkForType type 14
D/CSLegacyTypeTracker(  768): getNetworkForType type 15
D/CSLegacyTypeTracker(  768): getNetworkForType type 17
D/CSLegacyTypeTracker(  768): getNetworkForType type 34
D/CSLegacyTypeTracker(  768): getNetworkForType type 35
D/CSLegacyTypeTracker(  768): getNetworkForType type 36
D/CSLegacyTypeTracker(  768): getNetworkForType type 37
D/CSLegacyTypeTracker(  768): getNetworkForType type 38
D/CSLegacyTypeTracker(  768): getNetworkForType type 40
D/CSLegacyTypeTracker(  768): getNetworkForType type 41
D/CSLegacyTypeTracker(  768): getNetworkForType type 49
V/SettingsInterface( 1425):  from settings cache , name = multi_sim_voice_call , value = null
D/CSLegacyTypeTracker(  768): getNetworkForType type 1
D/CSLegacyTypeTracker(  768): getNetworkForType type 0
D/CSLegacyTypeTracker(  768): getNetworkForType type 1
D/CSLegacyTypeTracker(  768): getNetworkForType type 2
D/CSLegacyTypeTracker(  768): getNetworkForType type 3
D/CSLegacyTypeTracker(  768): getNetworkForType type 4
D/CSLegacyTypeTracker(  768): getNetworkForType type 5
D/CSLegacyTypeTracker(  768): getNetworkForType type 7
D/CSLegacyTypeTracker(  768): getNetworkForType type 10
D/CSLegacyTypeTracker(  768): getNetworkForType type 11
D/CSLegacyTypeTracker(  768): getNetworkForType type 12
D/CSLegacyTypeTracker(  768): getNetworkForType type 14
D/CSLegacyTypeTracker(  768): getNetworkForType type 15
D/CSLegacyTypeTracker(  768): getNetworkForType type 17
D/CSLegacyTypeTracker(  768): getNetworkForType type 34
D/CSLegacyTypeTracker(  768): getNetworkForType type 35
D/CSLegacyTypeTracker(  768): getNetworkForType type 36
D/CSLegacyTypeTracker(  768): getNetworkForType type 37
D/CSLegacyTypeTracker(  768): getNetworkForType type 38
D/CSLegacyTypeTracker(  768): getNetworkForType type 40
D/CSLegacyTypeTracker(  768): getNetworkForType type 41
D/CSLegacyTypeTracker(  768): getNetworkForType type 49
V/SettingsInterface( 1425):  from settings cache , name = multi_sim_voice_call , value = null
D/CSLegacyTypeTracker(  768): getNetworkForType type 1
D/CSLegacyTypeTracker(  768): getNetworkForType type 0
D/CSLegacyTypeTracker(  768): getNetworkForType type 1
D/CSLegacyTypeTracker(  768): getNetworkForType type 2
D/CSLegacyTypeTracker(  768): getNetworkForType type 3
D/CSLegacyTypeTracker(  768): getNetworkForType type 4
D/CSLegacyTypeTracker(  768): getNetworkForType type 5
D/CSLegacyTypeTracker(  768): getNetworkForType type 7
D/CSLegacyTypeTracker(  768): getNetworkForType type 10
D/CSLegacyTypeTracker(  768): getNetworkForType type 11
D/CSLegacyTypeTracker(  768): getNetworkForType type 12
D/CSLegacyTypeTracker(  768): getNetworkForType type 14
D/CSLegacyTypeTracker(  768): getNetworkForType type 15
D/CSLegacyTypeTracker(  768): getNetworkForType type 17
D/CSLegacyTypeTracker(  768): getNetworkForType type 34
D/CSLegacyTypeTracker(  768): getNetworkForType type 35
D/CSLegacyTypeTracker(  768): getNetworkForType type 36
D/CSLegacyTypeTracker(  768): getNetworkForType type 37
D/CSLegacyTypeTracker(  768): getNetworkForType type 38
D/CSLegacyTypeTracker(  768): getNetworkForType type 40
D/CSLegacyTypeTracker(  768): getNetworkForType type 41
D/CSLegacyTypeTracker(  768): getNetworkForType type 49
V/SettingsInterface( 1425):  from settings cache , name = multi_sim_voice_call , value = null
D/CSLegacyTypeTracker(  768): getNetworkForType type 1
D/CSLegacyTypeTracker(  768): getNetworkForType type 0
D/CSLegacyTypeTracker(  768): getNetworkForType type 1
D/CSLegacyTypeTracker(  768): getNetworkForType type 2
D/CSLegacyTypeTracker(  768): getNetworkForType type 3
D/CSLegacyTypeTracker(  768): getNetworkForType type 4
D/CSLegacyTypeTracker(  768): getNetworkForType type 5
D/CSLegacyTypeTracker(  768): getNetworkForType type 7
D/CSLegacyTypeTracker(  768): getNetworkForType type 10
D/CSLegacyTypeTracker(  768): getNetworkForType type 11
D/CSLegacyTypeTracker(  768): getNetworkForType type 12
D/CSLegacyTypeTracker(  768): getNetworkForType type 14
D/CSLegacyTypeTracker(  768): getNetworkForType type 15
D/CSLegacyTypeTracker(  768): getNetworkForType type 17
D/CSLegacyTypeTracker(  768): getNetworkForType type 34
D/CSLegacyTypeTracker(  768): getNetworkForType type 35
D/CSLegacyTypeTracker(  768): getNetworkForType type 36
D/CSLegacyTypeTracker(  768): getNetworkForType type 37
D/CSLegacyTypeTracker(  768): getNetworkForType type 38
D/CSLegacyTypeTracker(  768): getNetworkForType type 40
D/CSLegacyTypeTracker(  768): getNetworkForType type 41
D/CSLegacyTypeTracker(  768): getNetworkForType type 49
V/SettingsInterface( 1425):  from settings cache , name = multi_sim_voice_call , value = null
D/CSLegacyTypeTracker(  768): getNetworkForType type 1
D/CSLegacyTypeTracker(  768): getNetworkForType type 0
D/CSLegacyTypeTracker(  768): getNetworkForType type 1
D/CSLegacyTypeTracker(  768): getNetworkForType type 2
D/CSLegacyTypeTracker(  768): getNetworkForType type 3
D/CSLegacyTypeTracker(  768): getNetworkForType type 4
D/CSLegacyTypeTracker(  768): getNetworkForType type 5
D/CSLegacyTypeTracker(  768): getNetworkForType type 7
D/CSLegacyTypeTracker(  768): getNetworkForType type 10
D/CSLegacyTypeTracker(  768): getNetworkForType type 11
D/CSLegacyTypeTracker(  768): getNetworkForType type 12
D/CSLegacyTypeTracker(  768): getNetworkForType type 14
D/CSLegacyTypeTracker(  768): getNetworkForType type 15
D/PROXIMITY(  768): processEvent code=2,value=2
D/CSLegacyTypeTracker(  768): getNetworkForType type 17
D/PROXIMITY(  768): processEvent code=1,value=3
D/PROXIMITYNON(  768): processEvent code=2,value=2
D/PROXIMITYNON(  768): processEvent code=1,value=3
D/CSLegacyTypeTracker(  768): getNetworkForType type 34
D/CSLegacyTypeTracker(  768): getNetworkForType type 35
D/CSLegacyTypeTracker(  768): getNetworkForType type 36
D/CSLegacyTypeTracker(  768): getNetworkForType type 37
D/CSLegacyTypeTracker(  768): getNetworkForType type 38
D/CSLegacyTypeTracker(  768): getNetworkForType type 40
D/CSLegacyTypeTracker(  768): getNetworkForType type 41
D/CSLegacyTypeTracker(  768): getNetworkForType type 49
V/SettingsInterface( 1425):  from settings cache , name = multi_sim_voice_call , value = null
D/CSLegacyTypeTracker(  768): getNetworkForType type 1
D/CSLegacyTypeTracker(  768): getNetworkForType type 0
D/CSLegacyTypeTracker(  768): getNetworkForType type 1
D/CSLegacyTypeTracker(  768): getNetworkForType type 2
D/CSLegacyTypeTracker(  768): getNetworkForType type 3
D/CSLegacyTypeTracker(  768): getNetworkForType type 4
D/CSLegacyTypeTracker(  768): getNetworkForType type 5
D/CSLegacyTypeTracker(  768): getNetworkForType type 7
D/CSLegacyTypeTracker(  768): getNetworkForType type 10
D/CSLegacyTypeTracker(  768): getNetworkForType type 11
D/CSLegacyTypeTracker(  768): getNetworkForType type 12
D/CSLegacyTypeTracker(  768): getNetworkForType type 14
D/CSLegacyTypeTracker(  768): getNetworkForType type 15
D/CSLegacyTypeTracker(  768): getNetworkForType type 17
D/CSLegacyTypeTracker(  768): getNetworkForType type 34
D/CSLegacyTypeTracker(  768): getNetworkForType type 35
D/CSLegacyTypeTracker(  768): getNetworkForType type 36
D/CSLegacyTypeTracker(  768): getNetworkForType type 37
D/CSLegacyTypeTracker(  768): getNetworkForType type 38
D/CSLegacyTypeTracker(  768): getNetworkForType type 40
D/CSLegacyTypeTracker(  768): getNetworkForType type 41
D/CSLegacyTypeTracker(  768): getNetworkForType type 49
V/SettingsInterface( 1425):  from settings cache , name = multi_sim_voice_call , value = null
D/CSLegacyTypeTracker(  768): getNetworkForType type 1
D/CSLegacyTypeTracker(  768): getNetworkForType type 0
D/CSLegacyTypeTracker(  768): getNetworkForType type 1
D/CSLegacyTypeTracker(  768): getNetworkForType type 2
D/CSLegacyTypeTracker(  768): getNetworkForType type 3
D/CSLegacyTypeTracker(  768): getNetworkForType type 4
D/CSLegacyTypeTracker(  768): getNetworkForType type 5
D/CSLegacyTypeTracker(  768): getNetworkForType type 7
D/CSLegacyTypeTracker(  768): getNetworkForType type 10
D/CSLegacyTypeTracker(  768): getNetworkForType type 11
D/CSLegacyTypeTracker(  768): getNetworkForType type 12
D/CSLegacyTypeTracker(  768): getNetworkForType type 14
D/CSLegacyTypeTracker(  768): getNetworkForType type 15
D/CSLegacyTypeTracker(  768): getNetworkForType type 17
D/CSLegacyTypeTracker(  768): getNetworkForType type 34
D/CSLegacyTypeTracker(  768): getNetworkForType type 35
D/CSLegacyTypeTracker(  768): getNetworkForType type 36
D/CSLegacyTypeTracker(  768): getNetworkForType type 37
D/CSLegacyTypeTracker(  768): getNetworkForType type 38
D/CSLegacyTypeTracker(  768): getNetworkForType type 40
D/CSLegacyTypeTracker(  768): getNetworkForType type 41
D/CSLegacyTypeTracker(  768): getNetworkForType type 49
V/SettingsInterface( 1425):  from settings cache , name = multi_sim_voice_call , value = null
D/CSLegacyTypeTracker(  768): getNetworkForType type 1
D/CSLegacyTypeTracker(  768): getNetworkForType type 0
D/CSLegacyTypeTracker(  768): getNetworkForType type 1
D/CSLegacyTypeTracker(  768): getNetworkForType type 2
D/CSLegacyTypeTracker(  768): getNetworkForType type 3
D/CSLegacyTypeTracker(  768): getNetworkForType type 4
D/CSLegacyTypeTracker(  768): getNetworkForType type 5
D/CSLegacyTypeTracker(  768): getNetworkForType type 7
D/CSLegacyTypeTracker(  768): getNetworkForType type 10
D/CSLegacyTypeTracker(  768): getNetworkForType type 11
D/CSLegacyTypeTracker(  768): getNetworkForType type 12
D/CSLegacyTypeTracker(  768): getNetworkForType type 14
D/CSLegacyTypeTracker(  768): getNetworkForType type 15
D/CSLegacyTypeTracker(  768): getNetworkForType type 17
D/CSLegacyTypeTracker(  768): getNetworkForType type 34
D/CSLegacyTypeTracker(  768): getNetworkForType type 35
D/CSLegacyTypeTracker(  768): getNetworkForType type 36
D/CSLegacyTypeTracker(  768): getNetworkForType type 37
D/CSLegacyTypeTracker(  768): getNetworkForType type 38
D/CSLegacyTypeTracker(  768): getNetworkForType type 40
D/CSLegacyTypeTracker(  768): getNetworkForType type 41
D/CSLegacyTypeTracker(  768): getNetworkForType type 49
V/SettingsInterface( 1425):  from settings cache , name = multi_sim_voice_call , value = null
D/CSLegacyTypeTracker(  768): getNetworkForType type 1
D/CSLegacyTypeTracker(  768): getNetworkForType type 0
D/CSLegacyTypeTracker(  768): getNetworkForType type 1
D/CSLegacyTypeTracker(  768): getNetworkForType type 2
D/CSLegacyTypeTracker(  768): getNetworkForType type 3
D/CSLegacyTypeTracker(  768): getNetworkForType type 4
D/CSLegacyTypeTracker(  768): getNetworkForType type 5
D/CSLegacyTypeTracker(  768): getNetworkForType type 7
D/CSLegacyTypeTracker(  768): getNetworkForType type 10
D/CSLegacyTypeTracker(  768): getNetworkForType type 11
D/CSLegacyTypeTracker(  768): getNetworkForType type 12
D/CSLegacyTypeTracker(  768): getNetworkForType type 14
D/CSLegacyTypeTracker(  768): getNetworkForType type 15
D/CSLegacyTypeTracker(  768): getNetworkForType type 17
D/CSLegacyTypeTracker(  768): getNetworkForType type 34
D/CSLegacyTypeTracker(  768): getNetworkForType type 35
D/CSLegacyTypeTracker(  768): getNetworkForType type 36
D/CSLegacyTypeTracker(  768): getNetworkForType type 37
D/CSLegacyTypeTracker(  768): getNetworkForType type 38
D/CSLegacyTypeTracker(  768): getNetworkForType type 40
D/CSLegacyTypeTracker(  768): getNetworkForType type 41
D/CSLegacyTypeTracker(  768): getNetworkForType type 49
V/SettingsInterface( 1425):  from settings cache , name = multi_sim_voice_call , value = null
D/AutomaticBrightnessController(  768): onSensorChanged: lux = 0.0
D/CSLegacyTypeTracker(  768): getNetworkForType type 1
D/CSLegacyTypeTracker(  768): getNetworkForType type 0
D/CSLegacyTypeTracker(  768): getNetworkForType type 1
D/CSLegacyTypeTracker(  768): getNetworkForType type 2
D/CSLegacyTypeTracker(  768): getNetworkForType type 3
D/CSLegacyTypeTracker(  768): getNetworkForType type 4
D/CSLegacyTypeTracker(  768): getNetworkForType type 5
D/CSLegacyTypeTracker(  768): getNetworkForType type 7
D/CSLegacyTypeTracker(  768): getNetworkForType type 10
D/CSLegacyTypeTracker(  768): getNetworkForType type 11
D/CSLegacyTypeTracker(  768): getNetworkForType type 12
D/CSLegacyTypeTracker(  768): getNetworkForType type 14
D/CSLegacyTypeTracker(  768): getNetworkForType type 15
D/CSLegacyTypeTracker(  768): getNetworkForType type 17
D/CSLegacyTypeTracker(  768): getNetworkForType type 34
D/CSLegacyTypeTracker(  768): getNetworkForType type 35
D/CSLegacyTypeTracker(  768): getNetworkForType type 36
D/CSLegacyTypeTracker(  768): getNetworkForType type 37
D/CSLegacyTypeTracker(  768): getNetworkForType type 38
D/CSLegacyTypeTracker(  768): getNetworkForType type 40
D/CSLegacyTypeTracker(  768): getNetworkForType type 41
D/CSLegacyTypeTracker(  768): getNetworkForType type 49
V/SettingsInterface( 1425):  from settings cache , name = multi_sim_voice_call , value = null
D/CSLegacyTypeTracker(  768): getNetworkForType type 1
D/CSLegacyTypeTracker(  768): getNetworkForType type 0
D/CSLegacyTypeTracker(  768): getNetworkForType type 1
D/CSLegacyTypeTracker(  768): getNetworkForType type 2
D/CSLegacyTypeTracker(  768): getNetworkForType type 3
D/CSLegacyTypeTracker(  768): getNetworkForType type 4
D/CSLegacyTypeTracker(  768): getNetworkForType type 5
D/CSLegacyTypeTracker(  768): getNetworkForType type 7
D/CSLegacyTypeTracker(  768): getNetworkForType type 10
D/CSLegacyTypeTracker(  768): getNetworkForType type 11
D/CSLegacyTypeTracker(  768): getNetworkForType type 12
D/CSLegacyTypeTracker(  768): getNetworkForType type 14
D/CSLegacyTypeTracker(  768): getNetworkForType type 15
D/CSLegacyTypeTracker(  768): getNetworkForType type 17
D/CSLegacyTypeTracker(  768): getNetworkForType type 34
D/CSLegacyTypeTracker(  768): getNetworkForType type 35
D/CSLegacyTypeTracker(  768): getNetworkForType type 36
D/CSLegacyTypeTracker(  768): getNetworkForType type 37
D/CSLegacyTypeTracker(  768): getNetworkForType type 38
D/CSLegacyTypeTracker(  768): getNetworkForType type 40
D/CSLegacyTypeTracker(  768): getNetworkForType type 41
D/CSLegacyTypeTracker(  768): getNetworkForType type 49
V/SettingsInterface( 1425):  from settings cache , name = multi_sim_voice_call , value = null
D/CSLegacyTypeTracker(  768): getNetworkForType type 1
D/CSLegacyTypeTracker(  768): getNetworkForType type 0
D/CSLegacyTypeTracker(  768): getNetworkForType type 1
D/CSLegacyTypeTracker(  768): getNetworkForType type 2
D/CSLegacyTypeTracker(  768): getNetworkForType type 3
D/CSLegacyTypeTracker(  768): getNetworkForType type 4
D/CSLegacyTypeTracker(  768): getNetworkForType type 5
D/CSLegacyTypeTracker(  768): getNetworkForType type 7
D/CSLegacyTypeTracker(  768): getNetworkForType type 10
D/CSLegacyTypeTracker(  768): getNetworkForType type 11
D/CSLegacyTypeTracker(  768): getNetworkForType type 12
D/CSLegacyTypeTracker(  768): getNetworkForType type 14
D/CSLegacyTypeTracker(  768): getNetworkForType type 15
D/CSLegacyTypeTracker(  768): getNetworkForType type 17
D/CSLegacyTypeTracker(  768): getNetworkForType type 34
D/CSLegacyTypeTracker(  768): getNetworkForType type 35
D/CSLegacyTypeTracker(  768): getNetworkForType type 36
D/CSLegacyTypeTracker(  768): getNetworkForType type 37
D/CSLegacyTypeTracker(  768): getNetworkForType type 38
D/CSLegacyTypeTracker(  768): getNetworkForType type 40
D/CSLegacyTypeTracker(  768): getNetworkForType type 41
D/CSLegacyTypeTracker(  768): getNetworkForType type 49
V/SettingsInterface( 1425):  from settings cache , name = multi_sim_voice_call , value = null
D/CSLegacyTypeTracker(  768): getNetworkForType type 1
D/CSLegacyTypeTracker(  768): getNetworkForType type 0
D/CSLegacyTypeTracker(  768): getNetworkForType type 1
D/CSLegacyTypeTracker(  768): getNetworkForType type 2
D/CSLegacyTypeTracker(  768): getNetworkForType type 3
D/CSLegacyTypeTracker(  768): getNetworkForType type 4
D/CSLegacyTypeTracker(  768): getNetworkForType type 5
D/CSLegacyTypeTracker(  768): getNetworkForType type 7
D/CSLegacyTypeTracker(  768): getNetworkForType type 10
D/CSLegacyTypeTracker(  768): getNetworkForType type 11
D/CSLegacyTypeTracker(  768): getNetworkForType type 12
D/CSLegacyTypeTracker(  768): getNetworkForType type 14
D/CSLegacyTypeTracker(  768): getNetworkForType type 15
D/CSLegacyTypeTracker(  768): getNetworkForType type 17
D/CSLegacyTypeTracker(  768): getNetworkForType type 34
D/CSLegacyTypeTracker(  768): getNetworkForType type 35
D/CSLegacyTypeTracker(  768): getNetworkForType type 36
D/CSLegacyTypeTracker(  768): getNetworkForType type 37
D/CSLegacyTypeTracker(  768): getNetworkForType type 38
D/CSLegacyTypeTracker(  768): getNetworkForType type 40
D/CSLegacyTypeTracker(  768): getNetworkForType type 41
D/CSLegacyTypeTracker(  768): getNetworkForType type 49
V/SettingsInterface( 1425):  from settings cache , name = multi_sim_voice_call , value = null
D/CSLegacyTypeTracker(  768): getNetworkForType type 1
D/CSLegacyTypeTracker(  768): getNetworkForType type 0
D/CSLegacyTypeTracker(  768): getNetworkForType type 1
D/CSLegacyTypeTracker(  768): getNetworkForType type 2
D/CSLegacyTypeTracker(  768): getNetworkForType type 3
D/CSLegacyTypeTracker(  768): getNetworkForType type 4
D/CSLegacyTypeTracker(  768): getNetworkForType type 5
D/CSLegacyTypeTracker(  768): getNetworkForType type 7
D/CSLegacyTypeTracker(  768): getNetworkForType type 10
D/CSLegacyTypeTracker(  768): getNetworkForType type 11
D/CSLegacyTypeTracker(  768): getNetworkForType type 12
D/CSLegacyTypeTracker(  768): getNetworkForType type 14
D/CSLegacyTypeTracker(  768): getNetworkForType type 15
D/CSLegacyTypeTracker(  768): getNetworkForType type 17
D/CSLegacyTypeTracker(  768): getNetworkForType type 34
D/CSLegacyTypeTracker(  768): getNetworkForType type 35
D/CSLegacyTypeTracker(  768): getNetworkForType type 36
D/CSLegacyTypeTracker(  768): getNetworkForType type 37
D/CSLegacyTypeTracker(  768): getNetworkForType type 38
D/CSLegacyTypeTracker(  768): getNetworkForType type 40
D/CSLegacyTypeTracker(  768): getNetworkForType type 41
D/CSLegacyTypeTracker(  768): getNetworkForType type 49
D/ActivityThread( 1883): SVC-UNBIND_SERVICE handled : 0 / BindServiceData{token=android.os.BinderProxy@37a0464 intent=Intent { act=com.google.android.gms.wearable.BIND pkg=com.google.android.gms }}
D/ActivityThread( 1883): SVC-Destroying service: com.google.android.gms.wearable.service.WearableService@216f6fad
D/ActivityThread( 1883): SVC-STOP_SERVICE handled : 0 / android.os.BinderProxy@37a0464
V/SettingsInterface( 1425):  from settings cache , name = multi_sim_voice_call , value = null
D/CSLegacyTypeTracker(  768): getNetworkForType type 0
D/CSLegacyTypeTracker(  768): getNetworkForType type 1
D/CSLegacyTypeTracker(  768): getNetworkForType type 2
D/CSLegacyTypeTracker(  768): getNetworkForType type 3
D/CSLegacyTypeTracker(  768): getNetworkForType type 4
D/CSLegacyTypeTracker(  768): getNetworkForType type 5
D/CSLegacyTypeTracker(  768): getNetworkForType type 7
D/CSLegacyTypeTracker(  768): getNetworkForType type 10
D/CSLegacyTypeTracker(  768): getNetworkForType type 11
D/CSLegacyTypeTracker(  768): getNetworkForType type 12
D/CSLegacyTypeTracker(  768): getNetworkForType type 14
D/CSLegacyTypeTracker(  768): getNetworkForType type 15
D/CSLegacyTypeTracker(  768): getNetworkForType type 17
D/CSLegacyTypeTracker(  768): getNetworkForType type 34
D/CSLegacyTypeTracker(  768): getNetworkForType type 35
D/CSLegacyTypeTracker(  768): getNetworkForType type 36
D/CSLegacyTypeTracker(  768): getNetworkForType type 37
D/CSLegacyTypeTracker(  768): getNetworkForType type 38
D/CSLegacyTypeTracker(  768): getNetworkForType type 40
D/CSLegacyTypeTracker(  768): getNetworkForType type 41
D/CSLegacyTypeTracker(  768): getNetworkForType type 49
V/SettingsInterface( 1425):  from settings cache , name = multi_sim_voice_call , value = null
D/PowerManagerService(  768): acquireWakeLockInternal: lock=581240526, flags=0x1, tag="DownloadManager", ws=null, uid=10007, pid=1001
D/PowerManagerService(  768): updateWakeLockSummaryLocked: mWakefulness=Awake, mWakeLockSummary=0x1
D/PowerManagerService(  768): updateUserActivitySummaryLocked: mWakefulness=Awake, mUserActivitySummary=0x1, nextTimeout=2308104 (in 51309 ms)
D/PowerManagerService(  768): mDisplayPowerRequest.policy = 3
D/PowerManagerService(  768): isWfdEnabled() mWfdStatus=WifiDisplayStatus{featureState=2, scanState=0, activeDisplayState=0, activeDisplay=null, displays=[], sessionInfo=WifiDisplaySessionInfo: C/O:Client,GId:,Pp:,SId:0,IP:}, return false
D/CSLegacyTypeTracker(  768): getNetworkForType type 1
D/DisplayPowerController(  768): requestPowerState: policy=BRIGHT, useProximitySensor=false, screenBrightness=67, screenAutoBrightnessAdjustment=0.0, useAutoBrightness=true, blockScreenOn=false, lowPowerMode=false, boostScreenBrightness=false, dozeScreenBrightness=-1, useSettingBrightness=false, dozeScreenState=UNKNOWN, waitForNegativeProximity=false
I/PowerManagerService(  768): setBrightness mButtonLight 0.
D/PowerManagerService(  768): updateDisplayPowerStateLocked: mDisplayReady=true, policy=3, mWakefulness=1, mWakeLockSummary=0x1, mUserActivitySummary=0x1, mBootCompleted=true, mScreenBrightnessBoostInProgress=false
D/PowerManagerNotifier(  768): onWakeLockAcquired: flags=1, tag="DownloadManager", packageName=com.android.providers.downloads, ownerUid=10007, ownerPid=1001, workSource=null
D/CSLegacyTypeTracker(  768): getNetworkForType type 0
D/CSLegacyTypeTracker(  768): getNetworkForType type 1
D/CSLegacyTypeTracker(  768): getNetworkForType type 2
D/CSLegacyTypeTracker(  768): getNetworkForType type 3
D/CSLegacyTypeTracker(  768): getNetworkForType type 4
D/CSLegacyTypeTracker(  768): getNetworkForType type 5
D/CSLegacyTypeTracker(  768): getNetworkForType type 7
D/CSLegacyTypeTracker(  768): getNetworkForType type 10
D/CSLegacyTypeTracker(  768): getNetworkForType type 11
D/CSLegacyTypeTracker(  768): getNetworkForType type 12
D/CSLegacyTypeTracker(  768): getNetworkForType type 14
D/CSLegacyTypeTracker(  768): getNetworkForType type 15
D/WifiService(  768): acquireWifiLock, pid:1001, uid:10007
D/CSLegacyTypeTracker(  768): getNetworkForType type 17
D/WifiService(  768): acquireWifiLockLocked: WifiLock{DownloadManager type=3 binder=android.os.BinderProxy@19aad9ef}
D/CSLegacyTypeTracker(  768): getNetworkForType type 34
D/CSLegacyTypeTracker(  768): getNetworkForType type 35
D/CSLegacyTypeTracker(  768): getNetworkForType type 36
D/CSLegacyTypeTracker(  768): getNetworkForType type 37
D/WifiController(  768): ApStaDisabledState{ when=0 what=155654 target=com.android.internal.util.StateMachine$SmHandler }
D/CSLegacyTypeTracker(  768): getNetworkForType type 38
D/WifiController(  768): DefaultState{ when=0 what=155654 target=com.android.internal.util.StateMachine$SmHandler }
D/CSLegacyTypeTracker(  768): getNetworkForType type 40
D/CSLegacyTypeTracker(  768): getNetworkForType type 41
D/CSLegacyTypeTracker(  768): getNetworkForType type 49
V/SettingsInterface( 1425):  from settings cache , name = multi_sim_voice_call , value = null
I/DownloadManager( 1001): Initiating request for download 52
D/Proxy   ( 1001): prefProxy:DIRECT@
I/System.out( 1001): httpget:https://www.gstatic.com/gsa_dynamic_updates/JO3pcpXD4wzhrJH4zXwtkZw.br.jar
V/SettingsInterface( 1425):  from settings cache , name = multi_sim_voice_call , value = null
I/NetworkIdentity(  768): buildNetworkIdentity:
V/SettingsInterface( 1425):  from settings cache , name = multi_sim_data_call , value = 2
I/NetworkIdentity(  768): roaming:false
I/NetworkIdentity(  768): state.subscriberId = 255016140811520
W/DownloadManager( 1001): Aborting request for download 52: download was requested to not use the current network type
D/CSLegacyTypeTracker(  768): getNetworkForType type 0
D/CSLegacyTypeTracker(  768): getNetworkForType type 1
D/CSLegacyTypeTracker(  768): getNetworkForType type 2
D/CSLegacyTypeTracker(  768): getNetworkForType type 3
D/CSLegacyTypeTracker(  768): getNetworkForType type 4
D/CSLegacyTypeTracker(  768): getNetworkForType type 5
D/CSLegacyTypeTracker(  768): getNetworkForType type 7
D/CSLegacyTypeTracker(  768): getNetworkForType type 10
D/CSLegacyTypeTracker(  768): getNetworkForType type 11
D/CSLegacyTypeTracker(  768): getNetworkForType type 12
D/CSLegacyTypeTracker(  768): getNetworkForType type 14
D/CSLegacyTypeTracker(  768): getNetworkForType type 15
D/CSLegacyTypeTracker(  768): getNetworkForType type 17
D/CSLegacyTypeTracker(  768): getNetworkForType type 34
D/CSLegacyTypeTracker(  768): getNetworkForType type 35
D/CSLegacyTypeTracker(  768): getNetworkForType type 36
D/CSLegacyTypeTracker(  768): getNetworkForType type 37
D/CSLegacyTypeTracker(  768): getNetworkForType type 38
D/CSLegacyTypeTracker(  768): getNetworkForType type 40
D/CSLegacyTypeTracker(  768): getNetworkForType type 41
D/CSLegacyTypeTracker(  768): getNetworkForType type 49
V/SettingsInterface( 1425):  from settings cache , name = multi_sim_voice_call , value = null
D/CSLegacyTypeTracker(  768): getNetworkForType type 1
D/CSLegacyTypeTracker(  768): getNetworkForType type 0
D/CSLegacyTypeTracker(  768): getNetworkForType type 1
D/PowerManagerService(  768): releaseWakeLockInternal: lock=853172113 [DownloadManager], flags=0x0, total_time=200ms
D/CSLegacyTypeTracker(  768): getNetworkForType type 2
D/CSLegacyTypeTracker(  768): getNetworkForType type 3
D/CSLegacyTypeTracker(  768): getNetworkForType type 4
D/PowerManagerNotifier(  768): onWakeLockReleased: flags=1, tag="DownloadManager", packageName=com.android.providers.downloads, ownerUid=10007, ownerPid=1001, workSource=null
D/CSLegacyTypeTracker(  768): getNetworkForType type 5
D/CSLegacyTypeTracker(  768): getNetworkForType type 7
D/CSLegacyTypeTracker(  768): getNetworkForType type 10
D/PowerManagerService(  768): updateWakeLockSummaryLocked: mWakefulness=Awake, mWakeLockSummary=0x1
D/CSLegacyTypeTracker(  768): getNetworkForType type 11
D/PowerManagerService(  768): updateUserActivitySummaryLocked: mWakefulness=Awake, mUserActivitySummary=0x1, nextTimeout=2308104 (in 51274 ms)
D/CSLegacyTypeTracker(  768): getNetworkForType type 12
D/PowerManagerService(  768): mDisplayPowerRequest.policy = 3
D/CSLegacyTypeTracker(  768): getNetworkForType type 14
D/CSLegacyTypeTracker(  768): getNetworkForType type 15
D/PowerManagerService(  768): isWfdEnabled() mWfdStatus=WifiDisplayStatus{featureState=2, scanState=0, activeDisplayState=0, activeDisplay=null, displays=[], sessionInfo=WifiDisplaySessionInfo: C/O:Client,GId:,Pp:,SId:0,IP:}, return false
D/CSLegacyTypeTracker(  768): getNetworkForType type 17
D/DisplayPowerController(  768): requestPowerState: policy=BRIGHT, useProximitySensor=false, screenBrightness=67, screenAutoBrightnessAdjustment=0.0, useAutoBrightness=true, blockScreenOn=false, lowPowerMode=false, boostScreenBrightness=false, dozeScreenBrightness=-1, useSettingBrightness=false, dozeScreenState=UNKNOWN, waitForNegativeProximity=false
I/PowerManagerService(  768): setBrightness mButtonLight 0.
D/PowerManagerService(  768): updateDisplayPowerStateLocked: mDisplayReady=true, policy=3, mWakefulness=1, mWakeLockSummary=0x1, mUserActivitySummary=0x1, mBootCompleted=true, mScreenBrightnessBoostInProgress=false
D/CSLegacyTypeTracker(  768): getNetworkForType type 34
D/CSLegacyTypeTracker(  768): getNetworkForType type 35
D/CSLegacyTypeTracker(  768): getNetworkForType type 36
D/CSLegacyTypeTracker(  768): getNetworkForType type 37
D/CSLegacyTypeTracker(  768): getNetworkForType type 38
D/CSLegacyTypeTracker(  768): getNetworkForType type 40
D/CSLegacyTypeTracker(  768): getNetworkForType type 41
D/CSLegacyTypeTracker(  768): getNetworkForType type 49
D/PowerManagerService(  768): acquireWakeLockInternal: lock=692535173, flags=0x1, tag="DownloadManager", ws=null, uid=10007, pid=1001
D/WifiService(  768): releaseWifiLock, pid:1001, uid:10007
D/PowerManagerService(  768): updateWakeLockSummaryLocked: mWakefulness=Awake, mWakeLockSummary=0x1
D/PowerManagerService(  768): updateUserActivitySummaryLocked: mWakefulness=Awake, mUserActivitySummary=0x1, nextTimeout=2308104 (in 51273 ms)
D/PowerManagerService(  768): mDisplayPowerRequest.policy = 3
D/WifiService(  768): releaseWifiLockLocked: WifiLock{DownloadManager type=3 binder=android.os.BinderProxy@28ac82f7}
D/PowerManagerService(  768): isWfdEnabled() mWfdStatus=WifiDisplayStatus{featureState=2, scanState=0, activeDisplayState=0, activeDisplay=null, displays=[], sessionInfo=WifiDisplaySessionInfo: C/O:Client,GId:,Pp:,SId:0,IP:}, return false
D/DisplayPowerController(  768): requestPowerState: policy=BRIGHT, useProximitySensor=false, screenBrightness=67, screenAutoBrightnessAdjustment=0.0, useAutoBrightness=true, blockScreenOn=false, lowPowerMode=false, boostScreenBrightness=false, dozeScreenBrightness=-1, useSettingBrightness=false, dozeScreenState=UNKNOWN, waitForNegativeProximity=false
I/PowerManagerService(  768): setBrightness mButtonLight 0.
D/WifiController(  768): ApStaDisabledState{ when=0 what=155654 target=com.android.internal.util.StateMachine$SmHandler }
D/PowerManagerService(  768): updateDisplayPowerStateLocked: mDisplayReady=true, policy=3, mWakefulness=1, mWakeLockSummary=0x1, mUserActivitySummary=0x1, mBootCompleted=true, mScreenBrightnessBoostInProgress=false
D/WifiController(  768): DefaultState{ when=0 what=155654 target=com.android.internal.util.StateMachine$SmHandler }
D/PowerManagerNotifier(  768): onWakeLockAcquired: flags=1, tag="DownloadManager", packageName=com.android.providers.downloads, ownerUid=10007, ownerPid=1001, workSource=null
D/WifiService(  768): acquireWifiLock, pid:1001, uid:10007
D/WifiService(  768): acquireWifiLockLocked: WifiLock{DownloadManager type=3 binder=android.os.BinderProxy@2e8ec1da}
D/WifiController(  768): ApStaDisabledState{ when=0 what=155654 target=com.android.internal.util.StateMachine$SmHandler }
D/WifiController(  768): DefaultState{ when=-1ms what=155654 target=com.android.internal.util.StateMachine$SmHandler }
V/SettingsInterface( 1425):  from settings cache , name = multi_sim_voice_call , value = null
I/DownloadManager( 1001): Initiating request for download 47
D/Proxy   ( 1001): prefProxy:DIRECT@
I/System.out( 1001): httpget:https://www.gstatic.com/gsa_dynamic_updates/JRONqTmA0U0CIZKSPSjNlyw.br.jar
W/ADB_SERVICES(  459): create_local_service_socket() name=shell:export ANDROID_LOG_TAGS="''"; exec logcat
W/ADB_SERVICES(  459): service_to_fd() name=shell:export ANDROID_LOG_TAGS="''"; exec logcat
W/ADB_SERVICES(  459): read_meminfo() mem_free=248728
D/CSLegacyTypeTracker(  768): getNetworkForType type 0
W/ADB_SERVICES(  459): create_subproc ret_fd=21 pid=6347
D/CSLegacyTypeTracker(  768): getNetworkForType type 1
D/CSLegacyTypeTracker(  768): getNetworkForType type 2
W/ADB_SERVICES(  459): LS(39): bound to 'shell:export ANDROID_LOG_TAGS="''"; exec logcat' via 21
D/CSLegacyTypeTracker(  768): getNetworkForType type 3
D/CSLegacyTypeTracker(  768): getNetworkForType type 4
D/CSLegacyTypeTracker(  768): getNetworkForType type 5
D/CSLegacyTypeTracker(  768): getNetworkForType type 7
W/ADB_SERVICES( 6347): adb: unable to update oom_score_adj
D/CSLegacyTypeTracker(  768): getNetworkForType type 10
D/CSLegacyTypeTracker(  768): getNetworkForType type 11
D/CSLegacyTypeTracker(  768): getNetworkForType type 12
D/CSLegacyTypeTracker(  768): getNetworkForType type 14
D/CSLegacyTypeTracker(  768): getNetworkForType type 15
D/CSLegacyTypeTracker(  768): getNetworkForType type 17
D/CSLegacyTypeTracker(  768): getNetworkForType type 34
D/CSLegacyTypeTracker(  768): getNetworkForType type 35
D/CSLegacyTypeTracker(  768): getNetworkForType type 36
D/CSLegacyTypeTracker(  768): getNetworkForType type 37
D/CSLegacyTypeTracker(  768): getNetworkForType type 38
D/CSLegacyTypeTracker(  768): getNetworkForType type 40
D/CSLegacyTypeTracker(  768): getNetworkForType type 41
D/CSLegacyTypeTracker(  768): getNetworkForType type 49
V/SettingsInterface( 1425):  from settings cache , name = multi_sim_voice_call , value = null
D/CSLegacyTypeTracker(  768): getNetworkForType type 1
D/CSLegacyTypeTracker(  768): getNetworkForType type 0
D/CSLegacyTypeTracker(  768): getNetworkForType type 1
D/CSLegacyTypeTracker(  768): getNetworkForType type 2
D/CSLegacyTypeTracker(  768): getNetworkForType type 3
D/CSLegacyTypeTracker(  768): getNetworkForType type 4
D/CSLegacyTypeTracker(  768): getNetworkForType type 5
D/CSLegacyTypeTracker(  768): getNetworkForType type 7
V/SettingsInterface( 1425):  from settings cache , name = multi_sim_voice_call , value = null
D/CSLegacyTypeTracker(  768): getNetworkForType type 10
D/CSLegacyTypeTracker(  768): getNetworkForType type 11
D/CSLegacyTypeTracker(  768): getNetworkForType type 12
D/CSLegacyTypeTracker(  768): getNetworkForType type 14
D/CSLegacyTypeTracker(  768): getNetworkForType type 15
D/CSLegacyTypeTracker(  768): getNetworkForType type 17
D/CSLegacyTypeTracker(  768): getNetworkForType type 34
D/CSLegacyTypeTracker(  768): getNetworkForType type 35
D/CSLegacyTypeTracker(  768): getNetworkForType type 36
D/CSLegacyTypeTracker(  768): getNetworkForType type 37
D/CSLegacyTypeTracker(  768): getNetworkForType type 38
D/CSLegacyTypeTracker(  768): getNetworkForType type 40
D/CSLegacyTypeTracker(  768): getNetworkForType type 41
D/CSLegacyTypeTracker(  768): getNetworkForType type 49
I/NetworkIdentity(  768): buildNetworkIdentity:
V/SettingsInterface( 1425):  from settings cache , name = multi_sim_data_call , value = 2
I/NetworkIdentity(  768): roaming:false
I/NetworkIdentity(  768): state.subscriberId = 255016140811520
W/DownloadManager( 1001): Aborting request for download 47: download was requested to not use the current network type
V/SettingsInterface( 1425):  from settings cache , name = multi_sim_voice_call , value = null
D/CSLegacyTypeTracker(  768): getNetworkForType type 1
D/PowerManagerService(  768): releaseWakeLockInternal: lock=312235923 [DownloadManager], flags=0x0, total_time=179ms
D/PowerManagerNotifier(  768): onWakeLockReleased: flags=1, tag="DownloadManager", packageName=com.android.providers.downloads, ownerUid=10007, ownerPid=1001, workSource=null
D/PowerManagerService(  768): updateWakeLockSummaryLocked: mWakefulness=Awake, mWakeLockSummary=0x1
D/PowerManagerService(  768): updateUserActivitySummaryLocked: mWakefulness=Awake, mUserActivitySummary=0x1, nextTimeout=2308104 (in 51240 ms)
D/PowerManagerService(  768): mDisplayPowerRequest.policy = 3
D/PowerManagerService(  768): isWfdEnabled() mWfdStatus=WifiDisplayStatus{featureState=2, scanState=0, activeDisplayState=0, activeDisplay=null, displays=[], sessionInfo=WifiDisplaySessionInfo: C/O:Client,GId:,Pp:,SId:0,IP:}, return false
D/DisplayPowerController(  768): requestPowerState: policy=BRIGHT, useProximitySensor=false, screenBrightness=67, screenAutoBrightnessAdjustment=0.0, useAutoBrightness=true, blockScreenOn=false, lowPowerMode=false, boostScreenBrightness=false, dozeScreenBrightness=-1, useSettingBrightness=false, dozeScreenState=UNKNOWN, waitForNegativeProximity=false
I/PowerManagerService(  768): setBrightness mButtonLight 0.
D/PowerManagerService(  768): updateDisplayPowerStateLocked: mDisplayReady=true, policy=3, mWakefulness=1, mWakeLockSummary=0x1, mUserActivitySummary=0x1, mBootCompleted=true, mScreenBrightnessBoostInProgress=false
D/WifiService(  768): releaseWifiLock, pid:1001, uid:10007
D/WifiService(  768): releaseWifiLockLocked: WifiLock{DownloadManager type=3 binder=android.os.BinderProxy@1df243d0}
D/WifiController(  768): ApStaDisabledState{ when=0 what=155654 target=com.android.internal.util.StateMachine$SmHandler }
D/WifiController(  768): DefaultState{ when=0 what=155654 target=com.android.internal.util.StateMachine$SmHandler }
D/PowerManagerService(  768): acquireWakeLockInternal: lock=754629864, flags=0x1, tag="DownloadManager", ws=null, uid=10007, pid=1001
D/PowerManagerService(  768): updateWakeLockSummaryLocked: mWakefulness=Awake, mWakeLockSummary=0x1
D/PowerManagerService(  768): updateUserActivitySummaryLocked: mWakefulness=Awake, mUserActivitySummary=0x1, nextTimeout=2308104 (in 51238 ms)
D/PowerManagerService(  768): mDisplayPowerRequest.policy = 3
D/PowerManagerService(  768): isWfdEnabled() mWfdStatus=WifiDisplayStatus{featureState=2, scanState=0, activeDisplayState=0, activeDisplay=null, displays=[], sessionInfo=WifiDisplaySessionInfo: C/O:Client,GId:,Pp:,SId:0,IP:}, return false
