I/BufferQueueConsumer(  236): [](this:0x7f96d4e000,id:427,api:1,p:-1,c:236) getReleasedBuffers: returning mask 0xffffffffffffffff
V/SettingsInterface( 1425):  from settings cache , name = multi_sim_voice_call , value = null
D/OpenGLRenderer( 6194): Flushing caches (mode 0)
D/FeatureProxyBase(  768): FeatureProxyBase class constructor
D/MultiWindow(  768): MultiWindowProxy constructor.
D/FeatureProxyBase(  768): getService(), serviceName = multiwindow_service_v1
D/FeatureProxyBase(  768): FeatureProxyBase class constructor
D/MultiWindow(  768): MultiWindowProxy constructor.
D/FeatureProxyBase(  768): getService(), serviceName = multiwindow_service_v1
I/BufferQueueConsumer(  236): [](this:0x7f96c47000,id:426,api:1,p:-1,c:-1) disconnect(C)
I/BufferQueueConsumer(  236): [](this:0x7f96d4e000,id:427,api:1,p:-1,c:-1) disconnect(C)
D/FeatureProxyBase(  768): FeatureProxyBase class constructor
D/GraphicBuffer(  236): free, handle(0x7f9b412b60) (w:159 h:99 s:160 f:0x1 u:0x000b00)
D/MultiWindow(  768): MultiWindowProxy constructor.
D/FeatureProxyBase(  768): getService(), serviceName = multiwindow_service_v1
I/BufferQueue(  236): [](this:0x7f96c47000,id:426,api:1,p:-1,c:-1) ~BufferQueueCore
I/PerfService(  236): PerfServiceNative_notifyDisplayType:0
D/PerfServiceManager(  768): [PerfService] notifyDisplayType:0 
V/SettingsInterface( 1425):  from settings cache , name = multi_sim_voice_call , value = null
I/BufferQueue(  236): [](this:0x7f96d4e000,id:427,api:1,p:-1,c:-1) ~BufferQueueCore
D/FeatureProxyBase(  768): FeatureProxyBase class constructor
D/MultiWindow(  768): MultiWindowProxy constructor.
D/FeatureProxyBase(  768): getService(), serviceName = multiwindow_service_v1
D/FeatureProxyBase(  768): FeatureProxyBase class constructor
D/MultiWindow(  768): MultiWindowProxy constructor.
D/FeatureProxyBase(  768): getService(), serviceName = multiwindow_service_v1
V/SettingsInterface( 1425):  from settings cache , name = multi_sim_voice_call , value = null
I/libPerfService(  768): perfSetFavorPid - pid:6194, 1832
D/FeatureProxyBase(  768): FeatureProxyBase class constructor
D/MultiWindow(  768): MultiWindowProxy constructor.
D/FeatureProxyBase(  768): getService(), serviceName = multiwindow_service_v1
V/SettingsInterface( 1425):  from settings cache , name = multi_sim_voice_call , value = null
D/FeatureProxyBase(  768): FeatureProxyBase class constructor
D/MultiWindow(  768): MultiWindowProxy constructor.
D/FeatureProxyBase(  768): getService(), serviceName = multiwindow_service_v1
V/SettingsInterface( 1425):  from settings cache , name = multi_sim_voice_call , value = null
D/FeatureProxyBase(  768): FeatureProxyBase class constructor
D/MultiWindow(  768): MultiWindowProxy constructor.
D/FeatureProxyBase(  768): getService(), serviceName = multiwindow_service_v1
D/SurfaceFlinger(  236): Skip composition.
V/SettingsInterface( 1425):  from settings cache , name = multi_sim_voice_call , value = null
D/FeatureProxyBase(  768): FeatureProxyBase class constructor
D/MultiWindow(  768): MultiWindowProxy constructor.
D/FeatureProxyBase(  768): getService(), serviceName = multiwindow_service_v1
I/libPerfService(  768): perfSetFavorPid - pid:6194, 1832
V/SettingsInterface( 1425):  from settings cache , name = multi_sim_voice_call , value = null
D/FeatureProxyBase(  768): FeatureProxyBase class constructor
D/MultiWindow(  768): MultiWindowProxy constructor.
D/FeatureProxyBase(  768): getService(), serviceName = multiwindow_service_v1
D/FeatureProxyBase(  768): FeatureProxyBase class constructor
D/MultiWindow(  768): MultiWindowProxy constructor.
D/FeatureProxyBase(  768): getService(), serviceName = multiwindow_service_v1
I/SurfaceView( 6194): updateWindow -- setFrame, this = android.view.SurfaceView{31a062f6 V.E..... ......I. 0,0-1,1}
I/SurfaceView( 6194): updateWindow -- OnPreDrawListener, mHaveFrame = true, this = android.view.SurfaceView{31a062f6 V.E..... ......I. 0,0-1,1}
D/FeatureProxyBase( 6194): FeatureProxyBase class constructor
D/MultiWindow( 6194): MultiWindowProxy constructor.
D/FeatureProxyBase( 6194): getService(), serviceName = multiwindow_service_v1
D/FeatureProxyBase( 6194): FeatureProxyBase class constructor
V/SettingsInterface( 1425):  from settings cache , name = multi_sim_voice_call , value = null
D/MultiWindow( 6194): MultiWindowProxy constructor.
D/FeatureProxyBase( 6194): getService(), serviceName = multiwindow_service_v1
D/FeatureProxyBase( 6194): FeatureProxyBase class constructor
D/MultiWindow( 6194): MultiWindowProxy constructor.
D/FeatureProxyBase( 6194): getService(), serviceName = multiwindow_service_v1
D/SurfaceFlinger(  236): Skip composition.
D/FeatureProxyBase(  768): FeatureProxyBase class constructor
D/MultiWindow(  768): MultiWindowProxy constructor.
D/FeatureProxyBase(  768): getService(), serviceName = multiwindow_service_v1
V/SettingsInterface( 1425):  from settings cache , name = multi_sim_voice_call , value = null
I/DownloadManager( 1001): Initiating request for download 52
D/Proxy   ( 1001): prefProxy:DIRECT@
I/System.out( 1001): httpget:https://www.gstatic.com/gsa_dynamic_updates/JO3pcpXD4wzhrJH4zXwtkZw.br.jar
V/SettingsInterface( 1425):  from settings cache , name = multi_sim_voice_call , value = null
V/SettingsInterface( 1425):  from settings cache , name = multi_sim_data_call , value = 2
W/DownloadManager( 1001): Aborting request for download 52: download was requested to not use the current network type
I/PerfService(  236): PerfServiceNative_notifyDisplayType:1
D/PerfServiceManager(  768): [PerfService] notifyDisplayType:1 
D/Surface (  236): Surface::setBuffersDimensions(this=0x7f9bdf5e00,w=720,h=1280)
D/GraphicBuffer(  236): free, handle(0x7f96d61840) (w:720 h:50 s:720 f:0x1 u:0x000b00)
D/PhoneStatusBar(  957): MSG_DELAY_UPDATE_RECENT, rotation 1, mManuRemoveTask = false
D/Surface (  957): Surface::setBuffersDimensions(this=0x7f80a55a00,w=50,h=1280)
D/InputReader(  768): AP_PROF:AppLaunch_dispatchPtr:Up:2255281, ID:0, Index:1956183200
I/BufferQueueProducer(  236): [FrameBufferSurface_0](this:0x7f9bd73000,id:0,api:1,p:236,c:236) queueBuffer: fps=20.17 dur=1487.28 max=934.67 min=14.36
I/PerfService(  768): PerfServiceNative_boostDisableAsync:5
I/libPerfService(  768): 5: set: 3
I/libPerfService(  768): 5: set freq: 819000
D/FeatureProxyBase(  768): FeatureProxyBase class constructor
D/MultiWindow(  768): MultiWindowProxy constructor.
D/FeatureProxyBase(  768): getService(), serviceName = multiwindow_service_v1
V/SettingsInterface( 6194):  from settings cache , name = mz_smartbar_auto_hide , value = 0
D/ProgressBar(  957): setMax, old = 10000, new = 10000, backtrace = android.widget.AbsSeekBar.setMax:354 com.android.systemui.mzrecent.RecentSlidingDrawer.initSeekBarState:3788 com.android.systemui.mzrecent.RecentSlidingDrawer.initRecentPages:908 com.android.systemui.statusbar.phone.PhoneStatusBar$16.handleMessage:1522 android.os.Handler.dispatchMessage:111 , this = android.widget.SeekBar{3f68ee6a VFED.... ......I. 0,0-0,0 #7f0e014e app:id/seek_bar}
V/SettingsInterface(  957):  from settings cache , name = screen_brightness_mode , value = 1
V/SettingsInterface(  957):  from settings cache , name = screen_brightness , value = 156
D/ProgressBar(  957): setProgress, old = 5959, new = 5959, max = 10000, backtrace = android.widget.ProgressBar.setProgress:1311 com.android.systemui.mzrecent.RecentSlidingDrawer.initSeekBarState:3790 com.android.systemui.mzrecent.RecentSlidingDrawer.initRecentPages:908 com.android.systemui.statusbar.phone.PhoneStatusBar$16.handleMessage:1522 android.os.Handler.dispatchMessage:111 , this = android.widget.SeekBar{3f68ee6a VFED.... ......I. 0,0-0,0 #7f0e014e app:id/seek_bar}
V/SettingsInterface( 1425):  from settings cache , name = multi_sim_voice_call , value = null
W/ResourceType(  957): No package identifier when getting value for resource number 0x00000000
W/PackageManager(  957): Failure retrieving resources for es.esy.CosyDVR: Resource ID #0x0
D/MzSplitActionBarContainer( 6194): setBackButtonEnable: mBackButton = null; enable = false; addBackButton = false; mEnableBackButton=false
W/ResourceType(  957): No package identifier when getting value for resource number 0x00000000
W/PackageManager(  957): Failure retrieving resources for com.android.settings: Resource ID #0x0
D/Surface (  236): Surface::setBuffersDimensions(this=0x7f9bdf5e00,w=720,h=1280)
V/SettingsInterface( 1425):  from settings cache , name = multi_sim_voice_call , value = null
D/FeatureProxyBase(  768): FeatureProxyBase class constructor
D/MultiWindow(  768): MultiWindowProxy constructor.
D/FeatureProxyBase(  768): getService(), serviceName = multiwindow_service_v1
D/AbsListView( 6194): checkAbsListViewlLogProperty get invalid command
W/ResourceType(  957): No package identifier when getting value for resource number 0x00000000
W/PackageManager(  957): Failure retrieving resources for com.meizu.filemanager: Resource ID #0x0
V/SettingsInterface( 1425):  from settings cache , name = multi_sim_voice_call , value = null
W/ResourceType(  957): No package identifier when getting value for resource number 0x00000000
W/PackageManager(  957): Failure retrieving resources for com.android.packageinstaller: Resource ID #0x0
D/MzSplitActionBarContainer( 6194): setBackButtonEnable: mBackButton = null; enable = false; addBackButton = false; mEnableBackButton=false
D/PreferenceActivity( 6194): onCreate, hidingHeaders = false, mSinglePane = true
D/PreferenceActivity( 6194):     Start a new activity.
D/PreferenceActivity( 6194):     In the old "just show a screen of preferences" mode.
D/Surface (  236): Surface::setBuffersDimensions(this=0x7f9bdf5e00,w=720,h=1280)
D/AbsListView( 6194): checkAbsListViewlLogProperty get invalid command
D/FeatureProxyBase(  768): FeatureProxyBase class constructor
D/MultiWindow(  768): MultiWindowProxy constructor.
D/FeatureProxyBase(  768): getService(), serviceName = multiwindow_service_v1
D/PreferenceFragment( 6194): onCreate, this = MyPreferenceFragment{37e40020 #0 id=0x1020002}
V/SettingsInterface( 1425):  from settings cache , name = multi_sim_voice_call , value = null
I/DownloadManager( 1001): Initiating request for download 54
D/Proxy   ( 1001): prefProxy:DIRECT@
D/PreferenceFragment( 6194): addPreferencesFromResource, resId = 2130968576, this = MyPreferenceFragment{37e40020 #0 id=0x1020002}
D/PreferenceManager( 6194): inflateFromResource
D/Surface (  236): Surface::setBuffersDimensions(this=0x7f9bdf5e00,w=720,h=1280)
D/PreferenceGroup( 6194): addPreference, preference.getKey() = null, this.getKey() = null
D/Preference( 6194): setOrder, old = 2147483647, new = 0, this.getKey() = null
D/Preference( 6194): onParentChanged, mParentDependencyMet = true, disableChild = false, this.getKey() = null
I/System.out( 1001): httpget:https://www.gstatic.com/gsa_dynamic_updates/J9QDaGQFTyrEOSppQx6MtlA.br.jar
D/PreferenceGroup( 6194): addPreference, preference.getKey() = autostart_recording, this.getKey() = null
D/Preference( 6194): setOrder, old = 2147483647, new = 0, this.getKey() = autostart_recording
D/Preference( 6194): onParentChanged, mParentDependencyMet = true, disableChild = false, this.getKey() = autostart_recording
D/PreferenceGroup( 6194): addPreference, preference.getKey() = use_gps, this.getKey() = null
D/Preference( 6194): setOrder, old = 2147483647, new = 1, this.getKey() = use_gps
D/Preference( 6194): onParentChanged, mParentDependencyMet = true, disableChild = false, this.getKey() = use_gps
D/PreferenceGroup( 6194): addPreference, preference.getKey() = reverse_landscape, this.getKey() = null
D/Preference( 6194): setOrder, old = 2147483647, new = 2, this.getKey() = reverse_landscape
D/Preference( 6194): onParentChanged, mParentDependencyMet = true, disableChild = false, this.getKey() = reverse_landscape
D/PreferenceGroup( 6194): addPreference, preference.getKey() = sd_card_path, this.getKey() = null
D/Preference( 6194): setOrder, old = 2147483647, new = 3, this.getKey() = sd_card_path
D/Preference( 6194): onParentChanged, mParentDependencyMet = true, disableChild = false, this.getKey() = sd_card_path
D/FeatureProxyBase(  768): FeatureProxyBase class constructor
D/MultiWindow(  768): MultiWindowProxy constructor.
D/FeatureProxyBase(  768): getService(), serviceName = multiwindow_service_v1
W/Resources( 6194): Converting to string: TypedValue{t=0x10/d=0x989680 a=-1}
W/ResourceType(  957): No package identifier when getting value for resource number 0x00000000
I/DownloadManager( 1001): Initiating request for download 55
D/Proxy   ( 1001): prefProxy:DIRECT@
W/PackageManager(  957): Failure retrieving resources for com.android.browser: Resource ID #0x0
V/SettingsInterface( 1425):  from settings cache , name = multi_sim_voice_call , value = null
I/System.out( 1001): httpget:https://www.gstatic.com/gsa_dynamic_updates/JylNdzRwSSRbfU7Md3SMK4g.br.jar
D/PreferenceGroup( 6194): addPreference, preference.getKey() = max_temp_folder_size, this.getKey() = null
D/Preference( 6194): setOrder, old = 2147483647, new = 4, this.getKey() = max_temp_folder_size
D/Preference( 6194): onParentChanged, mParentDependencyMet = true, disableChild = false, this.getKey() = max_temp_folder_size
W/Resources( 6194): Converting to string: TypedValue{t=0x10/d=0xf4240 a=-1}
W/ResourceType(  957): No package identifier when getting value for resource number 0x00000000
W/PackageManager(  957): Failure retrieving resources for com.meizu.notepaper: Resource ID #0x0
D/PreferenceGroup( 6194): addPreference, preference.getKey() = min_free_space, this.getKey() = null
D/Preference( 6194): setOrder, old = 2147483647, new = 5, this.getKey() = min_free_space
D/Preference( 6194): onParentChanged, mParentDependencyMet = true, disableChild = false, this.getKey() = min_free_space
W/Resources( 6194): Converting to string: TypedValue{t=0x10/d=0x927c0 a=-1}
V/SettingsInterface( 1425):  from settings cache , name = multi_sim_voice_call , value = null
D/PreferenceGroup( 6194): addPreference, preference.getKey() = video_duration, this.getKey() = null
D/Preference( 6194): setOrder, old = 2147483647, new = 6, this.getKey() = video_duration
D/Preference( 6194): onParentChanged, mParentDependencyMet = true, disableChild = false, this.getKey() = video_duration
W/Resources( 6194): Converting to string: TypedValue{t=0x10/d=0x500 a=-1}
W/ResourceType(  957): No package identifier when getting value for resource number 0x00000000
W/PackageManager(  957): Failure retrieving resources for sk.michalec.SimpleDigiClockWidget: Resource ID #0x0
D/Surface (  236): Surface::setBuffersDimensions(this=0x7f9bdf5e00,w=720,h=1280)
D/PreferenceGroup( 6194): addPreference, preference.getKey() = video_width, this.getKey() = null
D/Preference( 6194): setOrder, old = 2147483647, new = 7, this.getKey() = video_width
D/Preference( 6194): onParentChanged, mParentDependencyMet = true, disableChild = false, this.getKey() = video_width
W/Resources( 6194): Converting to string: TypedValue{t=0x10/d=0x2d0 a=-1}
D/FeatureProxyBase(  768): FeatureProxyBase class constructor
D/MultiWindow(  768): MultiWindowProxy constructor.
D/FeatureProxyBase(  768): getService(), serviceName = multiwindow_service_v1
D/PreferenceGroup( 6194): addPreference, preference.getKey() = video_height, this.getKey() = null
D/Preference( 6194): setOrder, old = 2147483647, new = 8, this.getKey() = video_height
D/Preference( 6194): onParentChanged, mParentDependencyMet = true, disableChild = false, this.getKey() = video_height
W/Resources( 6194): Converting to string: TypedValue{t=0x10/d=0x1e a=-1}
D/PreferenceGroup( 6194): addPreference, preference.getKey() = video_frame_rate, this.getKey() = null
D/Preference( 6194): setOrder, old = 2147483647, new = 9, this.getKey() = video_frame_rate
D/Preference( 6194): onParentChanged, mParentDependencyMet = true, disableChild = false, this.getKey() = video_frame_rate
W/Resources( 6194): Converting to string: TypedValue{t=0x10/d=0x6 a=-1}
V/SettingsInterface( 1425):  from settings cache , name = multi_sim_voice_call , value = null
D/PreferenceGroup( 6194): addPreference, preference.getKey() = time_lapse_factor, this.getKey() = null
D/Preference( 6194): setOrder, old = 2147483647, new = 10, this.getKey() = time_lapse_factor
D/Preference( 6194): onParentChanged, mParentDependencyMet = true, disableChild = false, this.getKey() = time_lapse_factor
W/Resources( 6194): Converting to string: TypedValue{t=0x10/d=0x4c4b40 a=-1}
V/SettingsInterface( 1425):  from settings cache , name = multi_sim_data_call , value = 2
D/PreferenceGroup( 6194): addPreference, preference.getKey() = video_bitrate, this.getKey() = null
D/Preference( 6194): setOrder, old = 2147483647, new = 11, this.getKey() = video_bitrate
D/Preference( 6194): onParentChanged, mParentDependencyMet = true, disableChild = false, this.getKey() = video_bitrate
D/PreferenceGroup( 6194): addPreference, preference.getKey() = null, this.getKey() = null
D/Preference( 6194): setOrder, old = 2147483647, new = 1, this.getKey() = null
D/Preference( 6194): onParentChanged, mParentDependencyMet = true, disableChild = false, this.getKey() = null
D/PreferenceGroup( 6194): addPreference, preference.getKey() = screen_instructions, this.getKey() = null
D/Preference( 6194): setOrder, old = 2147483647, new = 0, this.getKey() = screen_instructions
D/Preference( 6194): onParentChanged, mParentDependencyMet = true, disableChild = false, this.getKey() = screen_instructions
D/PreferenceGroup( 6194): addPreference, preference.getKey() = instruction_fav, this.getKey() = screen_instructions
D/Preference( 6194): setOrder, old = 2147483647, new = 0, this.getKey() = instruction_fav
D/Preference( 6194): onParentChanged, mParentDependencyMet = true, disableChild = false, this.getKey() = instruction_fav
D/PreferenceGroup( 6194): addPreference, preference.getKey() = instruction_restart, this.getKey() = screen_instructions
D/Preference( 6194): setOrder, old = 2147483647, new = 1, this.getKey() = instruction_restart
D/Preference( 6194): onParentChanged, mParentDependencyMet = true, disableChild = false, this.getKey() = instruction_restart
D/PreferenceGroup( 6194): addPreference, preference.getKey() = instruction_focus, this.getKey() = screen_instructions
D/Preference( 6194): setOrder, old = 2147483647, new = 2, this.getKey() = instruction_focus
D/Preference( 6194): onParentChanged, mParentDependencyMet = true, disableChild = false, this.getKey() = instruction_focus
D/PreferenceGroup( 6194): addPreference, preference.getKey() = instruction_night, this.getKey() = screen_instructions
D/Preference( 6194): setOrder, old = 2147483647, new = 3, this.getKey() = instruction_night
D/Preference( 6194): onParentChanged, mParentDependencyMet = true, disableChild = false, this.getKey() = instruction_night
D/PreferenceGroup( 6194): addPreference, preference.getKey() = instruction_flash, this.getKey() = screen_instructions
D/Preference( 6194): setOrder, old = 2147483647, new = 4, this.getKey() = instruction_flash
D/Preference( 6194): onParentChanged, mParentDependencyMet = true, disableChild = false, this.getKey() = instruction_flash
W/DownloadManager( 1001): Aborting request for download 54: download was requested to not use the current network type
D/PreferenceGroup( 6194): addPreference, preference.getKey() = instruction_exit, this.getKey() = screen_instructions
D/Preference( 6194): setOrder, old = 2147483647, new = 5, this.getKey() = instruction_exit
D/Preference( 6194): onParentChanged, mParentDependencyMet = true, disableChild = false, this.getKey() = instruction_exit
D/PreferenceGroup( 6194): addPreference, preference.getKey() = instruction_punch, this.getKey() = screen_instructions
D/Preference( 6194): setOrder, old = 2147483647, new = 6, this.getKey() = instruction_punch
D/Preference( 6194): onParentChanged, mParentDependencyMet = true, disableChild = false, this.getKey() = instruction_punch
D/PreferenceGroup( 6194): addPreference, preference.getKey() = instruction_tap, this.getKey() = screen_instructions
D/Preference( 6194): setOrder, old = 2147483647, new = 7, this.getKey() = instruction_tap
D/Preference( 6194): onParentChanged, mParentDependencyMet = true, disableChild = false, this.getKey() = instruction_tap
D/PreferenceGroup( 6194): addPreference, preference.getKey() = instruction_about, this.getKey() = null
D/Preference( 6194): setOrder, old = 2147483647, new = 1, this.getKey() = instruction_about
D/Preference( 6194): onParentChanged, mParentDependencyMet = true, disableChild = false, this.getKey() = instruction_about
V/SettingsInterface( 1425):  from settings cache , name = multi_sim_voice_call , value = null
D/Environment( 6194): getStorageVolume,  volume:StorageVolume:
D/Environment( 6194):     mStorageId=65537 mPath=/storage/emulated/0 mDescriptionId=17040810 
D/Environment( 6194):     mPrimary=true mRemovable=false mEmulated=true mMtpReserveSpace=10 
D/Environment( 6194):     mAllowMassStorage=false mMaxFileSize=0 mOwner=UserHandle{0} mUuid=null 
D/Environment( 6194):     mUserLabel=null mState=mounted 
D/Environment( 6194): getStorageVolume,  volume:StorageVolume:
D/Environment( 6194):     mStorageId=131073 mPath=/storage/sdcard1 mDescriptionId=17040808 
D/Environment( 6194):     mPrimary=false mRemovable=true mEmulated=false mMtpReserveSpace=0 
D/Environment( 6194):     mAllowMassStorage=true mMaxFileSize=0 mOwner=null mUuid=null 
D/Environment( 6194):     mUserLabel=null mState=removed 
D/Surface (  236): Surface::setBuffersDimensions(this=0x7f9bdf5e00,w=720,h=1280)
D/FeatureProxyBase(  768): FeatureProxyBase class constructor
D/MultiWindow(  768): MultiWindowProxy constructor.
D/FeatureProxyBase(  768): getService(), serviceName = multiwindow_service_v1
D/Environment( 6194): getStorageVolume,  volume:StorageVolume:
D/Environment( 6194):     mStorageId=65537 mPath=/storage/emulated/0 mDescriptionId=17040810 
D/Environment( 6194):     mPrimary=true mRemovable=false mEmulated=true mMtpReserveSpace=10 
D/Environment( 6194):     mAllowMassStorage=false mMaxFileSize=0 mOwner=UserHandle{0} mUuid=null 
D/Environment( 6194):     mUserLabel=null mState=mounted 
D/Environment( 6194): getStorageVolume,  volume:StorageVolume:
D/Environment( 6194):     mStorageId=131073 mPath=/storage/sdcard1 mDescriptionId=17040808 
D/Environment( 6194):     mPrimary=false mRemovable=true mEmulated=false mMtpReserveSpace=0 
D/Environment( 6194):     mAllowMassStorage=true mMaxFileSize=0 mOwner=null mUuid=null 
D/Environment( 6194):     mUserLabel=null mState=removed 
D/Environment( 6194): getStorageVolume,  volume:StorageVolume:
D/Environment( 6194):     mStorageId=65537 mPath=/storage/emulated/0 mDescriptionId=17040810 
D/Environment( 6194):     mPrimary=true mRemovable=false mEmulated=true mMtpReserveSpace=10 
D/Environment( 6194):     mAllowMassStorage=false mMaxFileSize=0 mOwner=UserHandle{0} mUuid=null 
D/Environment( 6194):     mUserLabel=null mState=mounted 
D/Environment( 6194): getStorageVolume,  volume:StorageVolume:
D/Environment( 6194):     mStorageId=131073 mPath=/storage/sdcard1 mDescriptionId=17040808 
D/Environment( 6194):     mPrimary=false mRemovable=true mEmulated=false mMtpReserveSpace=0 
D/Environment( 6194):     mAllowMassStorage=true mMaxFileSize=0 mOwner=null mUuid=null 
D/Environment( 6194):     mUserLabel=null mState=removed 
V/SettingsInterface( 1425):  from settings cache , name = multi_sim_voice_call , value = null
W/ContextImpl( 6194): Failed to ensure directory: /storage/sdcard1/Android/data/es.esy.CosyDVR/files
V/SettingsInterface( 1425):  from settings cache , name = multi_sim_data_call , value = 2
D/Environment( 6194): getStorageVolume,  volume:StorageVolume:
D/Environment( 6194):     mStorageId=65537 mPath=/storage/emulated/0 mDescriptionId=17040810 
D/Environment( 6194):     mPrimary=true mRemovable=false mEmulated=true mMtpReserveSpace=10 
D/Environment( 6194):     mAllowMassStorage=false mMaxFileSize=0 mOwner=UserHandle{0} mUuid=null 
D/Environment( 6194):     mUserLabel=null mState=mounted 
D/Environment( 6194): getStorageVolume,  volume:StorageVolume:
D/Environment( 6194):     mStorageId=131073 mPath=/storage/sdcard1 mDescriptionId=17040808 
D/Environment( 6194):     mPrimary=false mRemovable=true mEmulated=false mMtpReserveSpace=0 
D/Environment( 6194):     mAllowMassStorage=true mMaxFileSize=0 mOwner=null mUuid=null 
D/Environment( 6194):     mUserLabel=null mState=removed 
W/DownloadManager( 1001): Aborting request for download 55: download was requested to not use the current network type
D/Environment( 6194): getStorageVolume,  volume:StorageVolume:
D/Environment( 6194):     mStorageId=65537 mPath=/storage/emulated/0 mDescriptionId=17040810 
D/Environment( 6194):     mPrimary=true mRemovable=false mEmulated=true mMtpReserveSpace=10 
D/Environment( 6194):     mAllowMassStorage=false mMaxFileSize=0 mOwner=UserHandle{0} mUuid=null 
D/Environment( 6194):     mUserLabel=null mState=mounted 
D/Environment( 6194): getStorageVolume,  volume:StorageVolume:
D/Environment( 6194):     mStorageId=131073 mPath=/storage/sdcard1 mDescriptionId=17040808 
D/Environment( 6194):     mPrimary=false mRemovable=true mEmulated=false mMtpReserveSpace=0 
D/Environment( 6194):     mAllowMassStorage=true mMaxFileSize=0 mOwner=null mUuid=null 
D/Environment( 6194):     mUserLabel=null mState=removed 
V/SettingsInterface( 1425):  from settings cache , name = multi_sim_voice_call , value = null
D/Environment( 6194): getStorageVolume,  volume:StorageVolume:
D/Environment( 6194):     mStorageId=65537 mPath=/storage/emulated/0 mDescriptionId=17040810 
D/Environment( 6194):     mPrimary=true mRemovable=false mEmulated=true mMtpReserveSpace=10 
D/Environment( 6194):     mAllowMassStorage=false mMaxFileSize=0 mOwner=UserHandle{0} mUuid=null 
D/Environment( 6194):     mUserLabel=null mState=mounted 
D/Environment( 6194): getStorageVolume,  volume:StorageVolume:
D/Environment( 6194):     mStorageId=131073 mPath=/storage/sdcard1 mDescriptionId=17040808 
D/Environment( 6194):     mPrimary=false mRemovable=true mEmulated=false mMtpReserveSpace=0 
D/Environment( 6194):     mAllowMassStorage=true mMaxFileSize=0 mOwner=null mUuid=null 
D/Environment( 6194):     mUserLabel=null mState=removed 
D/Surface (  236): Surface::setBuffersDimensions(this=0x7f9bdf5e00,w=720,h=1280)
D/Environment( 6194): getStorageVolume,  volume:StorageVolume:
D/Environment( 6194):     mStorageId=65537 mPath=/storage/emulated/0 mDescriptionId=17040810 
D/Environment( 6194):     mPrimary=true mRemovable=false mEmulated=true mMtpReserveSpace=10 
D/Environment( 6194):     mAllowMassStorage=false mMaxFileSize=0 mOwner=UserHandle{0} mUuid=null 
D/Environment( 6194):     mUserLabel=null mState=mounted 
D/Environment( 6194): getStorageVolume,  volume:StorageVolume:
D/Environment( 6194):     mStorageId=131073 mPath=/storage/sdcard1 mDescriptionId=17040808 
D/Environment( 6194):     mPrimary=false mRemovable=true mEmulated=false mMtpReserveSpace=0 
D/Environment( 6194):     mAllowMassStorage=true mMaxFileSize=0 mOwner=null mUuid=null 
D/Environment( 6194):     mUserLabel=null mState=removed 
D/FeatureProxyBase(  768): FeatureProxyBase class constructor
D/MultiWindow(  768): MultiWindowProxy constructor.
D/FeatureProxyBase(  768): getService(), serviceName = multiwindow_service_v1
D/Environment( 6194): getStorageVolume,  volume:StorageVolume:
D/Environment( 6194):     mStorageId=65537 mPath=/storage/emulated/0 mDescriptionId=17040810 
D/Environment( 6194):     mPrimary=true mRemovable=false mEmulated=true mMtpReserveSpace=10 
D/Environment( 6194):     mAllowMassStorage=false mMaxFileSize=0 mOwner=UserHandle{0} mUuid=null 
D/Environment( 6194):     mUserLabel=null mState=mounted 
D/Environment( 6194): getStorageVolume,  volume:StorageVolume:
D/Environment( 6194):     mStorageId=131073 mPath=/storage/sdcard1 mDescriptionId=17040808 
D/Environment( 6194):     mPrimary=false mRemovable=true mEmulated=false mMtpReserveSpace=0 
D/Environment( 6194):     mAllowMassStorage=true mMaxFileSize=0 mOwner=null mUuid=null 
D/Environment( 6194):     mUserLabel=null mState=removed 
W/ContextImpl( 6194): Failed to ensure directory: /storage/sdcard1/Android/data/es.esy.CosyDVR/files
V/SettingsInterface( 1425):  from settings cache , name = multi_sim_voice_call , value = null
D/Environment( 6194): getStorageVolume,  volume:StorageVolume:
D/Environment( 6194):     mStorageId=65537 mPath=/storage/emulated/0 mDescriptionId=17040810 
D/Environment( 6194):     mPrimary=true mRemovable=false mEmulated=true mMtpReserveSpace=10 
D/Environment( 6194):     mAllowMassStorage=false mMaxFileSize=0 mOwner=UserHandle{0} mUuid=null 
D/Environment( 6194):     mUserLabel=null mState=mounted 
D/Environment( 6194): getStorageVolume,  volume:StorageVolume:
D/Environment( 6194):     mStorageId=131073 mPath=/storage/sdcard1 mDescriptionId=17040808 
D/Environment( 6194):     mPrimary=false mRemovable=true mEmulated=false mMtpReserveSpace=0 
D/Environment( 6194):     mAllowMassStorage=true mMaxFileSize=0 mOwner=null mUuid=null 
D/Environment( 6194):     mUserLabel=null mState=removed 
D/Environment( 6194): getStorageVolume,  volume:StorageVolume:
D/Environment( 6194):     mStorageId=65537 mPath=/storage/emulated/0 mDescriptionId=17040810 
D/Environment( 6194):     mPrimary=true mRemovable=false mEmulated=true mMtpReserveSpace=10 
D/Environment( 6194):     mAllowMassStorage=false mMaxFileSize=0 mOwner=UserHandle{0} mUuid=null 
D/Environment( 6194):     mUserLabel=null mState=mounted 
W/ResourceType(  957): No package identifier when getting value for resource number 0x00000000
D/Environment( 6194): getStorageVolume,  volume:StorageVolume:
D/Environment( 6194):     mStorageId=131073 mPath=/storage/sdcard1 mDescriptionId=17040808 
D/Environment( 6194):     mPrimary=false mRemovable=true mEmulated=false mMtpReserveSpace=0 
D/Environment( 6194):     mAllowMassStorage=true mMaxFileSize=0 mOwner=null mUuid=null 
D/Environment( 6194):     mUserLabel=null mState=removed 
W/PackageManager(  957): Failure retrieving resources for org.coolreader: Resource ID #0x0
D/Environment( 6194): getStorageVolume,  volume:StorageVolume:
D/Environment( 6194):     mStorageId=65537 mPath=/storage/emulated/0 mDescriptionId=17040810 
D/Environment( 6194):     mPrimary=true mRemovable=false mEmulated=true mMtpReserveSpace=10 
D/Environment( 6194):     mAllowMassStorage=false mMaxFileSize=0 mOwner=UserHandle{0} mUuid=null 
D/Environment( 6194):     mUserLabel=null mState=mounted 
D/Environment( 6194): getStorageVolume,  volume:StorageVolume:
D/Environment( 6194):     mStorageId=131073 mPath=/storage/sdcard1 mDescriptionId=17040808 
D/Environment( 6194):     mPrimary=false mRemovable=true mEmulated=false mMtpReserveSpace=0 
D/Environment( 6194):     mAllowMassStorage=true mMaxFileSize=0 mOwner=null mUuid=null 
D/Environment( 6194):     mUserLabel=null mState=removed 
D/Environment( 6194): getStorageVolume,  volume:StorageVolume:
D/Environment( 6194):     mStorageId=65537 mPath=/storage/emulated/0 mDescriptionId=17040810 
D/Environment( 6194):     mPrimary=true mRemovable=false mEmulated=true mMtpReserveSpace=10 
D/Environment( 6194):     mAllowMassStorage=false mMaxFileSize=0 mOwner=UserHandle{0} mUuid=null 
D/Environment( 6194):     mUserLabel=null mState=mounted 
D/Environment( 6194): getStorageVolume,  volume:StorageVolume:
D/Environment( 6194):     mStorageId=131073 mPath=/storage/sdcard1 mDescriptionId=17040808 
D/Environment( 6194):     mPrimary=false mRemovable=true mEmulated=false mMtpReserveSpace=0 
D/Environment( 6194):     mAllowMassStorage=true mMaxFileSize=0 mOwner=null mUuid=null 
D/Environment( 6194):     mUserLabel=null mState=removed 
V/SettingsInterface( 1425):  from settings cache , name = multi_sim_voice_call , value = null
D/Environment( 6194): getStorageVolume,  volume:StorageVolume:
D/Environment( 6194):     mStorageId=65537 mPath=/storage/emulated/0 mDescriptionId=17040810 
D/Environment( 6194):     mPrimary=true mRemovable=false mEmulated=true mMtpReserveSpace=10 
D/Environment( 6194):     mAllowMassStorage=false mMaxFileSize=0 mOwner=UserHandle{0} mUuid=null 
D/Environment( 6194):     mUserLabel=null mState=mounted 
D/Environment( 6194): getStorageVolume,  volume:StorageVolume:
D/Environment( 6194):     mStorageId=131073 mPath=/storage/sdcard1 mDescriptionId=17040808 
D/Environment( 6194):     mPrimary=false mRemovable=true mEmulated=false mMtpReserveSpace=0 
D/Environment( 6194):     mAllowMassStorage=true mMaxFileSize=0 mOwner=null mUuid=null 
D/Environment( 6194):     mUserLabel=null mState=removed 
D/Surface (  236): Surface::setBuffersDimensions(this=0x7f9bdf5e00,w=720,h=1280)
D/FeatureProxyBase(  768): FeatureProxyBase class constructor
D/MultiWindow(  768): MultiWindowProxy constructor.
D/FeatureProxyBase(  768): getService(), serviceName = multiwindow_service_v1
V/SettingsInterface( 1425):  from settings cache , name = multi_sim_voice_call , value = null
W/ContextImpl( 6194): Failed to ensure directory: /storage/sdcard1/Android/data/es.esy.CosyDVR/files
D/Environment( 6194): getStorageVolume,  volume:StorageVolume:
D/Environment( 6194):     mStorageId=65537 mPath=/storage/emulated/0 mDescriptionId=17040810 
D/Environment( 6194):     mPrimary=true mRemovable=false mEmulated=true mMtpReserveSpace=10 
D/Environment( 6194):     mAllowMassStorage=false mMaxFileSize=0 mOwner=UserHandle{0} mUuid=null 
D/Environment( 6194):     mUserLabel=null mState=mounted 
D/Environment( 6194): getStorageVolume,  volume:StorageVolume:
D/Environment( 6194):     mStorageId=131073 mPath=/storage/sdcard1 mDescriptionId=17040808 
D/Environment( 6194):     mPrimary=false mRemovable=true mEmulated=false mMtpReserveSpace=0 
D/Environment( 6194):     mAllowMassStorage=true mMaxFileSize=0 mOwner=null mUuid=null 
D/Environment( 6194):     mUserLabel=null mState=removed 
D/Environment( 6194): getStorageVolume,  volume:StorageVolume:
D/Environment( 6194):     mStorageId=65537 mPath=/storage/emulated/0 mDescriptionId=17040810 
D/Environment( 6194):     mPrimary=true mRemovable=false mEmulated=true mMtpReserveSpace=10 
D/Environment( 6194):     mAllowMassStorage=false mMaxFileSize=0 mOwner=UserHandle{0} mUuid=null 
D/Environment( 6194):     mUserLabel=null mState=mounted 
D/Environment( 6194): getStorageVolume,  volume:StorageVolume:
D/Environment( 6194):     mStorageId=131073 mPath=/storage/sdcard1 mDescriptionId=17040808 
D/Environment( 6194):     mPrimary=false mRemovable=true mEmulated=false mMtpReserveSpace=0 
D/Environment( 6194):     mAllowMassStorage=true mMaxFileSize=0 mOwner=null mUuid=null 
D/Environment( 6194):     mUserLabel=null mState=removed 
D/Environment( 6194): getStorageVolume,  volume:StorageVolume:
D/Environment( 6194):     mStorageId=65537 mPath=/storage/emulated/0 mDescriptionId=17040810 
D/Environment( 6194):     mPrimary=true mRemovable=false mEmulated=true mMtpReserveSpace=10 
D/Environment( 6194):     mAllowMassStorage=false mMaxFileSize=0 mOwner=UserHandle{0} mUuid=null 
D/Environment( 6194):     mUserLabel=null mState=mounted 
D/Environment( 6194): getStorageVolume,  volume:StorageVolume:
D/Environment( 6194):     mStorageId=131073 mPath=/storage/sdcard1 mDescriptionId=17040808 
D/Environment( 6194):     mPrimary=false mRemovable=true mEmulated=false mMtpReserveSpace=0 
D/Environment( 6194):     mAllowMassStorage=true mMaxFileSize=0 mOwner=null mUuid=null 
D/Environment( 6194):     mUserLabel=null mState=removed 
V/SettingsInterface( 1425):  from settings cache , name = multi_sim_voice_call , value = null
D/Environment( 6194): getStorageVolume,  volume:StorageVolume:
D/Environment( 6194):     mStorageId=65537 mPath=/storage/emulated/0 mDescriptionId=17040810 
D/Environment( 6194):     mPrimary=true mRemovable=false mEmulated=true mMtpReserveSpace=10 
D/Environment( 6194):     mAllowMassStorage=false mMaxFileSize=0 mOwner=UserHandle{0} mUuid=null 
D/Environment( 6194):     mUserLabel=null mState=mounted 
D/Environment( 6194): getStorageVolume,  volume:StorageVolume:
D/Environment( 6194):     mStorageId=131073 mPath=/storage/sdcard1 mDescriptionId=17040808 
D/Environment( 6194):     mPrimary=false mRemovable=true mEmulated=false mMtpReserveSpace=0 
D/Environment( 6194):     mAllowMassStorage=true mMaxFileSize=0 mOwner=null mUuid=null 
D/Environment( 6194):     mUserLabel=null mState=removed 
D/Environment( 6194): getStorageVolume,  volume:StorageVolume:
D/Environment( 6194):     mStorageId=65537 mPath=/storage/emulated/0 mDescriptionId=17040810 
D/Environment( 6194):     mPrimary=true mRemovable=false mEmulated=true mMtpReserveSpace=10 
D/Environment( 6194):     mAllowMassStorage=false mMaxFileSize=0 mOwner=UserHandle{0} mUuid=null 
D/Environment( 6194):     mUserLabel=null mState=mounted 
D/Environment( 6194): getStorageVolume,  volume:StorageVolume:
D/Environment( 6194):     mStorageId=131073 mPath=/storage/sdcard1 mDescriptionId=17040808 
D/Environment( 6194):     mPrimary=false mRemovable=true mEmulated=false mMtpReserveSpace=0 
D/Environment( 6194):     mAllowMassStorage=true mMaxFileSize=0 mOwner=null mUuid=null 
D/Environment( 6194):     mUserLabel=null mState=removed 
V/SettingsInterface( 1425):  from settings cache , name = multi_sim_voice_call , value = null
W/ContextImpl( 6194): Failed to ensure directory: /storage/sdcard1/Android/data/es.esy.CosyDVR/files
D/Environment( 6194): getStorageVolume,  volume:StorageVolume:
D/Environment( 6194):     mStorageId=65537 mPath=/storage/emulated/0 mDescriptionId=17040810 
D/Environment( 6194):     mPrimary=true mRemovable=false mEmulated=true mMtpReserveSpace=10 
D/Environment( 6194):     mAllowMassStorage=false mMaxFileSize=0 mOwner=UserHandle{0} mUuid=null 
D/Environment( 6194):     mUserLabel=null mState=mounted 
D/Environment( 6194): getStorageVolume,  volume:StorageVolume:
D/Environment( 6194):     mStorageId=131073 mPath=/storage/sdcard1 mDescriptionId=17040808 
D/Environment( 6194):     mPrimary=false mRemovable=true mEmulated=false mMtpReserveSpace=0 
D/Environment( 6194):     mAllowMassStorage=true mMaxFileSize=0 mOwner=null mUuid=null 
D/Environment( 6194):     mUserLabel=null mState=removed 
D/Environment( 6194): getStorageVolume,  volume:StorageVolume:
D/Environment( 6194):     mStorageId=65537 mPath=/storage/emulated/0 mDescriptionId=17040810 
D/Environment( 6194):     mPrimary=true mRemovable=false mEmulated=true mMtpReserveSpace=10 
D/Environment( 6194):     mAllowMassStorage=false mMaxFileSize=0 mOwner=UserHandle{0} mUuid=null 
D/Environment( 6194):     mUserLabel=null mState=mounted 
D/Environment( 6194): getStorageVolume,  volume:StorageVolume:
D/Environment( 6194):     mStorageId=131073 mPath=/storage/sdcard1 mDescriptionId=17040808 
D/Environment( 6194):     mPrimary=false mRemovable=true mEmulated=false mMtpReserveSpace=0 
D/Environment( 6194):     mAllowMassStorage=true mMaxFileSize=0 mOwner=null mUuid=null 
D/Environment( 6194):     mUserLabel=null mState=removed 
V/SettingsInterface( 1425):  from settings cache , name = multi_sim_voice_call , value = null
D/Surface (  236): Surface::setBuffersDimensions(this=0x7f9bdf5e00,w=720,h=1280)
D/Environment( 6194): getStorageVolume,  volume:StorageVolume:
D/Environment( 6194):     mStorageId=65537 mPath=/storage/emulated/0 mDescriptionId=17040810 
D/Environment( 6194):     mPrimary=true mRemovable=false mEmulated=true mMtpReserveSpace=10 
D/Environment( 6194):     mAllowMassStorage=false mMaxFileSize=0 mOwner=UserHandle{0} mUuid=null 
D/Environment( 6194):     mUserLabel=null mState=mounted 
D/Environment( 6194): getStorageVolume,  volume:StorageVolume:
D/Environment( 6194):     mStorageId=131073 mPath=/storage/sdcard1 mDescriptionId=17040808 
D/Environment( 6194):     mPrimary=false mRemovable=true mEmulated=false mMtpReserveSpace=0 
D/Environment( 6194):     mAllowMassStorage=true mMaxFileSize=0 mOwner=null mUuid=null 
D/Environment( 6194):     mUserLabel=null mState=removed 
D/Environment( 6194): getStorageVolume,  volume:StorageVolume:
D/Environment( 6194):     mStorageId=65537 mPath=/storage/emulated/0 mDescriptionId=17040810 
D/Environment( 6194):     mPrimary=true mRemovable=false mEmulated=true mMtpReserveSpace=10 
D/Environment( 6194):     mAllowMassStorage=false mMaxFileSize=0 mOwner=UserHandle{0} mUuid=null 
D/Environment( 6194):     mUserLabel=null mState=mounted 
D/Environment( 6194): getStorageVolume,  volume:StorageVolume:
D/Environment( 6194):     mStorageId=131073 mPath=/storage/sdcard1 mDescriptionId=17040808 
D/Environment( 6194):     mPrimary=false mRemovable=true mEmulated=false mMtpReserveSpace=0 
D/Environment( 6194):     mAllowMassStorage=true mMaxFileSize=0 mOwner=null mUuid=null 
D/Environment( 6194):     mUserLabel=null mState=removed 
V/SettingsInterface(  957): get setting for user -3 by user 0 so skipping cache
D/FeatureProxyBase(  768): FeatureProxyBase class constructor
D/MultiWindow(  768): MultiWindowProxy constructor.
D/FeatureProxyBase(  768): getService(), serviceName = multiwindow_service_v1
I/SettingsInterface(  957): call-query of user -3 by 0 so not updating cache
V/SettingsInterface(  957): get setting for user -3 by user 0 so skipping cache
I/SettingsInterface(  957): call-query of user -3 by 0 so not updating cache
D/Environment( 6194): getStorageVolume,  volume:StorageVolume:
D/Environment( 6194):     mStorageId=65537 mPath=/storage/emulated/0 mDescriptionId=17040810 
D/Environment( 6194):     mPrimary=true mRemovable=false mEmulated=true mMtpReserveSpace=10 
D/Environment( 6194):     mAllowMassStorage=false mMaxFileSize=0 mOwner=UserHandle{0} mUuid=null 
D/Environment( 6194):     mUserLabel=null mState=mounted 
D/Environment( 6194): getStorageVolume,  volume:StorageVolume:
D/Environment( 6194):     mStorageId=131073 mPath=/storage/sdcard1 mDescriptionId=17040808 
D/Environment( 6194):     mPrimary=false mRemovable=true mEmulated=false mMtpReserveSpace=0 
D/Environment( 6194):     mAllowMassStorage=true mMaxFileSize=0 mOwner=null mUuid=null 
D/Environment( 6194):     mUserLabel=null mState=removed 
V/SettingsInterface(  957): get setting for user -3 by user 0 so skipping cache
I/SettingsInterface(  957): call-query of user -3 by 0 so not updating cache
V/SettingsInterface(  957): get setting for user -3 by user 0 so skipping cache
I/SettingsInterface(  957): call-query of user -3 by 0 so not updating cache
V/SettingsInterface(  957): get setting for user -3 by user 0 so skipping cache
V/SettingsInterface( 1425):  from settings cache , name = multi_sim_voice_call , value = null
W/ContextImpl( 6194): Failed to ensure directory: /storage/sdcard1/Android/data/es.esy.CosyDVR/files
I/SettingsInterface(  957): call-query of user -3 by 0 so not updating cache
V/SettingsInterface(  957): get setting for user -3 by user 0 so skipping cache
D/Environment( 6194): getStorageVolume,  volume:StorageVolume:
D/Environment( 6194):     mStorageId=65537 mPath=/storage/emulated/0 mDescriptionId=17040810 
D/Environment( 6194):     mPrimary=true mRemovable=false mEmulated=true mMtpReserveSpace=10 
D/Environment( 6194):     mAllowMassStorage=false mMaxFileSize=0 mOwner=UserHandle{0} mUuid=null 
D/Environment( 6194):     mUserLabel=null mState=mounted 
D/Environment( 6194): getStorageVolume,  volume:StorageVolume:
D/Environment( 6194):     mStorageId=131073 mPath=/storage/sdcard1 mDescriptionId=17040808 
D/Environment( 6194):     mPrimary=false mRemovable=true mEmulated=false mMtpReserveSpace=0 
D/Environment( 6194):     mAllowMassStorage=true mMaxFileSize=0 mOwner=null mUuid=null 
D/Environment( 6194):     mUserLabel=null mState=removed 
I/SettingsInterface(  957): call-query of user -3 by 0 so not updating cache
V/SettingsInterface(  957): get setting for user -3 by user 0 so skipping cache
I/SettingsInterface(  957): call-query of user -3 by 0 so not updating cache
D/Environment( 6194): getStorageVolume,  volume:StorageVolume:
D/Environment( 6194):     mStorageId=65537 mPath=/storage/emulated/0 mDescriptionId=17040810 
D/Environment( 6194):     mPrimary=true mRemovable=false mEmulated=true mMtpReserveSpace=10 
D/Environment( 6194):     mAllowMassStorage=false mMaxFileSize=0 mOwner=UserHandle{0} mUuid=null 
D/Environment( 6194):     mUserLabel=null mState=mounted 
D/Environment( 6194): getStorageVolume,  volume:StorageVolume:
D/Environment( 6194):     mStorageId=131073 mPath=/storage/sdcard1 mDescriptionId=17040808 
D/Environment( 6194):     mPrimary=false mRemovable=true mEmulated=false mMtpReserveSpace=0 
D/Environment( 6194):     mAllowMassStorage=true mMaxFileSize=0 mOwner=null mUuid=null 
D/Environment( 6194):     mUserLabel=null mState=removed 
V/SettingsInterface(  957): get setting for user -3 by user 0 so skipping cache
I/SettingsInterface(  957): call-query of user -3 by 0 so not updating cache
D/Environment( 6194): getStorageVolume,  volume:StorageVolume:
D/Environment( 6194):     mStorageId=65537 mPath=/storage/emulated/0 mDescriptionId=17040810 
D/Environment( 6194):     mPrimary=true mRemovable=false mEmulated=true mMtpReserveSpace=10 
D/Environment( 6194):     mAllowMassStorage=false mMaxFileSize=0 mOwner=UserHandle{0} mUuid=null 
D/Environment( 6194):     mUserLabel=null mState=mounted 
D/Environment( 6194): getStorageVolume,  volume:StorageVolume:
D/Environment( 6194):     mStorageId=131073 mPath=/storage/sdcard1 mDescriptionId=17040808 
D/Environment( 6194):     mPrimary=false mRemovable=true mEmulated=false mMtpReserveSpace=0 
D/Environment( 6194):     mAllowMassStorage=true mMaxFileSize=0 mOwner=null mUuid=null 
D/Environment( 6194):     mUserLabel=null mState=removed 
D/Environment( 6194): getStorageVolume,  volume:StorageVolume:
D/Environment( 6194):     mStorageId=65537 mPath=/storage/emulated/0 mDescriptionId=17040810 
D/Environment( 6194):     mPrimary=true mRemovable=false mEmulated=true mMtpReserveSpace=10 
D/Environment( 6194):     mAllowMassStorage=false mMaxFileSize=0 mOwner=UserHandle{0} mUuid=null 
D/Environment( 6194):     mUserLabel=null mState=mounted 
D/Environment( 6194): getStorageVolume,  volume:StorageVolume:
D/Environment( 6194):     mStorageId=131073 mPath=/storage/sdcard1 mDescriptionId=17040808 
D/Environment( 6194):     mPrimary=false mRemovable=true mEmulated=false mMtpReserveSpace=0 
D/Environment( 6194):     mAllowMassStorage=true mMaxFileSize=0 mOwner=null mUuid=null 
D/Environment( 6194):     mUserLabel=null mState=removed 
D/Environment( 6194): getStorageVolume,  volume:StorageVolume:
D/Environment( 6194):     mStorageId=65537 mPath=/storage/emulated/0 mDescriptionId=17040810 
D/Environment( 6194):     mPrimary=true mRemovable=false mEmulated=true mMtpReserveSpace=10 
D/Environment( 6194):     mAllowMassStorage=false mMaxFileSize=0 mOwner=UserHandle{0} mUuid=null 
D/Environment( 6194):     mUserLabel=null mState=mounted 
D/Environment( 6194): getStorageVolume,  volume:StorageVolume:
D/Environment( 6194):     mStorageId=131073 mPath=/storage/sdcard1 mDescriptionId=17040808 
D/Environment( 6194):     mPrimary=false mRemovable=true mEmulated=false mMtpReserveSpace=0 
D/Environment( 6194):     mAllowMassStorage=true mMaxFileSize=0 mOwner=null mUuid=null 
D/Environment( 6194):     mUserLabel=null mState=removed 
D/Surface (  236): Surface::setBuffersDimensions(this=0x7f9bdf5e00,w=720,h=1280)
W/ContextImpl( 6194): Failed to ensure directory: /storage/sdcard1/Android/data/es.esy.CosyDVR/files
D/Environment( 6194): getStorageVolume,  volume:StorageVolume:
D/Environment( 6194):     mStorageId=65537 mPath=/storage/emulated/0 mDescriptionId=17040810 
D/Environment( 6194):     mPrimary=true mRemovable=false mEmulated=true mMtpReserveSpace=10 
D/Environment( 6194):     mAllowMassStorage=false mMaxFileSize=0 mOwner=UserHandle{0} mUuid=null 
D/Environment( 6194):     mUserLabel=null mState=mounted 
D/FeatureProxyBase(  768): FeatureProxyBase class constructor
D/Environment( 6194): getStorageVolume,  volume:StorageVolume:
D/Environment( 6194):     mStorageId=131073 mPath=/storage/sdcard1 mDescriptionId=17040808 
D/Environment( 6194):     mPrimary=false mRemovable=true mEmulated=false mMtpReserveSpace=0 
D/Environment( 6194):     mAllowMassStorage=true mMaxFileSize=0 mOwner=null mUuid=null 
D/Environment( 6194):     mUserLabel=null mState=removed 
D/MultiWindow(  768): MultiWindowProxy constructor.
D/FeatureProxyBase(  768): getService(), serviceName = multiwindow_service_v1
V/SettingsInterface( 1425):  from settings cache , name = multi_sim_voice_call , value = null
D/Environment( 6194): getStorageVolume,  volume:StorageVolume:
D/Environment( 6194):     mStorageId=65537 mPath=/storage/emulated/0 mDescriptionId=17040810 
D/Environment( 6194):     mPrimary=true mRemovable=false mEmulated=true mMtpReserveSpace=10 
D/Environment( 6194):     mAllowMassStorage=false mMaxFileSize=0 mOwner=UserHandle{0} mUuid=null 
D/Environment( 6194):     mUserLabel=null mState=mounted 
D/Environment( 6194): getStorageVolume,  volume:StorageVolume:
D/Environment( 6194):     mStorageId=131073 mPath=/storage/sdcard1 mDescriptionId=17040808 
D/Environment( 6194):     mPrimary=false mRemovable=true mEmulated=false mMtpReserveSpace=0 
D/Environment( 6194):     mAllowMassStorage=true mMaxFileSize=0 mOwner=null mUuid=null 
D/Environment( 6194):     mUserLabel=null mState=removed 
D/FeatureProxyBase(  768): FeatureProxyBase class constructor
D/MultiWindow(  768): MultiWindowProxy constructor.
D/FeatureProxyBase(  768): getService(), serviceName = multiwindow_service_v1
D/Environment( 6194): getStorageVolume,  volume:StorageVolume:
D/Environment( 6194):     mStorageId=65537 mPath=/storage/emulated/0 mDescriptionId=17040810 
D/Environment( 6194):     mPrimary=true mRemovable=false mEmulated=true mMtpReserveSpace=10 
D/Environment( 6194):     mAllowMassStorage=false mMaxFileSize=0 mOwner=UserHandle{0} mUuid=null 
D/Environment( 6194):     mUserLabel=null mState=mounted 
D/Environment( 6194): getStorageVolume,  volume:StorageVolume:
D/Environment( 6194):     mStorageId=131073 mPath=/storage/sdcard1 mDescriptionId=17040808 
D/Environment( 6194):     mPrimary=false mRemovable=true mEmulated=false mMtpReserveSpace=0 
