adb server is out of date.  killing...
* daemon started successfully *
--------- beginning of main
V/SettingsInterface( 1425):  from settings cache , name = multi_sim_voice_call , value = null
I/BufferQueueConsumer(  236): [es.esy.CosyDVR/es.esy.CosyDVR.CosyDVR](this:0x7f9bf52000,id:422,api:0,p:-1,c:236) setDefaultBufferSize: width=1280 height=720
D/FeatureProxyBase(  768): FeatureProxyBase class constructor
D/Surface (  236): Surface::setBuffersDimensions(this=0x7f9bdf5e00,w=720,h=1280)
D/MultiWindow(  768): MultiWindowProxy constructor.
D/FeatureProxyBase(  768): getService(), serviceName = multiwindow_service_v1
D/FeatureProxyBase(  768): FeatureProxyBase class constructor
D/MultiWindow(  768): MultiWindowProxy constructor.
D/FeatureProxyBase(  768): getService(), serviceName = multiwindow_service_v1
V/SettingsInterface( 1425):  from settings cache , name = multi_sim_voice_call , value = null
D/FeatureProxyBase(  768): FeatureProxyBase class constructor
D/MultiWindow(  768): MultiWindowProxy constructor.
D/FeatureProxyBase(  768): getService(), serviceName = multiwindow_service_v1
D/OpenGLRenderer( 6194): CanvasContext() 0x7f7a825dc0 initialize 0x7f80a55a10
D/FeatureProxyBase(  768): FeatureProxyBase class constructor
D/MultiWindow(  768): MultiWindowProxy constructor.
D/FeatureProxyBase(  768): getService(), serviceName = multiwindow_service_v1
E/GED     ( 6194): Failed to get GED Log Buf, err(0)
I/OpenGLRenderer( 6194): Initialized EGL, version 1.4
D/MALI    ( 6194): eglCreateContext:206: [MALI] eglCreateContext display 0x7f8085f600, share context 0x0 here.
V/SettingsInterface( 1425):  from settings cache , name = multi_sim_voice_call , value = null
D/FeatureProxyBase(  768): FeatureProxyBase class constructor
D/MultiWindow(  768): MultiWindowProxy constructor.
D/FeatureProxyBase(  768): getService(), serviceName = multiwindow_service_v1
V/SettingsInterface(  957): get setting for user -3 by user 0 so skipping cache
I/SettingsInterface(  957): call-query of user -3 by 0 so not updating cache
V/SettingsInterface(  957): get setting for user -3 by user 0 so skipping cache
V/SettingsInterface( 1425):  from settings cache , name = multi_sim_voice_call , value = null
D/Surface (  236): Surface::setBuffersDimensions(this=0x7f9bdf5e00,w=720,h=1280)
I/SettingsInterface(  957): call-query of user -3 by 0 so not updating cache
V/SettingsInterface(  957): get setting for user -3 by user 0 so skipping cache
I/SettingsInterface(  957): call-query of user -3 by 0 so not updating cache
V/SettingsInterface( 1425):  from settings cache , name = pdp_watchdog_poll_interval_ms , value = null
V/SettingsInterface(  957): get setting for user -3 by user 0 so skipping cache
I/SettingsInterface(  957): call-query of user -3 by 0 so not updating cache
V/SettingsInterface(  957): get setting for user -3 by user 0 so skipping cache
I/SettingsInterface(  957): call-query of user -3 by 0 so not updating cache
V/SettingsInterface(  957): get setting for user -3 by user 0 so skipping cache
I/SettingsInterface(  957): call-query of user -3 by 0 so not updating cache
V/SettingsInterface(  957): get setting for user -3 by user 0 so skipping cache
V/SettingsInterface( 1425):  from settings cache , name = multi_sim_voice_call , value = null
I/SettingsInterface(  957): call-query of user -3 by 0 so not updating cache
V/SettingsInterface(  957): get setting for user -3 by user 0 so skipping cache
I/SettingsInterface(  957): call-query of user -3 by 0 so not updating cache
D/MALI    ( 6194): gles_context_new:248: Create GLES ctx 0x7f7a91c008 successfully
D/MALI    ( 6194): eglCreateContext:543: [MALI] eglCreateContext end. Created context 0x7f7a906940 here.
D/OpenGLRenderer( 6194): TaskManager() 0x7f7a8bb1c0, cpu = 4, thread = 2
D/Surface (  957): Surface::setBuffersDimensions(this=0x7f80a55a00,w=50,h=1280)
I/BufferQueueProducer(  236): [StatusBar](this:0x7f9bf07000,id:7,api:1,p:957,c:236) new GraphicBuffer needed
I/[MALI][Gralloc](  236): Usage: 0xb00, format: 0x1 stride: 64 vertical_stride: 1280 size: 327680
D/OpenGLRenderer( 6194): Enabling debug mode 0
D/Surface ( 6194): Surface::connect(this=0x7f80a55a00,api=1)
D/GraphicBuffer(  236): alloc, handle(0x7f9b4120c0) (w:50 h:1280 s:64 f:0x1 u:0x000b00) err(0)
I/BufferQueueProducer(  236): [es.esy.CosyDVR/es.esy.CosyDVR.CosyDVR](this:0x7f9bf52000,id:422,api:1,p:6194,c:236) connect(P): api=1 producer=(6194:es.esy.CosyDVR) producerControlledByApp=true
D/GraphicBuffer(  957): register, handle(0x7f682b5d40) (w:50 h:1280 s:64 f:0x1 u:0x000b00)
D/mali_winsys( 6194): new_window_surface returns 0x3000
D/Surface ( 6194): Surface::allocateBuffers(this=0x7f80a55a00)
D/BufferQueueProducer(  236): [es.esy.CosyDVR/es.esy.CosyDVR.CosyDVR](this:0x7f9bf52000,id:422,api:1,p:6194,c:236) allocateBuffers: allocating from 0 buffers up to 4 buffers
I/[MALI][Gralloc](  236): Usage: 0xb00, format: 0x1 stride: 1280 vertical_stride: 720 size: 3686400
D/GraphicBuffer(  236): alloc, handle(0x7f96dc80c0) (w:1280 h:720 s:1280 f:0x1 u:0x000b00) err(0)
I/[MALI][Gralloc](  236): Usage: 0xb00, format: 0x1 stride: 1280 vertical_stride: 720 size: 3686400
D/GraphicBuffer(  236): alloc, handle(0x7f96d8f880) (w:1280 h:720 s:1280 f:0x1 u:0x000b00) err(0)
I/[MALI][Gralloc](  236): Usage: 0xb00, format: 0x1 stride: 1280 vertical_stride: 720 size: 3686400
D/GraphicBuffer(  236): alloc, handle(0x7f96d8fd80) (w:1280 h:720 s:1280 f:0x1 u:0x000b00) err(0)
I/[MALI][Gralloc](  236): Usage: 0xb00, format: 0x1 stride: 1280 vertical_stride: 720 size: 3686400
D/GraphicBuffer(  236): alloc, handle(0x7f96d8e2a0) (w:1280 h:720 s:1280 f:0x1 u:0x000b00) err(0)
D/BufferQueueProducer(  236): [es.esy.CosyDVR/es.esy.CosyDVR.CosyDVR](this:0x7f9bf52000,id:422,api:1,p:6194,c:236) allocateBuffers: allocating from 4 buffers up to 4 buffers
D/Surface (  236): Surface::setBuffersDimensions(this=0x7f9bdf5e00,w=720,h=1280)
V/SettingsInterface( 1425):  from settings cache , name = multi_sim_voice_call , value = null
D/PerfServiceManager(  768): [PerfService] notifyFrameUpdate - bDuringTouchBoost:true 
D/OpenGLRenderer( 6194): [TaskMgr] Running thread hwuiTask1 (6228)
D/OpenGLRenderer( 6194): [TaskMgr] Running thread hwuiTask2 (6229)
D/FeatureProxyBase(  768): FeatureProxyBase class constructor
D/MultiWindow(  768): MultiWindowProxy constructor.
D/FeatureProxyBase(  768): getService(), serviceName = multiwindow_service_v1
V/SettingsInterface( 1425):  from settings cache , name = multi_sim_voice_call , value = null
D/Surface ( 6194): Surface::setBuffersDimensions(this=0x7f80a55a00,w=720,h=1280)
I/BufferQueueProducer(  236): [es.esy.CosyDVR/es.esy.CosyDVR.CosyDVR](this:0x7f9bf52000,id:422,api:1,p:6194,c:236) new GraphicBuffer needed
D/GraphicBuffer(  236): free, handle(0x7f96dc80c0) (w:1280 h:720 s:1280 f:0x1 u:0x000b00)
I/[MALI][Gralloc](  236): Usage: 0xb00, format: 0x1 stride: 720 vertical_stride: 1280 size: 3686400
D/GraphicBuffer(  236): alloc, handle(0x7f96dc80c0) (w:720 h:1280 s:720 f:0x1 u:0x000b00) err(0)
V/SettingsInterface( 1425):  from settings cache , name = multi_sim_voice_call , value = null
V/SoundPool(  957): process 0x7f749ff488 channel 12 event BUFFER_END
V/SoundPool(  957): awake
V/SoundPool(  957): Getting channel from stop list
V/SoundPool(  957): stop
D/AudioTrackShared(  957): front(0x2), mIsOut 1, interrupt() FUTEX_WAKE
D/AudioTrack(  957): audiotrack 0x7f7497f100 stop done
V/SoundPool(  957): done_l(12)
V/SoundPool(  957): move to front
D/Surface (  236): Surface::setBuffersDimensions(this=0x7f9bdf5e00,w=720,h=1280)
D/Surface (  957): Surface::setBuffersDimensions(this=0x7f80a55a00,w=50,h=1280)
D/GraphicBuffer( 6194): register, handle(0x7f7aae8240) (w:720 h:1280 s:720 f:0x1 u:0x000b00)
I/BufferQueueProducer(  236): [StatusBar](this:0x7f9bf07000,id:7,api:1,p:957,c:236) new GraphicBuffer needed
I/[MALI][Gralloc](  236): Usage: 0xb00, format: 0x1 stride: 64 vertical_stride: 1280 size: 327680
D/GraphicBuffer(  236): alloc, handle(0x7f9b412660) (w:50 h:1280 s:64 f:0x1 u:0x000b00) err(0)
D/GraphicBuffer(  957): register, handle(0x7f682b6600) (w:50 h:1280 s:64 f:0x1 u:0x000b00)
V/SettingsInterface( 1425):  from settings cache , name = multi_sim_voice_call , value = null
W/MALI    ( 6194): glDrawArrays:714: [MALI] glDrawArrays takes more than 5ms here. Total elapse time(us): 9592
I/BufferQueueProducer(  236): [StatusBar](this:0x7f9bf07000,id:7,api:1,p:957,c:236) queueBuffer: fps=3.94 dur=1015.94 max=858.96 min=28.02
V/SettingsInterface( 1425):  from settings cache , name = multi_sim_voice_call , value = null
D/ADB_SERVICES(  459): recv: CNXN 01000000 00001000 0007 host::
D/ADB_SERVICES(  459): adb: offline
D/ADB_SERVICES(  459): (null): run_transport_disconnects fd: 20
D/FeatureProxyBase(  768): FeatureProxyBase class constructor
D/MultiWindow(  768): MultiWindowProxy constructor.
D/FeatureProxyBase(  768): getService(), serviceName = multiwindow_service_v1
I/libPerfService(  768): perfSetFavorPid - pid:6194, 1832
D/Surface (  236): Surface::setBuffersDimensions(this=0x7f9bdf5e00,w=720,h=1280)
D/FeatureProxyBase(  768): FeatureProxyBase class constructor
D/MultiWindow(  768): MultiWindowProxy constructor.
D/FeatureProxyBase(  768): getService(), serviceName = multiwindow_service_v1
I/libPerfService(  768): perfSetFavorPid - pid:6194, 1832
D/FeatureProxyBase(  768): FeatureProxyBase class constructor
D/MultiWindow(  768): MultiWindowProxy constructor.
D/FeatureProxyBase(  768): getService(), serviceName = multiwindow_service_v1
V/InputMethodManager( 6194): onWindowFocus: null softInputMode=288 first=true flags=#1810580
V/InputMethodManager( 6194): START INPUT: com.android.internal.policy.impl.PhoneWindow$DecorView{32b06196 V.E..... R....... 0,0-1280,720} ic=null tba=android.view.inputmethod.EditorInfo@1e86a9b8 controlFlags=#104
I/ActivityManager(  768): [AppLaunch] Displayed Displayed es.esy.CosyDVR/.CosyDVR: +432ms
D/ActivityManager(  768): AP_PROF:AppLaunch_LaunchTime:es.esy.CosyDVR/.CosyDVR:432:2254091
D/ADB_SERVICES(  459): adb: online
D/ADB_SERVICES(  459): Calling send_connect 
D/FeatureProxyBase(  768): FeatureProxyBase class constructor
D/MultiWindow(  768): MultiWindowProxy constructor.
D/FeatureProxyBase(  768): getService(), serviceName = multiwindow_service_v1
D/FeatureProxyBase(  768): FeatureProxyBase class constructor
D/MultiWindow(  768): MultiWindowProxy constructor.
D/FeatureProxyBase(  768): getService(), serviceName = multiwindow_service_v1
W/IInputConnectionWrapper( 1469): showStatusIcon on inactive InputConnection
I/libPerfService(  768): perfSetFavorPid - pid:6194, 1832
D/NotificationService(  768): useDefaultSound=false
D/NotificationService(  768): notification.sound=null
D/SurfaceView( 6194): checkSurfaceViewlLogProperty get invalid command
D/Surface (  236): Surface::setBuffersDimensions(this=0x7f9bdf5e00,w=720,h=1280)
D/ViewRootImpl( 6194): hardware acceleration is enabled, this = ViewRoot{3fb546f7 ,ident = 2}
V/SettingsInterface( 1425):  from settings cache , name = multi_sim_voice_call , value = null
I/DownloadManager( 1001): Initiating request for download 53
D/Proxy   ( 1001): prefProxy:DIRECT@
I/System.out( 1001): httpget:https://www.gstatic.com/gsa_dynamic_updates/J8AnXzrjeLfsUVUo7eW1KGw.br.jar
D/ViewRootImpl( 6194): hardware acceleration is enabled, this = ViewRoot{38e7b882 ,ident = 3}
D/Surface (  236): Surface::setBuffersDimensions(this=0x7f9bdf5e00,w=720,h=1280)
D/FeatureProxyBase(  768): FeatureProxyBase class constructor
D/MultiWindow(  768): MultiWindowProxy constructor.
D/FeatureProxyBase(  768): getService(), serviceName = multiwindow_service_v1
D/FeatureProxyBase(  768): FeatureProxyBase class constructor
D/MultiWindow(  768): MultiWindowProxy constructor.
D/FeatureProxyBase(  768): getService(), serviceName = multiwindow_service_v1
D/FeatureProxyBase(  768): FeatureProxyBase class constructor
D/MultiWindow(  768): MultiWindowProxy constructor.
D/FeatureProxyBase(  768): getService(), serviceName = multiwindow_service_v1
D/ViewRootImpl( 6194): hardware acceleration is enabled, this = ViewRoot{1628f7d0 ,ident = 4}
V/SettingsInterface( 1425):  from settings cache , name = multi_sim_data_call , value = 2
D/ProgressBar(  957): setMax, old = 100, new = 100, backtrace = android.widget.ProgressBar.<init>:300 android.widget.ProgressBar.<init>:262 android.widget.ProgressBar.<init>:258 java.lang.reflect.Constructor.newInstance:-2 java.lang.reflect.Constructor.newInstance:288 , this = android.widget.ProgressBar{10931463 G.ED.... ......I. 0,0-0,0 #a0f00a5 flyme:id/progress}
I/DownloadManager( 1001): Initiating request for download 54
D/Proxy   ( 1001): prefProxy:DIRECT@
D/ProgressBar(  957): setProgress, old = 0, new = 0, max = 100, backtrace = android.widget.ProgressBar.setProgress:1311 android.widget.ProgressBar.<init>:302 android.widget.ProgressBar.<init>:262 android.widget.ProgressBar.<init>:258 java.lang.reflect.Constructor.newInstance:-2 , this = android.widget.ProgressBar{10931463 G.ED.... ......I. 0,0-0,0 #a0f00a5 flyme:id/progress}
I/System.out( 1001): httpget:https://www.gstatic.com/gsa_dynamic_updates/J9QDaGQFTyrEOSppQx6MtlA.br.jar
D/ProgressBar(  957): setSecondaryProgress, old = 0, new = 0, max = 100, backtrace = android.widget.ProgressBar.<init>:304 android.widget.ProgressBar.<init>:262 android.widget.ProgressBar.<init>:258 java.lang.reflect.Constructor.newInstance:-2 java.lang.reflect.Constructor.newInstance:288 , this = android.widget.ProgressBar{10931463 G.ED.... ......I. 0,0-0,0 #a0f00a5 flyme:id/progress}
D/PhoneInterfaceManager( 1425): [PhoneIntfMgr] getDataEnabled: subId=2 phoneId=1
V/SettingsInterface( 1425):  from settings cache , name = mobile_data2 , value = 1
D/PhoneInterfaceManager( 1425): [PhoneIntfMgr] getDataEnabled: subId=2 retVal=true
I/DownloadManager( 1001): Initiating request for download 56
D/Proxy   ( 1001): prefProxy:DIRECT@
D/TelephonyManager( 2303): getDataEnabled: retVal=true
V/SettingsInterface( 1425):  from settings cache , name = multi_sim_data_call , value = 2
I/System.out( 1001): httpget:https://www.gstatic.com/gsa_dynamic_updates/JpYFUnbdMCBoiPFkzTOWLZw.br.jar
V/SettingsInterface( 1425):  from settings cache , name = multi_sim_voice_call , value = null
D/NetworkManagementMz( 2303): Utils : The slotId of mobile data enable is : 1
D/NetworkManagementMz( 2303): LocalSubscriptionManager : getSubId 1
D/Surface (  236): Surface::setBuffersDimensions(this=0x7f9bdf5e00,w=720,h=1280)
D/NetworkManagementMz( 2303): LocalSubscriptionManager : intSubId 2
D/NetworkManagementMz( 2303): ManagerApplication : subId[1] is : 2
D/FlymePermissionManager( 2303): getPackageNameFromPid, charset=UTF-8, pid=2303, orgLength=99, trim line=com.meizu.safe, length=14
D/FlymePermissionManager( 2303): uid:1000
D/FlymePermissionManager( 2303): pid:2303
D/FlymePermissionManager( 2303): privilege:73
D/FlymePermissionManager( 2303): com.meizu.safe request...
D/FeatureProxyBase(  768): FeatureProxyBase class constructor
D/MultiWindow(  768): MultiWindowProxy constructor.
D/FeatureProxyBase(  768): getService(), serviceName = multiwindow_service_v1
D/CTACHECK( 2303): the system app: com.meizu.safe use permission: Ідентифікаційний номер телефону
D/FlymePermissionManager( 2303): system app allow!
D/ViewRootImpl( 6194): hardware acceleration is enabled, this = ViewRoot{15cdace ,ident = 5}
D/FeatureProxyBase(  768): FeatureProxyBase class constructor
D/MultiWindow(  768): MultiWindowProxy constructor.
D/FeatureProxyBase(  768): getService(), serviceName = multiwindow_service_v1
D/NetworkManagementMz( 2303): imsi 255016140811520
D/NetworkManagementMz( 2303): AutoUpdateWidgetProviderService : mDataEnableImsi is : [255016140811520] mSlotId is : [1]
D/FeatureProxyBase(  768): FeatureProxyBase class constructor
D/MultiWindow(  768): MultiWindowProxy constructor.
D/FeatureProxyBase(  768): getService(), serviceName = multiwindow_service_v1
V/SettingsInterface(  957):  from settings cache , name = time_12_24 , value = 24
V/SettingsInterface( 1425):  from settings cache , name = multi_sim_voice_call , value = null
D/NetworkManagementMz( 2303): Utils : The count of SWP is : 0
D/Surface (  236): Surface::setBuffersDimensions(this=0x7f9bdf5e00,w=720,h=1280)
I/libPerfService(  768): perfSetFavorPid - pid:6194, 1832
D/FlymePermissionManager( 6194): getPackageNameFromPid, charset=UTF-8, pid=6194, orgLength=99, trim line=es.esy.CosyDVR, length=14
D/FlymePermissionManager( 6194): uid:10084
D/FlymePermissionManager( 6194): pid:6194
D/FlymePermissionManager( 6194): privilege:75
D/FlymePermissionManager( 6194): es.esy.CosyDVR request...
D/FeatureProxyBase(  768): FeatureProxyBase class constructor
D/MultiWindow(  768): MultiWindowProxy constructor.
D/FeatureProxyBase(  768): getService(), serviceName = multiwindow_service_v1
D/NetworkManagementMz( 2303): ManagerApplication : getRunningApplicationUser is : 0
D/FeatureProxyBase(  768): FeatureProxyBase class constructor
D/MultiWindow(  768): MultiWindowProxy constructor.
D/FeatureProxyBase(  768): getService(), serviceName = multiwindow_service_v1
I/libPerfService(  768): perfSetFavorPid - pid:6194, 1832
D/FeatureProxyBase(  768): FeatureProxyBase class constructor
D/NetworkManagementMz( 2303): AutoUpdateWidgetProviderService : sent an intent to update WP userid 0
D/NetworkManagementMz( 2303): AutoUpdateWidgetProviderService : mDataEnableImsi in isOverDailyAverage is : 255016140811520
D/MultiWindow(  768): MultiWindowProxy constructor.
D/FeatureProxyBase(  768): getService(), serviceName = multiwindow_service_v1
D/CTACHECK( 6194): the third app: es.esy.CosyDVR use permission: Знайдіть
D/FlymePermissionManager( 6194): third app check...
D/NetworkManagementMz( 2303): SafeWidgetProvider : SafeWidgetProvider onReceive and action is : android.com.meizu.safe.provider.SafeWidgetProvider
D/NetworkManagementMz( 2303): SafeWidgetProvider : start update task
I/libPerfService(  768): perfSetFavorPid - pid:6194, 1832
I/libPerfService(  768): perfSetFavorPid - pid:6194, 1832
D/NetworkManagementMz( 2303): AutoUpdateWidgetProviderService : dayUsedBytes is : 0 recordWarningBytes is : -1 dailyWarning isOpen? : false
D/NetworkManagementMz( 2303): AutoUpdateWidgetProviderService : isOverDailyAverage ? false
D/NetworkManagementMz( 2303): Utils : mIsMutipleSimCardDevice = true
D/PermissionControl(  768): noteOperation
V/SettingsInterface(  768):  from settings cache , name = es.esy.CosyDVR_op_75 , value = 4
D/FlymePermissionManager(  768): first get res:4
D/FlymePermissionManager(  768): first get res "NOT!!!" APPOPS_NOT_DEFINE:4
D/FlymePermissionManager( 6194): third app granted!
V/SettingsInterface( 1425):  from settings cache , name = multi_sim_data_call , value = 2
V/SettingsInterface( 1425):  from settings cache , name = multi_sim_voice_call , value = null
D/FlymePermissionManager(  768): getPackageNameFromPid, charset=UTF-8, pid=6194, orgLength=99, trim line=es.esy.CosyDVR, length=14
D/FlymePermissionManager(  768): uid:10084
D/FlymePermissionManager(  768): pid:6194
D/FlymePermissionManager(  768): privilege:75
D/FlymePermissionManager(  768): es.esy.CosyDVR request...
D/CTACHECK(  768): the third app: es.esy.CosyDVR use permission: Знайдіть
D/FlymePermissionManager(  768): third app check...
D/PermissionControl(  768): noteOperation
V/SettingsInterface(  768):  from settings cache , name = es.esy.CosyDVR_op_75 , value = 4
D/FlymePermissionManager(  768): first get res:4
D/FlymePermissionManager(  768): first get res "NOT!!!" APPOPS_NOT_DEFINE:4
D/FlymePermissionManager(  768): third app granted!
W/DownloadManager( 1001): Aborting request for download 53: download was requested to not use the current network type
D/LocationManagerService(  768): request 26cc9912 gps Request[ACCURACY_FINE gps requested=+250ms fastest=+250ms] from es.esy.CosyDVR(10084)
V/SettingsInterface(  768):  from settings cache , name = location_providers_allowed , value = default
V/SettingsInterface(  768):  from settings cache , name = location_providers_allowed , value = default
V/SettingsInterface(  768):  from settings cache , name = location_providers_allowed , value = default
D/ActivityThread( 6194): SVC-Calling onStartCommand: es.esy.CosyDVR.BackgroundVideoRecorder@28881def, flags=0, startId=1
D/Surface (  236): Surface::setBuffersDimensions(this=0x7f9bdf5e00,w=720,h=1280)
I/libPerfService(  768): perfSetFavorPid - pid:6194, 1832
V/SettingsInterface( 1425):  from settings cache , name = multi_sim_voice_call , value = null
I/SurfaceView( 6194): updateWindow -- onWindowVisibilityChanged, visibility = 0, this = android.view.SurfaceView{31a062f6 V.E..... ......I. 0,0-0,0}
I/BufferQueue(  236): [unnamed-236-423](this:0x7f96cd0000,id:423,api:0,p:-1,c:-1) BufferQueue core=(236:/system/bin/surfaceflinger)
I/BufferQueueConsumer(  236): [unnamed-236-423](this:0x7f96cd0000,id:423,api:0,p:-1,c:236) connect(C): consumer=(236:/system/bin/surfaceflinger) controlledByApp=false
I/BufferQueueConsumer(  236): [unnamed-236-423](this:0x7f96cd0000,id:423,api:0,p:-1,c:236) setConsumerName: unnamed-236-423
I/BufferQueueConsumer(  236): [](this:0x7f96cd0000,id:423,api:0,p:-1,c:236) setConsumerName: 
I/BufferQueueConsumer(  236): [](this:0x7f96cd0000,id:423,api:0,p:-1,c:236) setDefaultBufferSize: width=1 height=1
D/NetworkManagementMz( 2303): SafeWidgetProvider : sSafeWPCount in onReceive is : 0
D/FeatureProxyBase(  768): FeatureProxyBase class constructor
D/MultiWindow(  768): MultiWindowProxy constructor.
D/FeatureProxyBase(  768): getService(), serviceName = multiwindow_service_v1
V/SettingsInterface( 1425):  from settings cache , name = multi_sim_data_call , value = 2
V/SettingsInterface( 1425):  from settings cache , name = multi_sim_voice_call , value = null
W/DownloadManager( 1001): Aborting request for download 54: download was requested to not use the current network type
D/FeatureProxyBase(  768): FeatureProxyBase class constructor
D/MultiWindow(  768): MultiWindowProxy constructor.
D/FeatureProxyBase(  768): getService(), serviceName = multiwindow_service_v1
V/SettingsInterface( 1425):  from settings cache , name = multi_sim_voice_call , value = null
D/FeatureProxyBase(  768): FeatureProxyBase class constructor
D/MultiWindow(  768): MultiWindowProxy constructor.
D/FeatureProxyBase(  768): getService(), serviceName = multiwindow_service_v1
V/SettingsInterface( 1425):  from settings cache , name = multi_sim_data_call , value = 2
I/SurfaceView( 6194): updateWindow -- setFrame, this = android.view.SurfaceView{31a062f6 V.E..... ......ID 0,0-1,1}
D/OpenGLRenderer( 6194): CanvasContext() 0x7f7a826180 initialize 0x7f80a57610
D/Surface ( 6194): Surface::connect(this=0x7f80a57600,api=1)
I/BufferQueueProducer(  236): [](this:0x7f96cd0000,id:423,api:1,p:6194,c:236) connect(P): api=1 producer=(6194:es.esy.CosyDVR) producerControlledByApp=true
I/SurfaceView( 6194): updateWindow -- OnPreDrawListener, mHaveFrame = true, this = android.view.SurfaceView{31a062f6 V.E..... ......ID 0,0-1,1}
I/SurfaceView( 6194): Changes: creating=true format=true size=true visible=true left=true top=true mUpdateWindowNeeded=false mReportDrawNeeded=false redrawNeeded=false forceSizeChanged=true mVisible=false mRequestedVisible=true, this = android.view.SurfaceView{31a062f6 V.E..... ......ID 0,0-1,1}
W/DownloadManager( 1001): Aborting request for download 56: download was requested to not use the current network type
D/mali_winsys( 6194): new_window_surface returns 0x3000
D/Surface ( 6194): Surface::allocateBuffers(this=0x7f80a57600)
D/BufferQueueProducer(  236): [](this:0x7f96cd0000,id:423,api:1,p:6194,c:236) allocateBuffers: allocating from 0 buffers up to 4 buffers
I/[MALI][Gralloc](  236): Usage: 0xb00, format: 0x1 stride: 16 vertical_stride: 1 size: 64
D/GraphicBuffer(  236): alloc, handle(0x7f9b412160) (w:1 h:1 s:16 f:0x1 u:0x000b00) err(0)
I/[MALI][Gralloc](  236): Usage: 0xb00, format: 0x1 stride: 16 vertical_stride: 1 size: 64
D/GraphicBuffer(  236): alloc, handle(0x7f9b412200) (w:1 h:1 s:16 f:0x1 u:0x000b00) err(0)
I/[MALI][Gralloc](  236): Usage: 0xb00, format: 0x1 stride: 16 vertical_stride: 1 size: 64
D/GraphicBuffer(  236): alloc, handle(0x7f9b412520) (w:1 h:1 s:16 f:0x1 u:0x000b00) err(0)
I/[MALI][Gralloc](  236): Usage: 0xb00, format: 0x1 stride: 16 vertical_stride: 1 size: 64
D/GraphicBuffer(  236): alloc, handle(0x7f9b4125c0) (w:1 h:1 s:16 f:0x1 u:0x000b00) err(0)
D/BufferQueueProducer(  236): [](this:0x7f96cd0000,id:423,api:1,p:6194,c:236) allocateBuffers: allocating from 4 buffers up to 4 buffers
I/SurfaceView( 6194): Cur surface: Surface(name=null)/@0x10edc0fc, this = android.view.SurfaceView{31a062f6 V.E..... ......ID 0,0-1,1}
V/SettingsInterface( 1425):  from settings cache , name = multi_sim_voice_call , value = null
D/Surface (  236): Surface::setBuffersDimensions(this=0x7f9bdf5e00,w=720,h=1280)
I/BufferQueue(  236): [unnamed-236-424](this:0x7f96c77000,id:424,api:0,p:-1,c:-1) BufferQueue core=(236:/system/bin/surfaceflinger)
V/SettingsInterface( 1425):  from settings cache , name = multi_sim_voice_call , value = null
I/BufferQueueConsumer(  236): [unnamed-236-424](this:0x7f96c77000,id:424,api:0,p:-1,c:236) connect(C): consumer=(236:/system/bin/surfaceflinger) controlledByApp=false
I/BufferQueueConsumer(  236): [unnamed-236-424](this:0x7f96c77000,id:424,api:0,p:-1,c:236) setConsumerName: unnamed-236-424
I/BufferQueueConsumer(  236): [SurfaceView](this:0x7f96c77000,id:424,api:0,p:-1,c:236) setConsumerName: SurfaceView
I/BufferQueueConsumer(  236): [SurfaceView](this:0x7f96c77000,id:424,api:0,p:-1,c:236) setDefaultBufferSize: width=1 height=1
D/FeatureProxyBase(  768): FeatureProxyBase class constructor
D/MultiWindow(  768): MultiWindowProxy constructor.
D/FeatureProxyBase(  768): getService(), serviceName = multiwindow_service_v1
D/FeatureProxyBase(  768): FeatureProxyBase class constructor
D/MultiWindow(  768): MultiWindowProxy constructor.
D/FeatureProxyBase(  768): getService(), serviceName = multiwindow_service_v1
D/FeatureProxyBase(  768): FeatureProxyBase class constructor
D/MultiWindow(  768): MultiWindowProxy constructor.
D/FeatureProxyBase(  768): getService(), serviceName = multiwindow_service_v1
V/SurfaceView( 6194): this = android.view.SurfaceView{31a062f6 V.E..... ......ID 0,0-1,1} got resized: w=1 h=1, cur w=-1 h=-1
D/FeatureProxyBase(  768): FeatureProxyBase class constructor
D/MultiWindow(  768): MultiWindowProxy constructor.
D/FeatureProxyBase(  768): getService(), serviceName = multiwindow_service_v1
V/SettingsInterface( 1425):  from settings cache , name = multi_sim_voice_call , value = null
I/SurfaceView( 6194): New surface: Surface(name=null)/@0x24f02385, vis=true, frame=Rect(639, 0 - 640, 1), this = android.view.SurfaceView{31a062f6 V.E..... ......ID 0,0-1,1}
I/SurfaceView( 6194): Callback --> surfaceCreated, this = android.view.SurfaceView{31a062f6 V.E..... ......ID 0,0-1,1}
I/SurfaceView( 6194): surfaceCreated callback +, this = android.view.SurfaceView{31a062f6 V.E..... ......ID 0,0-1,1}
I/SurfaceView( 6194): surfaceCreated callback -, this = android.view.SurfaceView{31a062f6 V.E..... ......ID 0,0-1,1}
I/SurfaceView( 6194): surfaceChanged -- format=4 w=1 h=1, this = android.view.SurfaceView{31a062f6 V.E..... ......ID 0,0-1,1}
I/SurfaceView( 6194): surfaceChanged callback +, this = android.view.SurfaceView{31a062f6 V.E..... ......ID 0,0-1,1}
I/SurfaceView( 6194): surfaceChanged callback -, this = android.view.SurfaceView{31a062f6 V.E..... ......ID 0,0-1,1}
I/SurfaceView( 6194): surfaceRedrawNeeded, this = android.view.SurfaceView{31a062f6 V.E..... ......ID 0,0-1,1}
I/SurfaceView( 6194): finishedDrawing, this = android.view.SurfaceView{31a062f6 V.E..... ......ID 0,0-1,1}
D/FeatureProxyBase(  768): FeatureProxyBase class constructor
D/MultiWindow(  768): MultiWindowProxy constructor.
D/FeatureProxyBase(  768): getService(), serviceName = multiwindow_service_v1
V/SettingsInterface( 1425):  from settings cache , name = multi_sim_voice_call , value = null
D/FeatureProxyBase(  768): FeatureProxyBase class constructor
D/MultiWindow(  768): MultiWindowProxy constructor.
D/FeatureProxyBase(  768): getService(), serviceName = multiwindow_service_v1
V/SurfaceView( 6194): Layout: x=0 y=0 w=1 h=1, frame=Rect(0, 0 - 1, 1), this = android.view.SurfaceView{31a062f6 V.E..... ......ID 0,0-1,1}
D/Surface (  236): Surface::setBuffersDimensions(this=0x7f9bdf5e00,w=720,h=1280)
D/FeatureProxyBase(  768): FeatureProxyBase class constructor
D/MultiWindow(  768): MultiWindowProxy constructor.
D/FeatureProxyBase(  768): getService(), serviceName = multiwindow_service_v1
D/FeatureProxyBase(  768): FeatureProxyBase class constructor
D/MultiWindow(  768): MultiWindowProxy constructor.
D/FeatureProxyBase(  768): getService(), serviceName = multiwindow_service_v1
V/SettingsInterface( 1425):  from settings cache , name = multi_sim_voice_call , value = null
I/BufferQueue(  236): [unnamed-236-425](this:0x7f96c7b000,id:425,api:0,p:-1,c:-1) BufferQueue core=(236:/system/bin/surfaceflinger)
I/BufferQueueConsumer(  236): [unnamed-236-425](this:0x7f96c7b000,id:425,api:0,p:-1,c:236) connect(C): consumer=(236:/system/bin/surfaceflinger) controlledByApp=false
I/BufferQueueConsumer(  236): [unnamed-236-425](this:0x7f96c7b000,id:425,api:0,p:-1,c:236) setConsumerName: unnamed-236-425
I/BufferQueueConsumer(  236): [](this:0x7f96c7b000,id:425,api:0,p:-1,c:236) setConsumerName: 
I/BufferQueueConsumer(  236): [](this:0x7f96c7b000,id:425,api:0,p:-1,c:236) setDefaultBufferSize: width=1 height=1
D/FeatureProxyBase(  768): FeatureProxyBase class constructor
D/MultiWindow(  768): MultiWindowProxy constructor.
D/FeatureProxyBase(  768): getService(), serviceName = multiwindow_service_v1
D/FeatureProxyBase(  768): FeatureProxyBase class constructor
D/MultiWindow(  768): MultiWindowProxy constructor.
D/FeatureProxyBase(  768): getService(), serviceName = multiwindow_service_v1
V/SettingsInterface( 1425):  from settings cache , name = multi_sim_voice_call , value = null
V/SettingsInterface( 1425):  from settings cache , name = multi_sim_voice_call , value = null
V/SettingsInterface( 1425):  from settings cache , name = multi_sim_voice_call , value = null
I/BufferQueueConsumer(  236): [](this:0x7f96c7b000,id:425,api:0,p:-1,c:236) setDefaultBufferSize: width=16 height=41
D/Surface (  236): Surface::setBuffersDimensions(this=0x7f9bdf5e00,w=720,h=1280)
D/FeatureProxyBase(  768): FeatureProxyBase class constructor
D/MultiWindow(  768): MultiWindowProxy constructor.
D/FeatureProxyBase(  768): getService(), serviceName = multiwindow_service_v1
D/FeatureProxyBase(  768): FeatureProxyBase class constructor
D/MultiWindow(  768): MultiWindowProxy constructor.
D/FeatureProxyBase(  768): getService(), serviceName = multiwindow_service_v1
D/FeatureProxyBase(  768): FeatureProxyBase class constructor
D/MultiWindow(  768): MultiWindowProxy constructor.
D/FeatureProxyBase(  768): getService(), serviceName = multiwindow_service_v1
D/FeatureProxyBase(  768): FeatureProxyBase class constructor
D/MultiWindow(  768): MultiWindowProxy constructor.
D/FeatureProxyBase(  768): getService(), serviceName = multiwindow_service_v1
D/OpenGLRenderer( 6194): CanvasContext() 0x7f7a826400 initialize 0x7f80a59210
D/Surface ( 6194): Surface::connect(this=0x7f80a59200,api=1)
I/BufferQueueProducer(  236): [](this:0x7f96c7b000,id:425,api:1,p:6194,c:236) connect(P): api=1 producer=(6194:es.esy.CosyDVR) producerControlledByApp=true
D/mali_winsys( 6194): new_window_surface returns 0x3000
D/Surface ( 6194): Surface::allocateBuffers(this=0x7f80a59200)
D/BufferQueueProducer(  236): [](this:0x7f96c7b000,id:425,api:1,p:6194,c:236) allocateBuffers: allocating from 0 buffers up to 4 buffers
I/[MALI][Gralloc](  236): Usage: 0xb00, format: 0x1 stride: 16 vertical_stride: 41 size: 2624
D/GraphicBuffer(  236): alloc, handle(0x7f9b412ac0) (w:16 h:41 s:16 f:0x1 u:0x000b00) err(0)
I/[MALI][Gralloc](  236): Usage: 0xb00, format: 0x1 stride: 16 vertical_stride: 41 size: 2624
D/GraphicBuffer(  236): alloc, handle(0x7f9b412de0) (w:16 h:41 s:16 f:0x1 u:0x000b00) err(0)
I/[MALI][Gralloc](  236): Usage: 0xb00, format: 0x1 stride: 16 vertical_stride: 41 size: 2624
D/GraphicBuffer(  236): alloc, handle(0x7f9b413060) (w:16 h:41 s:16 f:0x1 u:0x000b00) err(0)
I/[MALI][Gralloc](  236): Usage: 0xb00, format: 0x1 stride: 16 vertical_stride: 41 size: 2624
D/GraphicBuffer(  236): alloc, handle(0x7f9b413100) (w:16 h:41 s:16 f:0x1 u:0x000b00) err(0)
D/BufferQueueProducer(  236): [](this:0x7f96c7b000,id:425,api:1,p:6194,c:236) allocateBuffers: allocating from 4 buffers up to 4 buffers
I/BufferQueue(  236): [unnamed-236-426](this:0x7f96c47000,id:426,api:0,p:-1,c:-1) BufferQueue core=(236:/system/bin/surfaceflinger)
I/BufferQueueConsumer(  236): [unnamed-236-426](this:0x7f96c47000,id:426,api:0,p:-1,c:236) connect(C): consumer=(236:/system/bin/surfaceflinger) controlledByApp=false
I/BufferQueueConsumer(  236): [unnamed-236-426](this:0x7f96c47000,id:426,api:0,p:-1,c:236) setConsumerName: unnamed-236-426
I/BufferQueueConsumer(  236): [](this:0x7f96c47000,id:426,api:0,p:-1,c:236) setConsumerName: 
I/BufferQueueConsumer(  236): [](this:0x7f96c47000,id:426,api:0,p:-1,c:236) setDefaultBufferSize: width=1 height=1
D/FeatureProxyBase(  768): FeatureProxyBase class constructor
D/MultiWindow(  768): MultiWindowProxy constructor.
D/FeatureProxyBase(  768): getService(), serviceName = multiwindow_service_v1
V/SettingsInterface( 1425):  from settings cache , name = multi_sim_voice_call , value = null
D/FeatureProxyBase(  768): FeatureProxyBase class constructor
D/MultiWindow(  768): MultiWindowProxy constructor.
D/FeatureProxyBase(  768): getService(), serviceName = multiwindow_service_v1
V/SettingsInterface( 1425):  from settings cache , name = multi_sim_voice_call , value = null
I/BufferQueueConsumer(  236): [](this:0x7f96c47000,id:426,api:0,p:-1,c:236) setDefaultBufferSize: width=99 height=159
D/FeatureProxyBase(  768): FeatureProxyBase class constructor
D/Surface (  236): Surface::setBuffersDimensions(this=0x7f9bdf5e00,w=720,h=1280)
D/MultiWindow(  768): MultiWindowProxy constructor.
D/FeatureProxyBase(  768): getService(), serviceName = multiwindow_service_v1
D/FeatureProxyBase(  768): FeatureProxyBase class constructor
D/MultiWindow(  768): MultiWindowProxy constructor.
D/FeatureProxyBase(  768): getService(), serviceName = multiwindow_service_v1
D/FeatureProxyBase(  768): FeatureProxyBase class constructor
D/MultiWindow(  768): MultiWindowProxy constructor.
D/FeatureProxyBase(  768): getService(), serviceName = multiwindow_service_v1
D/FeatureProxyBase(  768): FeatureProxyBase class constructor
D/MultiWindow(  768): MultiWindowProxy constructor.
D/FeatureProxyBase(  768): getService(), serviceName = multiwindow_service_v1
D/OpenGLRenderer( 6194): CanvasContext() 0x7f7a826540 initialize 0x7f80a5a010
D/Surface ( 6194): Surface::connect(this=0x7f80a5a000,api=1)
I/BufferQueueProducer(  236): [](this:0x7f96c47000,id:426,api:1,p:6194,c:236) connect(P): api=1 producer=(6194:es.esy.CosyDVR) producerControlledByApp=true
D/mali_winsys( 6194): new_window_surface returns 0x3000
D/Surface ( 6194): Surface::allocateBuffers(this=0x7f80a5a000)
D/BufferQueueProducer(  236): [](this:0x7f96c47000,id:426,api:1,p:6194,c:236) allocateBuffers: allocating from 0 buffers up to 4 buffers
I/[MALI][Gralloc](  236): Usage: 0xb00, format: 0x1 stride: 112 vertical_stride: 159 size: 71232
D/GraphicBuffer(  236): alloc, handle(0x7f9b412b60) (w:99 h:159 s:112 f:0x1 u:0x000b00) err(0)
I/[MALI][Gralloc](  236): Usage: 0xb00, format: 0x1 stride: 112 vertical_stride: 159 size: 71232
D/GraphicBuffer(  236): alloc, handle(0x7f96d14700) (w:99 h:159 s:112 f:0x1 u:0x000b00) err(0)
I/[MALI][Gralloc](  236): Usage: 0xb00, format: 0x1 stride: 112 vertical_stride: 159 size: 71232
D/GraphicBuffer(  236): alloc, handle(0x7f96d8f9c0) (w:99 h:159 s:112 f:0x1 u:0x000b00) err(0)
I/[MALI][Gralloc](  236): Usage: 0xb00, format: 0x1 stride: 112 vertical_stride: 159 size: 71232
D/GraphicBuffer(  236): alloc, handle(0x7f96dc8d40) (w:99 h:159 s:112 f:0x1 u:0x000b00) err(0)
D/BufferQueueProducer(  236): [](this:0x7f96c47000,id:426,api:1,p:6194,c:236) allocateBuffers: allocating from 4 buffers up to 4 buffers
V/SettingsInterface( 1425):  from settings cache , name = multi_sim_voice_call , value = null
I/BufferQueue(  236): [unnamed-236-427](this:0x7f96d4e000,id:427,api:0,p:-1,c:-1) BufferQueue core=(236:/system/bin/surfaceflinger)
I/BufferQueueConsumer(  236): [unnamed-236-427](this:0x7f96d4e000,id:427,api:0,p:-1,c:236) connect(C): consumer=(236:/system/bin/surfaceflinger) controlledByApp=false
I/BufferQueueConsumer(  236): [unnamed-236-427](this:0x7f96d4e000,id:427,api:0,p:-1,c:236) setConsumerName: unnamed-236-427
I/BufferQueueConsumer(  236): [](this:0x7f96d4e000,id:427,api:0,p:-1,c:236) setConsumerName: 
I/BufferQueueConsumer(  236): [](this:0x7f96d4e000,id:427,api:0,p:-1,c:236) setDefaultBufferSize: width=1 height=1
D/FeatureProxyBase(  768): FeatureProxyBase class constructor
D/MultiWindow(  768): MultiWindowProxy constructor.
D/FeatureProxyBase(  768): getService(), serviceName = multiwindow_service_v1
D/FeatureProxyBase(  768): FeatureProxyBase class constructor
D/MultiWindow(  768): MultiWindowProxy constructor.
D/FeatureProxyBase(  768): getService(), serviceName = multiwindow_service_v1
V/SettingsInterface( 1425):  from settings cache , name = multi_sim_voice_call , value = null
I/BufferQueueConsumer(  236): [](this:0x7f96d4e000,id:427,api:0,p:-1,c:236) setDefaultBufferSize: width=1 height=226
V/SettingsInterface( 1425):  from settings cache , name = multi_sim_voice_call , value = null
I/PerfService(  236): PerfServiceNative_notifyDisplayType:0
D/FeatureProxyBase(  768): FeatureProxyBase class constructor
D/PerfServiceManager(  768): [PerfService] notifyDisplayType:0 
D/MultiWindow(  768): MultiWindowProxy constructor.
D/FeatureProxyBase(  768): getService(), serviceName = multiwindow_service_v1
D/Surface (  236): Surface::setBuffersDimensions(this=0x7f9bdf5e00,w=720,h=1280)
D/FeatureProxyBase(  768): FeatureProxyBase class constructor
D/MultiWindow(  768): MultiWindowProxy constructor.
D/FeatureProxyBase(  768): getService(), serviceName = multiwindow_service_v1
D/FeatureProxyBase(  768): FeatureProxyBase class constructor
D/MultiWindow(  768): MultiWindowProxy constructor.
D/FeatureProxyBase(  768): getService(), serviceName = multiwindow_service_v1
V/SettingsInterface( 1425):  from settings cache , name = multi_sim_voice_call , value = null
D/FeatureProxyBase(  768): FeatureProxyBase class constructor
D/MultiWindow(  768): MultiWindowProxy constructor.
D/FeatureProxyBase(  768): getService(), serviceName = multiwindow_service_v1
D/OpenGLRenderer( 6194): CanvasContext() 0x7f7a826680 initialize 0x7f80a5ae10
D/Surface ( 6194): Surface::connect(this=0x7f80a5ae00,api=1)
I/BufferQueueProducer(  236): [](this:0x7f96d4e000,id:427,api:1,p:6194,c:236) connect(P): api=1 producer=(6194:es.esy.CosyDVR) producerControlledByApp=true
D/mali_winsys( 6194): new_window_surface returns 0x3000
D/Surface ( 6194): Surface::allocateBuffers(this=0x7f80a5ae00)
D/BufferQueueProducer(  236): [](this:0x7f96d4e000,id:427,api:1,p:6194,c:236) allocateBuffers: allocating from 0 buffers up to 4 buffers
I/[MALI][Gralloc](  236): Usage: 0xb00, format: 0x1 stride: 16 vertical_stride: 226 size: 14464
D/GraphicBuffer(  236): alloc, handle(0x7f96dc8de0) (w:1 h:226 s:16 f:0x1 u:0x000b00) err(0)
I/[MALI][Gralloc](  236): Usage: 0xb00, format: 0x1 stride: 16 vertical_stride: 226 size: 14464
D/GraphicBuffer(  236): alloc, handle(0x7f96dc8e80) (w:1 h:226 s:16 f:0x1 u:0x000b00) err(0)
I/[MALI][Gralloc](  236): Usage: 0xb00, format: 0x1 stride: 16 vertical_stride: 226 size: 14464
D/GraphicBuffer(  236): alloc, handle(0x7f96dc8f20) (w:1 h:226 s:16 f:0x1 u:0x000b00) err(0)
I/[MALI][Gralloc](  236): Usage: 0xb00, format: 0x1 stride: 16 vertical_stride: 226 size: 14464
D/GraphicBuffer(  236): alloc, handle(0x7f96dc8fc0) (w:1 h:226 s:16 f:0x1 u:0x000b00) err(0)
D/BufferQueueProducer(  236): [](this:0x7f96d4e000,id:427,api:1,p:6194,c:236) allocateBuffers: allocating from 4 buffers up to 4 buffers
D/FeatureProxyBase(  768): FeatureProxyBase class constructor
D/MultiWindow(  768): MultiWindowProxy constructor.
D/FeatureProxyBase(  768): getService(), serviceName = multiwindow_service_v1
V/SettingsInterface( 1425):  from settings cache , name = multi_sim_voice_call , value = null
I/BufferQueueConsumer(  236): [](this:0x7f96cd0000,id:423,api:1,p:6194,c:236) setDefaultBufferSize: width=1148 height=646
D/SurfaceFlinger(  236): Skip composition.
D/FeatureProxyBase(  768): FeatureProxyBase class constructor
D/MultiWindow(  768): MultiWindowProxy constructor.
D/FeatureProxyBase(  768): getService(), serviceName = multiwindow_service_v1
D/FeatureProxyBase(  768): FeatureProxyBase class constructor
D/MultiWindow(  768): MultiWindowProxy constructor.
D/FeatureProxyBase(  768): getService(), serviceName = multiwindow_service_v1
V/SettingsInterface( 1425):  from settings cache , name = multi_sim_voice_call , value = null
D/FeatureProxyBase(  768): FeatureProxyBase class constructor
D/MultiWindow(  768): MultiWindowProxy constructor.
D/FeatureProxyBase(  768): getService(), serviceName = multiwindow_service_v1
D/FeatureProxyBase(  768): FeatureProxyBase class constructor
D/MultiWindow(  768): MultiWindowProxy constructor.
D/FeatureProxyBase(  768): getService(), serviceName = multiwindow_service_v1
V/SettingsInterface( 1425):  from settings cache , name = multi_sim_voice_call , value = null
D/Surface ( 6194): Surface::disconnect(this=0x7f80a57600,api=1)
I/BufferQueueProducer(  236): [](this:0x7f96cd0000,id:423,api:1,p:-1,c:236) disconnect(P): api 1
D/GraphicBuffer(  236): free, handle(0x7f9b412160) (w:1 h:1 s:16 f:0x1 u:0x000b00)
D/GraphicBuffer(  236): free, handle(0x7f9b412200) (w:1 h:1 s:16 f:0x1 u:0x000b00)
D/GraphicBuffer(  236): free, handle(0x7f9b412520) (w:1 h:1 s:16 f:0x1 u:0x000b00)
D/GraphicBuffer(  236): free, handle(0x7f9b4125c0) (w:1 h:1 s:16 f:0x1 u:0x000b00)
I/BufferQueueConsumer(  236): [](this:0x7f96cd0000,id:423,api:1,p:-1,c:236) getReleasedBuffers: returning mask 0xffffffffffffffff
D/Surface ( 6194): Surface::connect(this=0x7f80a57600,api=1)
I/BufferQueueProducer(  236): [](this:0x7f96cd0000,id:423,api:1,p:6194,c:236) connect(P): api=1 producer=(6194:es.esy.CosyDVR) producerControlledByApp=true
D/mali_winsys( 6194): new_window_surface returns 0x3000
I/SurfaceView( 6194): updateWindow -- setFrame, this = android.view.SurfaceView{31a062f6 V.E..... ......ID 0,0-1148,646}
I/SurfaceView( 6194): Changes: creating=false format=false size=true visible=false left=false top=false mUpdateWindowNeeded=true mReportDrawNeeded=true redrawNeeded=false forceSizeChanged=true mVisible=true mRequestedVisible=true, this = android.view.SurfaceView{31a062f6 V.E..... ......ID 0,0-1148,646}
I/SurfaceView( 6194): Cur surface: Surface(name=null)/@0x10edc0fc, this = android.view.SurfaceView{31a062f6 V.E..... ......ID 0,0-1148,646}
D/FeatureProxyBase(  768): FeatureProxyBase class constructor
D/MultiWindow(  768): MultiWindowProxy constructor.
D/FeatureProxyBase(  768): getService(), serviceName = multiwindow_service_v1
I/BufferQueueConsumer(  236): [SurfaceView](this:0x7f96c77000,id:424,api:0,p:-1,c:236) setDefaultBufferSize: width=1148 height=646
V/SurfaceView( 6194): this = android.view.SurfaceView{31a062f6 V.E..... ......ID 0,0-1148,646} got resized: w=1148 h=646, cur w=-1 h=-1
D/SurfaceFlinger(  236): Skip composition.
V/SettingsInterface( 1425):  from settings cache , name = multi_sim_voice_call , value = null
D/FeatureProxyBase(  768): FeatureProxyBase class constructor
D/MultiWindow(  768): MultiWindowProxy constructor.
D/FeatureProxyBase(  768): getService(), serviceName = multiwindow_service_v1
I/DownloadManager( 1001): Initiating request for download 72
D/Proxy   ( 1001): prefProxy:DIRECT@
D/FeatureProxyBase(  768): FeatureProxyBase class constructor
D/MultiWindow(  768): MultiWindowProxy constructor.
D/FeatureProxyBase(  768): getService(), serviceName = multiwindow_service_v1
I/System.out( 1001): httpget:https://mail.google.com/mail/g/?version=25&clientVersion=25&view=att&messageId=1556859486484600974&partId=0.4&maxWidth=640&maxHeight=256&showOriginal=1
I/DownloadManager( 1001): Initiating request for download 57
D/Proxy   ( 1001): prefProxy:DIRECT@
I/System.out( 1001): httpget:https://www.gstatic.com/gsa_dynamic_updates/JpTtRmeGLRVaeRBzGJh7uaw.br.jar
I/DownloadManager( 1001): Initiating request for download 52
D/Proxy   ( 1001): prefProxy:DIRECT@
I/System.out( 1001): httpget:https://www.gstatic.com/gsa_dynamic_updates/JO3pcpXD4wzhrJH4zXwtkZw.br.jar
D/FeatureProxyBase(  768): FeatureProxyBase class constructor
D/MultiWindow(  768): MultiWindowProxy constructor.
D/FeatureProxyBase(  768): getService(), serviceName = multiwindow_service_v1
D/FeatureProxyBase(  768): FeatureProxyBase class constructor
D/MultiWindow(  768): MultiWindowProxy constructor.
D/FeatureProxyBase(  768): getService(), serviceName = multiwindow_service_v1
V/SettingsInterface( 1425):  from settings cache , name = multi_sim_voice_call , value = null
I/SurfaceView( 6194): New surface: Surface(name=null)/@0x24f02385, vis=true, frame=Rect(66, 0 - 1214, 646), this = android.view.SurfaceView{31a062f6 V.E..... ......ID 0,0-1148,646}
I/SurfaceView( 6194): surfaceChanged -- format=4 w=1148 h=646, this = android.view.SurfaceView{31a062f6 V.E..... ......ID 0,0-1148,646}
I/SurfaceView( 6194): surfaceChanged callback +, this = android.view.SurfaceView{31a062f6 V.E..... ......ID 0,0-1148,646}
I/SurfaceView( 6194): surfaceChanged callback -, this = android.view.SurfaceView{31a062f6 V.E..... ......ID 0,0-1148,646}
I/SurfaceView( 6194): surfaceRedrawNeeded, this = android.view.SurfaceView{31a062f6 V.E..... ......ID 0,0-1148,646}
I/SurfaceView( 6194): finishedDrawing, this = android.view.SurfaceView{31a062f6 V.E..... ......ID 0,0-1148,646}
V/SurfaceView( 6194): Layout: x=0 y=0 w=1148 h=646, frame=Rect(0, 0 - 1148, 646), this = android.view.SurfaceView{31a062f6 V.E..... ......ID 0,0-1148,646}
I/SurfaceView( 6194): updateWindow -- OnPreDrawListener, mHaveFrame = true, this = android.view.SurfaceView{31a062f6 V.E..... ......ID 0,0-1148,646}
I/SurfaceView( 6194): Punch a hole(dispatchDraw), w = 1148, h = 646, this = android.view.SurfaceView{31a062f6 V.E..... ........ 0,0-1148,646}
D/Surface ( 6194): Surface::setBuffersDimensions(this=0x7f80a57600,w=646,h=1148)
I/BufferQueueProducer(  236): [](this:0x7f96cd0000,id:423,api:1,p:6194,c:236) new GraphicBuffer needed
I/[MALI][Gralloc](  236): Usage: 0xb00, format: 0x1 stride: 656 vertical_stride: 1148 size: 3012352
D/GraphicBuffer(  236): alloc, handle(0x7f96dc9060) (w:646 h:1148 s:656 f:0x1 u:0x000b00) err(0)
D/GraphicBuffer( 6194): register, handle(0x7f7abcba20) (w:646 h:1148 s:656 f:0x1 u:0x000b00)
V/SettingsInterface( 1425):  from settings cache , name = multi_sim_voice_call , value = null
V/SettingsInterface( 1425):  from settings cache , name = multi_sim_voice_call , value = null
D/FeatureProxyBase(  768): FeatureProxyBase class constructor
D/Surface ( 6194): Surface::setBuffersDimensions(this=0x7f80a59200,w=41,h=16)
D/MultiWindow(  768): MultiWindowProxy constructor.
D/FeatureProxyBase(  768): getService(), serviceName = multiwindow_service_v1
I/BufferQueueProducer(  236): [](this:0x7f96c7b000,id:425,api:1,p:6194,c:236) new GraphicBuffer needed
D/GraphicBuffer(  236): free, handle(0x7f9b412ac0) (w:16 h:41 s:16 f:0x1 u:0x000b00)
I/[MALI][Gralloc](  236): Usage: 0xb00, format: 0x1 stride: 48 vertical_stride: 16 size: 3072
D/GraphicBuffer(  236): alloc, handle(0x7f9b412ac0) (w:41 h:16 s:48 f:0x1 u:0x000b00) err(0)
D/GraphicBuffer( 6194): register, handle(0x7f6ac5c520) (w:41 h:16 s:48 f:0x1 u:0x000b00)
D/FeatureProxyBase(  768): FeatureProxyBase class constructor
D/MultiWindow(  768): MultiWindowProxy constructor.
D/FeatureProxyBase(  768): getService(), serviceName = multiwindow_service_v1
D/Surface (  236): Surface::setBuffersDimensions(this=0x7f9bdf5e00,w=720,h=1280)
W/DownloadManager( 1001): Aborting request for download 72: download was requested to not use the current network type
D/FeatureProxyBase(  768): FeatureProxyBase class constructor
D/MultiWindow(  768): MultiWindowProxy constructor.
D/FeatureProxyBase(  768): getService(), serviceName = multiwindow_service_v1
D/FeatureProxyBase(  768): FeatureProxyBase class constructor
D/MultiWindow(  768): MultiWindowProxy constructor.
D/FeatureProxyBase(  768): getService(), serviceName = multiwindow_service_v1
V/SettingsInterface( 1425):  from settings cache , name = multi_sim_voice_call , value = null
V/SettingsInterface( 1425):  from settings cache , name = multi_sim_voice_call , value = null
V/SettingsInterface( 1425):  from settings cache , name = multi_sim_voice_call , value = null
V/SettingsInterface( 1425):  from settings cache , name = multi_sim_data_call , value = 2
W/DownloadManager( 1001): Aborting request for download 57: download was requested to not use the current network type
D/SurfaceFlinger(  236): Skip composition.
V/SettingsInterface( 1425):  from settings cache , name = multi_sim_voice_call , value = null
V/SettingsInterface( 1425):  from settings cache , name = multi_sim_voice_call , value = null
V/SettingsInterface( 1425):  from settings cache , name = multi_sim_data_call , value = 2
W/DownloadManager( 1001): Aborting request for download 52: download was requested to not use the current network type
V/SettingsInterface( 1425):  from settings cache , name = multi_sim_voice_call , value = null
D/Surface ( 6194): Surface::setBuffersDimensions(this=0x7f80a5a000,w=159,h=99)
I/BufferQueueProducer(  236): [](this:0x7f96c47000,id:426,api:1,p:6194,c:236) new GraphicBuffer needed
D/GraphicBuffer(  236): free, handle(0x7f9b412b60) (w:99 h:159 s:112 f:0x1 u:0x000b00)
D/FeatureProxyBase(  768): FeatureProxyBase class constructor
I/[MALI][Gralloc](  236): Usage: 0xb00, format: 0x1 stride: 160 vertical_stride: 99 size: 63360
D/GraphicBuffer(  236): alloc, handle(0x7f9b412b60) (w:159 h:99 s:160 f:0x1 u:0x000b00) err(0)
